Archive member included to satisfy reference by file (symbol)

C:/ST/STM32CubeIDE_1.16.0/STM32CubeIDE/plugins/com.st.stm32cube.ide.mcu.externaltools.gnu-tools-for-stm32.12.3.rel1.win32_1.0.200.202406191623/tools/bin/../lib/gcc/arm-none-eabi/12.3.1/../../../../arm-none-eabi/lib/thumb/v7-m/nofp\libc_nano.a(libc_a-exit.o)
                              C:/ST/STM32CubeIDE_1.16.0/STM32CubeIDE/plugins/com.st.stm32cube.ide.mcu.externaltools.gnu-tools-for-stm32.12.3.rel1.win32_1.0.200.202406191623/tools/bin/../lib/gcc/arm-none-eabi/12.3.1/../../../../arm-none-eabi/lib/thumb/v7-m/nofp/crt0.o (exit)
C:/ST/STM32CubeIDE_1.16.0/STM32CubeIDE/plugins/com.st.stm32cube.ide.mcu.externaltools.gnu-tools-for-stm32.12.3.rel1.win32_1.0.200.202406191623/tools/bin/../lib/gcc/arm-none-eabi/12.3.1/../../../../arm-none-eabi/lib/thumb/v7-m/nofp\libc_nano.a(libc_a-findfp.o)
                              ./Middlewares/FreeRTOS/tasks.o (__sf)
C:/ST/STM32CubeIDE_1.16.0/STM32CubeIDE/plugins/com.st.stm32cube.ide.mcu.externaltools.gnu-tools-for-stm32.12.3.rel1.win32_1.0.200.202406191623/tools/bin/../lib/gcc/arm-none-eabi/12.3.1/../../../../arm-none-eabi/lib/thumb/v7-m/nofp\libc_nano.a(libc_a-fwalk.o)
                              C:/ST/STM32CubeIDE_1.16.0/STM32CubeIDE/plugins/com.st.stm32cube.ide.mcu.externaltools.gnu-tools-for-stm32.12.3.rel1.win32_1.0.200.202406191623/tools/bin/../lib/gcc/arm-none-eabi/12.3.1/../../../../arm-none-eabi/lib/thumb/v7-m/nofp\libc_nano.a(libc_a-findfp.o) (_fwalk_sglue)
C:/ST/STM32CubeIDE_1.16.0/STM32CubeIDE/plugins/com.st.stm32cube.ide.mcu.externaltools.gnu-tools-for-stm32.12.3.rel1.win32_1.0.200.202406191623/tools/bin/../lib/gcc/arm-none-eabi/12.3.1/../../../../arm-none-eabi/lib/thumb/v7-m/nofp\libc_nano.a(libc_a-sprintf.o)
                              ./user_api/api.o (sprintf)
C:/ST/STM32CubeIDE_1.16.0/STM32CubeIDE/plugins/com.st.stm32cube.ide.mcu.externaltools.gnu-tools-for-stm32.12.3.rel1.win32_1.0.200.202406191623/tools/bin/../lib/gcc/arm-none-eabi/12.3.1/../../../../arm-none-eabi/lib/thumb/v7-m/nofp\libc_nano.a(libc_a-stdio.o)
                              C:/ST/STM32CubeIDE_1.16.0/STM32CubeIDE/plugins/com.st.stm32cube.ide.mcu.externaltools.gnu-tools-for-stm32.12.3.rel1.win32_1.0.200.202406191623/tools/bin/../lib/gcc/arm-none-eabi/12.3.1/../../../../arm-none-eabi/lib/thumb/v7-m/nofp\libc_nano.a(libc_a-findfp.o) (__sread)
C:/ST/STM32CubeIDE_1.16.0/STM32CubeIDE/plugins/com.st.stm32cube.ide.mcu.externaltools.gnu-tools-for-stm32.12.3.rel1.win32_1.0.200.202406191623/tools/bin/../lib/gcc/arm-none-eabi/12.3.1/../../../../arm-none-eabi/lib/thumb/v7-m/nofp\libc_nano.a(libc_a-memset.o)
                              C:/ST/STM32CubeIDE_1.16.0/STM32CubeIDE/plugins/com.st.stm32cube.ide.mcu.externaltools.gnu-tools-for-stm32.12.3.rel1.win32_1.0.200.202406191623/tools/bin/../lib/gcc/arm-none-eabi/12.3.1/../../../../arm-none-eabi/lib/thumb/v7-m/nofp/crt0.o (memset)
C:/ST/STM32CubeIDE_1.16.0/STM32CubeIDE/plugins/com.st.stm32cube.ide.mcu.externaltools.gnu-tools-for-stm32.12.3.rel1.win32_1.0.200.202406191623/tools/bin/../lib/gcc/arm-none-eabi/12.3.1/../../../../arm-none-eabi/lib/thumb/v7-m/nofp\libc_nano.a(libc_a-closer.o)
                              C:/ST/STM32CubeIDE_1.16.0/STM32CubeIDE/plugins/com.st.stm32cube.ide.mcu.externaltools.gnu-tools-for-stm32.12.3.rel1.win32_1.0.200.202406191623/tools/bin/../lib/gcc/arm-none-eabi/12.3.1/../../../../arm-none-eabi/lib/thumb/v7-m/nofp\libc_nano.a(libc_a-stdio.o) (_close_r)
C:/ST/STM32CubeIDE_1.16.0/STM32CubeIDE/plugins/com.st.stm32cube.ide.mcu.externaltools.gnu-tools-for-stm32.12.3.rel1.win32_1.0.200.202406191623/tools/bin/../lib/gcc/arm-none-eabi/12.3.1/../../../../arm-none-eabi/lib/thumb/v7-m/nofp\libc_nano.a(libc_a-reent.o)
                              ./Middlewares/FreeRTOS/tasks.o (_reclaim_reent)
C:/ST/STM32CubeIDE_1.16.0/STM32CubeIDE/plugins/com.st.stm32cube.ide.mcu.externaltools.gnu-tools-for-stm32.12.3.rel1.win32_1.0.200.202406191623/tools/bin/../lib/gcc/arm-none-eabi/12.3.1/../../../../arm-none-eabi/lib/thumb/v7-m/nofp\libc_nano.a(libc_a-impure.o)
                              ./Middlewares/FreeRTOS/tasks.o (_impure_ptr)
C:/ST/STM32CubeIDE_1.16.0/STM32CubeIDE/plugins/com.st.stm32cube.ide.mcu.externaltools.gnu-tools-for-stm32.12.3.rel1.win32_1.0.200.202406191623/tools/bin/../lib/gcc/arm-none-eabi/12.3.1/../../../../arm-none-eabi/lib/thumb/v7-m/nofp\libc_nano.a(libc_a-lseekr.o)
                              C:/ST/STM32CubeIDE_1.16.0/STM32CubeIDE/plugins/com.st.stm32cube.ide.mcu.externaltools.gnu-tools-for-stm32.12.3.rel1.win32_1.0.200.202406191623/tools/bin/../lib/gcc/arm-none-eabi/12.3.1/../../../../arm-none-eabi/lib/thumb/v7-m/nofp\libc_nano.a(libc_a-stdio.o) (_lseek_r)
C:/ST/STM32CubeIDE_1.16.0/STM32CubeIDE/plugins/com.st.stm32cube.ide.mcu.externaltools.gnu-tools-for-stm32.12.3.rel1.win32_1.0.200.202406191623/tools/bin/../lib/gcc/arm-none-eabi/12.3.1/../../../../arm-none-eabi/lib/thumb/v7-m/nofp\libc_nano.a(libc_a-readr.o)
[...]
Memory Configuration

Name             Origin             Length             Attributes
RAM              0x20000000         0x00005000         xrw
FLASH            0x08000000         0x00020000         xr
*default*        0x00000000         0xffffffff

Linker script and memory map

LOAD C:/ST/STM32CubeIDE_1.16.0/STM32CubeIDE/plugins/com.st.stm32cube.ide.mcu.externaltools.gnu-tools-for-stm32.12.3.rel1.win32_1.0.200.202406191623/tools/bin/../lib/gcc/arm-none-eabi/12.3.1/thumb/v7-m/nofp/crti.o
LOAD C:/ST/STM32CubeIDE_1.16.0/STM32CubeIDE/plugins/com.st.stm32cube.ide.mcu.externaltools.gnu-tools-for-stm32.12.3.rel1.win32_1.0.200.202406191623/tools/bin/../lib/gcc/arm-none-eabi/12.3.1/thumb/v7-m/nofp/crtbegin.o
LOAD C:/ST/STM32CubeIDE_1.16.0/STM32CubeIDE/plugins/com.st.stm32cube.ide.mcu.externaltools.gnu-tools-for-stm32.12.3.rel1.win32_1.0.200.202406191623/tools/bin/../lib/gcc/arm-none-eabi/12.3.1/../../../../arm-none-eabi/lib/thumb/v7-m/nofp/crt0.o
LOAD ./Core/Src/freertos.o
LOAD ./Core/Src/main.o
LOAD ./Core/Src/stm32f1xx_hal_msp.o
LOAD ./Core/Src/stm32f1xx_hal_timebase_tim.o
LOAD ./Core/Src/stm32f1xx_it.o
LOAD ./Core/Src/syscalls.o
LOAD ./Core/Src/sysmem.o
LOAD ./Core/Src/system_stm32f1xx.o
LOAD ./Core/Startup/startup_stm32f103cbtx.o
LOAD ./Drivers/STM32F1xx_HAL_Driver/stm32f1xx_hal.o
LOAD ./Drivers/STM32F1xx_HAL_Driver/stm32f1xx_hal_can.o
LOAD ./Drivers/STM32F1xx_HAL_Driver/stm32f1xx_hal_cortex.o
LOAD ./Drivers/STM32F1xx_HAL_Driver/stm32f1xx_hal_dma.o
LOAD ./Drivers/STM32F1xx_HAL_Driver/stm32f1xx_hal_exti.o
LOAD ./Drivers/STM32F1xx_HAL_Driver/stm32f1xx_hal_flash.o
LOAD ./Drivers/STM32F1xx_HAL_Driver/stm32f1xx_hal_flash_ex.o
LOAD ./Drivers/STM32F1xx_HAL_Driver/stm32f1xx_hal_gpio.o
LOAD ./Drivers/STM32F1xx_HAL_Driver/stm32f1xx_hal_gpio_ex.o
LOAD ./Drivers/STM32F1xx_HAL_Driver/stm32f1xx_hal_i2c.o
LOAD ./Drivers/STM32F1xx_HAL_Driver/stm32f1xx_hal_pcd.o
LOAD ./Drivers/STM32F1xx_HAL_Driver/stm32f1xx_hal_pcd_ex.o
LOAD ./Drivers/STM32F1xx_HAL_Driver/stm32f1xx_hal_pwr.o
LOAD ./Drivers/STM32F1xx_HAL_Driver/stm32f1xx_hal_rcc.o
LOAD ./Drivers/STM32F1xx_HAL_Driver/stm32f1xx_hal_rcc_ex.o
LOAD ./Drivers/STM32F1xx_HAL_Driver/stm32f1xx_hal_tim.o
LOAD ./Drivers/STM32F1xx_HAL_Driver/stm32f1xx_hal_tim_ex.o
LOAD ./Drivers/STM32F1xx_HAL_Driver/stm32f1xx_hal_uart.o
LOAD ./Drivers/STM32F1xx_HAL_Driver/stm32f1xx_ll_usb.o
LOAD ./Middlewares/FreeRTOS/cmsis_os2.o
LOAD ./Middlewares/FreeRTOS/croutine.o
LOAD ./Middlewares/FreeRTOS/event_groups.o
LOAD ./Middlewares/FreeRTOS/heap_4.o
LOAD ./Middlewares/FreeRTOS/list.o
LOAD ./Middlewares/FreeRTOS/port.o
LOAD ./Middlewares/FreeRTOS/queue.o
LOAD ./Middlewares/FreeRTOS/stream_buffer.o
LOAD ./Middlewares/FreeRTOS/tasks.o
LOAD ./Middlewares/FreeRTOS/timers.o
LOAD ./user_api/api.o
LOAD ./user_callbacks/callback.o
LOAD ./user_drivers/gpio_interface/gpio_io.o
LOAD ./user_drivers/link_interface/link_interface.o
LOAD ./user_drivers/periph_interface/periph_io.o
LOAD ./user_drivers/rs485/rs485.o
LOAD ./user_drivers/simple_led/simple_led.o
LOAD ./user_drivers/user_hw_abstraction_layer.o
LOAD ./user_events/events.o
LOAD ./user_messages/messages.o
LOAD ./user_threads/button_thread.o
LOAD ./user_threads/print_msg_thread.o
LOAD ./user_threads/rs485_thread.o
START GROUP
LOAD C:/ST/STM32CubeIDE_1.16.0/STM32CubeIDE/plugins/com.st.stm32cube.ide.mcu.externaltools.gnu-tools-for-stm32.12.3.rel1.win32_1.0.200.202406191623/tools/bin/../lib/gcc/arm-none-eabi/12.3.1/../../../../arm-none-eabi/lib/thumb/v7-m/nofp\libc_nano.a
LOAD C:/ST/STM32CubeIDE_1.16.0/STM32CubeIDE/plugins/com.st.stm32cube.ide.mcu.externaltools.gnu-tools-for-stm32.12.3.rel1.win32_1.0.200.202406191623/tools/bin/../lib/gcc/arm-none-eabi/12.3.1/../../../../arm-none-eabi/lib/thumb/v7-m/nofp\libm.a
END GROUP
START GROUP
LOAD C:/ST/STM32CubeIDE_1.16.0/STM32CubeIDE/plugins/com.st.stm32cube.ide.mcu.externaltools.gnu-tools-for-stm32.12.3.rel1.win32_1.0.200.202406191623/tools/bin/../lib/gcc/arm-none-eabi/12.3.1/thumb/v7-m/nofp\libgcc.a
LOAD C:/ST/STM32CubeIDE_1.16.0/STM32CubeIDE/plugins/com.st.stm32cube.ide.mcu.externaltools.gnu-tools-for-stm32.12.3.rel1.win32_1.0.200.202406191623/tools/bin/../lib/gcc/arm-none-eabi/12.3.1/../../../../arm-none-eabi/lib/thumb/v7-m/nofp\libc_nano.a
END GROUP
START GROUP
LOAD C:/ST/STM32CubeIDE_1.16.0/STM32CubeIDE/plugins/com.st.stm32cube.ide.mcu.externaltools.gnu-tools-for-stm32.12.3.rel1.win32_1.0.200.202406191623/tools/bin/../lib/gcc/arm-none-eabi/12.3.1/thumb/v7-m/nofp\libgcc.a
LOAD C:/ST/STM32CubeIDE_1.16.0/STM32CubeIDE/plugins/com.st.stm32cube.ide.mcu.externaltools.gnu-tools-for-stm32.12.3.rel1.win32_1.0.200.202406191623/tools/bin/../lib/gcc/arm-none-eabi/12.3.1/../../../../arm-none-eabi/lib/thumb/v7-m/nofp\libc_nano.a
LOAD C:/ST/STM32CubeIDE_1.16.0/STM32CubeIDE/plugins/com.st.stm32cube.ide.mcu.externaltools.gnu-tools-for-stm32.12.3.rel1.win32_1.0.200.202406191623/tools/bin/../lib/gcc/arm-none-eabi/12.3.1/../../../../arm-none-eabi/lib/thumb/v7-m/nofp\libnosys.a
END GROUP
START GROUP
LOAD C:/ST/STM32CubeIDE_1.16.0/STM32CubeIDE/plugins/com.st.stm32cube.ide.mcu.externaltools.gnu-tools-for-stm32.12.3.rel1.win32_1.0.200.202406191623/tools/bin/../lib/gcc/arm-none-eabi/12.3.1/thumb/v7-m/nofp\libgcc.a
LOAD C:/ST/STM32CubeIDE_1.16.0/STM32CubeIDE/plugins/com.st.stm32cube.ide.mcu.externaltools.gnu-tools-for-stm32.12.3.rel1.win32_1.0.200.202406191623/tools/bin/../lib/gcc/arm-none-eabi/12.3.1/../../../../arm-none-eabi/lib/thumb/v7-m/nofp\libc_nano.a
LOAD C:/ST/STM32CubeIDE_1.16.0/STM32CubeIDE/plugins/com.st.stm32cube.ide.mcu.externaltools.gnu-tools-for-stm32.12.3.rel1.win32_1.0.200.202406191623/tools/bin/../lib/gcc/arm-none-eabi/12.3.1/../../../../arm-none-eabi/lib/thumb/v7-m/nofp\libnosys.a
END GROUP
LOAD C:/ST/STM32CubeIDE_1.16.0/STM32CubeIDE/plugins/com.st.stm32cube.ide.mcu.externaltools.gnu-tools-for-stm32.12.3.rel1.win32_1.0.200.202406191623/tools/bin/../lib/gcc/arm-none-eabi/12.3.1/thumb/v7-m/nofp/crtend.o
LOAD C:/ST/STM32CubeIDE_1.16.0/STM32CubeIDE/plugins/com.st.stm32cube.ide.mcu.externaltools.gnu-tools-for-stm32.12.3.rel1.win32_1.0.200.202406191623/tools/bin/../lib/gcc/arm-none-eabi/12.3.1/thumb/v7-m/nofp/crtn.o
                0x20005000                        _estack = (ORIGIN (RAM) + LENGTH (RAM))
                0x00000400                        _Min_Heap_Size = 0x400
                0x00000800                        _Min_Stack_Size = 0x800

.isr_vector     0x08000000      0x10c
                0x08000000                        . = ALIGN (0x4)
 *(.isr_vector)
 .isr_vector    0x08000000      0x10c ./Core/Startup/startup_stm32f103cbtx.o
                0x08000000                g_pfnVectors
                0x0800010c                        . = ALIGN (0x4)

.text           0x08000110     0x81ec
                0x08000110                        . = ALIGN (0x4)
 *(.text)
 .text          0x08000110       0x40 C:/ST/STM32CubeIDE_1.16.0/STM32CubeIDE/plugins/com.st.stm32cube.ide.mcu.externaltools.gnu-tools-for-stm32.12.3.rel1.win32_1.0.200.202406191623/tools/bin/../lib/gcc/arm-none-eabi/12.3.1/thumb/v7-m/nofp/crtbegin.o
 .text          0x08000150       0x10 C:/ST/STM32CubeIDE_1.16.0/STM32CubeIDE/plugins/com.st.stm32cube.ide.mcu.externaltools.gnu-tools-for-stm32.12.3.rel1.win32_1.0.200.202406191623/tools/bin/../lib/gcc/arm-none-eabi/12.3.1/../../../../arm-none-eabi/lib/thumb/v7-m/nofp\libc_nano.a(libc_a-strlen.o)
                0x08000150                strlen
 .text          0x08000160       0x30 C:/ST/STM32CubeIDE_1.16.0/STM32CubeIDE/plugins/com.st.stm32cube.ide.mcu.externaltools.gnu-tools-for-stm32.12.3.rel1.win32_1.0.200.202406191623/tools/bin/../lib/gcc/arm-none-eabi/12.3.1/thumb/v7-m/nofp\libgcc.a(_aeabi_uldivmod.o)
                0x08000160                __aeabi_uldivmod
 .text          0x08000190      0x2b8 C:/ST/STM32CubeIDE_1.16.0/STM32CubeIDE/plugins/com.st.stm32cube.ide.mcu.externaltools.gnu-tools-for-stm32.12.3.rel1.win32_1.0.200.202406191623/tools/bin/../lib/gcc/arm-none-eabi/12.3.1/thumb/v7-m/nofp\libgcc.a(_udivmoddi4.o)
                0x08000190                __udivmoddi4
 .text          0x08000448        0x4 C:/ST/STM32CubeIDE_1.16.0/STM32CubeIDE/plugins/com.st.stm32cube.ide.mcu.externaltools.gnu-tools-for-stm32.12.3.rel1.win32_1.0.200.202406191623/tools/bin/../lib/gcc/arm-none-eabi/12.3.1/thumb/v7-m/nofp\libgcc.a(_dvmd_tls.o)
                0x08000448                __aeabi_idiv0
                0x08000448                __aeabi_ldiv0
 *(.text*)
 .text.vApplicationStackOverflowHook
                0x0800044c       0x14 ./Core/Src/freertos.o
                0x0800044c                vApplicationStackOverflowHook
 .text.main     0x08000460       0xbc ./Core/Src/main.o
                0x08000460                main
 .text.SystemClock_Config
                0x0800051c       0xc0 ./Core/Src/main.o
                0x0800051c                SystemClock_Config
 .text.MX_CAN_Init
                0x080005dc       0x68 ./Core/Src/main.o
 .text.MX_I2C2_Init
                0x08000644       0x5c ./Core/Src/main.o
 .text.MX_USART1_UART_Init
                0x080006a0       0x54 ./Core/Src/main.o
 .text.MX_USART2_UART_Init
                0x080006f4       0x54 ./Core/Src/main.o
 .text.MX_USB_PCD_Init
                0x08000748       0x44 ./Core/Src/main.o
 .text.MX_GPIO_Init
                0x0800078c      0x178 ./Core/Src/main.o
 .text.StartDefaultTask
                0x08000904       0x50 ./Core/Src/main.o
                0x08000904                StartDefaultTask
 .text.HAL_TIM_PeriodElapsedCallback
                0x08000954       0x24 ./Core/Src/main.o
                0x08000954                HAL_TIM_PeriodElapsedCallback
 .text.Error_Handler
                0x08000978        0xc ./Core/Src/main.o
                0x08000978                Error_Handler
 .text.HAL_MspInit
                0x08000984       0x70 ./Core/Src/stm32f1xx_hal_msp.o
                0x08000984                HAL_MspInit
 .text.HAL_CAN_MspInit
                0x080009f4       0xc0 ./Core/Src/stm32f1xx_hal_msp.o
                0x080009f4                HAL_CAN_MspInit
 .text.HAL_I2C_MspInit
                0x08000ab4       0x80 ./Core/Src/stm32f1xx_hal_msp.o
                0x08000ab4                HAL_I2C_MspInit
 .text.HAL_UART_MspInit
                0x08000b34      0x118 ./Core/Src/stm32f1xx_hal_msp.o
                0x08000b34                HAL_UART_MspInit
 .text.HAL_PCD_MspInit
                0x08000c4c       0x3c ./Core/Src/stm32f1xx_hal_msp.o
                0x08000c4c                HAL_PCD_MspInit
 .text.HAL_InitTick
                0x08000c88       0xe4 ./Core/Src/stm32f1xx_hal_timebase_tim.o
                0x08000c88                HAL_InitTick
 .text.NMI_Handler
                0x08000d6c        0x8 ./Core/Src/stm32f1xx_it.o
                0x08000d6c                NMI_Handler
 .text.HardFault_Handler
                0x08000d74        0x8 ./Core/Src/stm32f1xx_it.o
                0x08000d74                HardFault_Handler
 .text.MemManage_Handler
                0x08000d7c        0x8 ./Core/Src/stm32f1xx_it.o
                0x08000d7c                MemManage_Handler
 .text.BusFault_Handler
                0x08000d84        0x8 ./Core/Src/stm32f1xx_it.o
                0x08000d84                BusFault_Handler
 .text.UsageFault_Handler
                0x08000d8c        0x8 ./Core/Src/stm32f1xx_it.o
                0x08000d8c                UsageFault_Handler
 .text.DebugMon_Handler
                0x08000d94        0xc ./Core/Src/stm32f1xx_it.o
                0x08000d94                DebugMon_Handler
 .text.TIM1_UP_IRQHandler
                0x08000da0       0x14 ./Core/Src/stm32f1xx_it.o
                0x08000da0                TIM1_UP_IRQHandler
 .text.USART2_IRQHandler
                0x08000db4       0x14 ./Core/Src/stm32f1xx_it.o
                0x08000db4                USART2_IRQHandler
 .text._sbrk    0x08000dc8       0x6c ./Core/Src/sysmem.o
                0x08000dc8                _sbrk
 .text.SystemInit
                0x08000e34        0xc ./Core/Src/system_stm32f1xx.o
                0x08000e34                SystemInit
 .text.Reset_Handler
                0x08000e40       0x48 ./Core/Startup/startup_stm32f103cbtx.o
                0x08000e40                Reset_Handler
 .text.Default_Handler
                0x08000e88        0x2 ./Core/Startup/startup_stm32f103cbtx.o
                0x08000e88                RTC_Alarm_IRQHandler
                0x08000e88                EXTI2_IRQHandler
                0x08000e88                TIM1_CC_IRQHandler
                0x08000e88                PVD_IRQHandler
                0x08000e88                EXTI3_IRQHandler
                0x08000e88                EXTI0_IRQHandler
                0x08000e88                I2C2_EV_IRQHandler
                0x08000e88                ADC1_2_IRQHandler
                0x08000e88                SPI1_IRQHandler
                0x08000e88                TAMPER_IRQHandler
                0x08000e88                DMA1_Channel4_IRQHandler
                0x08000e88                USART3_IRQHandler
                0x08000e88                RTC_IRQHandler
                0x08000e88                DMA1_Channel7_IRQHandler
                0x08000e88                CAN1_RX1_IRQHandler
                0x08000e88                TIM4_IRQHandler
                0x08000e88                I2C1_EV_IRQHandler
                0x08000e88                DMA1_Channel6_IRQHandler
                0x08000e88                TIM3_IRQHandler
                0x08000e88                RCC_IRQHandler
                0x08000e88                TIM1_TRG_COM_IRQHandler
                0x08000e88                DMA1_Channel1_IRQHandler
                0x08000e88                Default_Handler
                0x08000e88                EXTI15_10_IRQHandler
                0x08000e88                EXTI9_5_IRQHandler
                0x08000e88                SPI2_IRQHandler
                0x08000e88                DMA1_Channel5_IRQHandler
                0x08000e88                EXTI4_IRQHandler
                0x08000e88                USB_LP_CAN1_RX0_IRQHandler
                0x08000e88                USB_HP_CAN1_TX_IRQHandler
                0x08000e88                DMA1_Channel3_IRQHandler
                0x08000e88                WWDG_IRQHandler
                0x08000e88                TIM2_IRQHandler
                0x08000e88                TIM1_BRK_IRQHandler
                0x08000e88                EXTI1_IRQHandler
                0x08000e88                I2C2_ER_IRQHandler
                0x08000e88                DMA1_Channel2_IRQHandler
                0x08000e88                CAN1_SCE_IRQHandler
                0x08000e88                FLASH_IRQHandler
                0x08000e88                USART1_IRQHandler
                0x08000e88                I2C1_ER_IRQHandler
                0x08000e88                USBWakeUp_IRQHandler
 *fill*         0x08000e8a        0x2 
 .text.HAL_Init
                0x08000e8c       0x2c ./Drivers/STM32F1xx_HAL_Driver/stm32f1xx_hal.o
                0x08000e8c                HAL_Init
 .text.HAL_IncTick
                0x08000eb8       0x24 ./Drivers/STM32F1xx_HAL_Driver/stm32f1xx_hal.o
                0x08000eb8                HAL_IncTick
 .text.HAL_GetTick
                0x08000edc       0x14 ./Drivers/STM32F1xx_HAL_Driver/stm32f1xx_hal.o
                0x08000edc                HAL_GetTick
 .text.HAL_CAN_Init
                0x08000ef0      0x1f6 ./Drivers/STM32F1xx_HAL_Driver/stm32f1xx_hal_can.o
                0x08000ef0                HAL_CAN_Init
 *fill*         0x080010e6        0x2 
 .text.__NVIC_SetPriorityGrouping
                0x080010e8       0x48 ./Drivers/STM32F1xx_HAL_Driver/stm32f1xx_hal_cortex.o
 .text.__NVIC_GetPriorityGrouping
                0x08001130       0x1c ./Drivers/STM32F1xx_HAL_Driver/stm32f1xx_hal_cortex.o
 .text.__NVIC_EnableIRQ
                0x0800114c       0x38 ./Drivers/STM32F1xx_HAL_Driver/stm32f1xx_hal_cortex.o
 .text.__NVIC_SetPriority
                0x08001184       0x54 ./Drivers/STM32F1xx_HAL_Driver/stm32f1xx_hal_cortex.o
 .text.NVIC_EncodePriority
                0x080011d8       0x64 ./Drivers/STM32F1xx_HAL_Driver/stm32f1xx_hal_cortex.o
 .text.HAL_NVIC_SetPriorityGrouping
                0x0800123c       0x16 ./Drivers/STM32F1xx_HAL_Driver/stm32f1xx_hal_cortex.o
                0x0800123c                HAL_NVIC_SetPriorityGrouping
 .text.HAL_NVIC_SetPriority
                0x08001252       0x38 ./Drivers/STM32F1xx_HAL_Driver/stm32f1xx_hal_cortex.o
                0x08001252                HAL_NVIC_SetPriority
 .text.HAL_NVIC_EnableIRQ
                0x0800128a       0x1c ./Drivers/STM32F1xx_HAL_Driver/stm32f1xx_hal_cortex.o
                0x0800128a                HAL_NVIC_EnableIRQ
 .text.HAL_DMA_Abort
                0x080012a6       0x76 ./Drivers/STM32F1xx_HAL_Driver/stm32f1xx_hal_dma.o
                0x080012a6                HAL_DMA_Abort
 .text.HAL_DMA_Abort_IT
                0x0800131c       0xf0 ./Drivers/STM32F1xx_HAL_Driver/stm32f1xx_hal_dma.o
                0x0800131c                HAL_DMA_Abort_IT
 .text.HAL_GPIO_Init
                0x0800140c      0x308 ./Drivers/STM32F1xx_HAL_Driver/stm32f1xx_hal_gpio.o
                0x0800140c                HAL_GPIO_Init
 .text.HAL_GPIO_ReadPin
                0x08001714       0x2e ./Drivers/STM32F1xx_HAL_Driver/stm32f1xx_hal_gpio.o
                0x08001714                HAL_GPIO_ReadPin
 .text.HAL_GPIO_WritePin
                0x08001742       0x30 ./Drivers/STM32F1xx_HAL_Driver/stm32f1xx_hal_gpio.o
                0x08001742                HAL_GPIO_WritePin
 *fill*         0x08001772        0x2 
 .text.HAL_I2C_Init
                0x08001774      0x288 ./Drivers/STM32F1xx_HAL_Driver/stm32f1xx_hal_i2c.o
                0x08001774                HAL_I2C_Init
 .text.HAL_PCD_Init
                0x080019fc      0x1ec ./Drivers/STM32F1xx_HAL_Driver/stm32f1xx_hal_pcd.o
                0x080019fc                HAL_PCD_Init
 .text.HAL_RCC_OscConfig
                0x08001be8      0x504 ./Drivers/STM32F1xx_HAL_Driver/stm32f1xx_hal_rcc.o
                0x08001be8                HAL_RCC_OscConfig
 .text.HAL_RCC_ClockConfig
                0x080020ec      0x1d4 ./Drivers/STM32F1xx_HAL_Driver/stm32f1xx_hal_rcc.o
                0x080020ec                HAL_RCC_ClockConfig
 .text.HAL_RCC_MCOConfig
                0x080022c0       0x70 ./Drivers/STM32F1xx_HAL_Driver/stm32f1xx_hal_rcc.o
                0x080022c0                HAL_RCC_MCOConfig
 .text.HAL_RCC_GetSysClockFreq
                0x08002330       0xac ./Drivers/STM32F1xx_HAL_Driver/stm32f1xx_hal_rcc.o
                0x08002330                HAL_RCC_GetSysClockFreq
 .text.HAL_RCC_GetHCLKFreq
                0x080023dc       0x14 ./Drivers/STM32F1xx_HAL_Driver/stm32f1xx_hal_rcc.o
                0x080023dc                HAL_RCC_GetHCLKFreq
 .text.HAL_RCC_GetPCLK1Freq
                0x080023f0       0x28 ./Drivers/STM32F1xx_HAL_Driver/stm32f1xx_hal_rcc.o
                0x080023f0                HAL_RCC_GetPCLK1Freq
 .text.HAL_RCC_GetPCLK2Freq
                0x08002418       0x28 ./Drivers/STM32F1xx_HAL_Driver/stm32f1xx_hal_rcc.o
                0x08002418                HAL_RCC_GetPCLK2Freq
 .text.HAL_RCC_GetClockConfig
                0x08002440       0x60 ./Drivers/STM32F1xx_HAL_Driver/stm32f1xx_hal_rcc.o
                0x08002440                HAL_RCC_GetClockConfig
 .text.RCC_Delay
                0x080024a0       0x3c ./Drivers/STM32F1xx_HAL_Driver/stm32f1xx_hal_rcc.o
 .text.HAL_RCCEx_PeriphCLKConfig
                0x080024dc      0x16c ./Drivers/STM32F1xx_HAL_Driver/stm32f1xx_hal_rcc_ex.o
                0x080024dc                HAL_RCCEx_PeriphCLKConfig
 .text.HAL_TIM_Base_Init
                0x08002648       0x9e ./Drivers/STM32F1xx_HAL_Driver/stm32f1xx_hal_tim.o
                0x08002648                HAL_TIM_Base_Init
 .text.HAL_TIM_Base_MspInit
                0x080026e6       0x12 ./Drivers/STM32F1xx_HAL_Driver/stm32f1xx_hal_tim.o
                0x080026e6                HAL_TIM_Base_MspInit
 .text.HAL_TIM_Base_Start_IT
                0x080026f8       0xa4 ./Drivers/STM32F1xx_HAL_Driver/stm32f1xx_hal_tim.o
                0x080026f8                HAL_TIM_Base_Start_IT
 .text.HAL_TIM_IRQHandler
                0x0800279c      0x1e0 ./Drivers/STM32F1xx_HAL_Driver/stm32f1xx_hal_tim.o
                0x0800279c                HAL_TIM_IRQHandler
 .text.HAL_TIM_OC_DelayElapsedCallback
                0x0800297c       0x12 ./Drivers/STM32F1xx_HAL_Driver/stm32f1xx_hal_tim.o
                0x0800297c                HAL_TIM_OC_DelayElapsedCallback
 .text.HAL_TIM_IC_CaptureCallback
                0x0800298e       0x12 ./Drivers/STM32F1xx_HAL_Driver/stm32f1xx_hal_tim.o
                0x0800298e                HAL_TIM_IC_CaptureCallback
 .text.HAL_TIM_PWM_PulseFinishedCallback
                0x080029a0       0x12 ./Drivers/STM32F1xx_HAL_Driver/stm32f1xx_hal_tim.o
                0x080029a0                HAL_TIM_PWM_PulseFinishedCallback
 .text.HAL_TIM_TriggerCallback
                0x080029b2       0x12 ./Drivers/STM32F1xx_HAL_Driver/stm32f1xx_hal_tim.o
                0x080029b2                HAL_TIM_TriggerCallback
 .text.TIM_Base_SetConfig
                0x080029c4       0xdc ./Drivers/STM32F1xx_HAL_Driver/stm32f1xx_hal_tim.o
                0x080029c4                TIM_Base_SetConfig
 .text.HAL_TIMEx_CommutCallback
                0x08002aa0       0x12 ./Drivers/STM32F1xx_HAL_Driver/stm32f1xx_hal_tim_ex.o
                0x08002aa0                HAL_TIMEx_CommutCallback
 .text.HAL_TIMEx_BreakCallback
                0x08002ab2       0x12 ./Drivers/STM32F1xx_HAL_Driver/stm32f1xx_hal_tim_ex.o
                0x08002ab2                HAL_TIMEx_BreakCallback
 .text.HAL_UART_Init
                0x08002ac4       0xa0 ./Drivers/STM32F1xx_HAL_Driver/stm32f1xx_hal_uart.o
                0x08002ac4                HAL_UART_Init
 .text.HAL_UART_Transmit
                0x08002b64      0x116 ./Drivers/STM32F1xx_HAL_Driver/stm32f1xx_hal_uart.o
                0x08002b64                HAL_UART_Transmit
 .text.HAL_UART_Transmit_IT
                0x08002c7a       0x6a ./Drivers/STM32F1xx_HAL_Driver/stm32f1xx_hal_uart.o
                0x08002c7a                HAL_UART_Transmit_IT
 .text.HAL_UART_Receive_IT
                0x08002ce4       0x4a ./Drivers/STM32F1xx_HAL_Driver/stm32f1xx_hal_uart.o
                0x08002ce4                HAL_UART_Receive_IT
 *fill*         0x08002d2e        0x2 
 .text.HAL_UART_IRQHandler
                0x08002d30      0x524 ./Drivers/STM32F1xx_HAL_Driver/stm32f1xx_hal_uart.o
                0x08002d30                HAL_UART_IRQHandler
 .text.HAL_UART_ErrorCallback
                0x08003254       0x12 ./Drivers/STM32F1xx_HAL_Driver/stm32f1xx_hal_uart.o
                0x08003254                HAL_UART_ErrorCallback
 .text.HAL_UARTEx_RxEventCallback
                0x08003266       0x16 ./Drivers/STM32F1xx_HAL_Driver/stm32f1xx_hal_uart.o
                0x08003266                HAL_UARTEx_RxEventCallback
 .text.UART_WaitOnFlagUntilTimeout
                0x0800327c       0xb2 ./Drivers/STM32F1xx_HAL_Driver/stm32f1xx_hal_uart.o
 .text.UART_Start_Receive_IT
                0x0800332e       0x72 ./Drivers/STM32F1xx_HAL_Driver/stm32f1xx_hal_uart.o
                0x0800332e                UART_Start_Receive_IT
 .text.UART_EndRxTransfer
                0x080033a0       0xc4 ./Drivers/STM32F1xx_HAL_Driver/stm32f1xx_hal_uart.o
 .text.UART_DMAAbortOnError
                0x08003464       0x28 ./Drivers/STM32F1xx_HAL_Driver/stm32f1xx_hal_uart.o
 .text.UART_Transmit_IT
                0x0800348c       0x9e ./Drivers/STM32F1xx_HAL_Driver/stm32f1xx_hal_uart.o
 .text.UART_EndTransmit_IT
                0x0800352a       0x30 ./Drivers/STM32F1xx_HAL_Driver/stm32f1xx_hal_uart.o
 .text.UART_Receive_IT
                0x0800355a      0x17c ./Drivers/STM32F1xx_HAL_Driver/stm32f1xx_hal_uart.o
 *fill*         0x080036d6        0x2 
 .text.UART_SetConfig
                0x080036d8      0x11c ./Drivers/STM32F1xx_HAL_Driver/stm32f1xx_hal_uart.o
 .text.USB_CoreInit
                0x080037f4       0x1a ./Drivers/STM32F1xx_HAL_Driver/stm32f1xx_ll_usb.o
                0x080037f4                USB_CoreInit
 .text.USB_DisableGlobalInt
                0x0800380e       0x34 ./Drivers/STM32F1xx_HAL_Driver/stm32f1xx_ll_usb.o
                0x0800380e                USB_DisableGlobalInt
 .text.USB_SetCurrentMode
                0x08003842       0x18 ./Drivers/STM32F1xx_HAL_Driver/stm32f1xx_ll_usb.o
                0x08003842                USB_SetCurrentMode
 .text.USB_DevInit
                0x0800385a       0x3a ./Drivers/STM32F1xx_HAL_Driver/stm32f1xx_ll_usb.o
                0x0800385a                USB_DevInit
 .text.USB_DevDisconnect
                0x08003894       0x14 ./Drivers/STM32F1xx_HAL_Driver/stm32f1xx_ll_usb.o
                0x08003894                USB_DevDisconnect
 .text.__NVIC_SetPriority
                0x080038a8       0x54 ./Middlewares/FreeRTOS/cmsis_os2.o
 .text.SysTick_Handler
                0x080038fc       0x20 ./Middlewares/FreeRTOS/cmsis_os2.o
                0x080038fc                SysTick_Handler
 .text.SVC_Setup
                0x0800391c       0x12 ./Middlewares/FreeRTOS/cmsis_os2.o
 *fill*         0x0800392e        0x2 
 .text.osKernelInitialize
                0x08003930       0x44 ./Middlewares/FreeRTOS/cmsis_os2.o
                0x08003930                osKernelInitialize
 .text.osKernelStart
                0x08003974       0x4c ./Middlewares/FreeRTOS/cmsis_os2.o
                0x08003974                osKernelStart
 .text.OS_Tick_GetCount
                0x080039c0       0x24 ./Middlewares/FreeRTOS/cmsis_os2.o
 .text.OS_Tick_GetOverflow
                0x080039e4       0x1c ./Middlewares/FreeRTOS/cmsis_os2.o
 .text.OS_Tick_GetInterval
                0x08003a00       0x18 ./Middlewares/FreeRTOS/cmsis_os2.o
 .text.osKernelGetSysTimerCount
                0x08003a18       0x72 ./Middlewares/FreeRTOS/cmsis_os2.o
                0x08003a18                osKernelGetSysTimerCount
 *fill*         0x08003a8a        0x2 
 .text.osKernelGetSysTimerFreq
                0x08003a8c       0x14 ./Middlewares/FreeRTOS/cmsis_os2.o
                0x08003a8c                osKernelGetSysTimerFreq
 .text.osThreadNew
                0x08003aa0      0x124 ./Middlewares/FreeRTOS/cmsis_os2.o
                0x08003aa0                osThreadNew
 .text.osDelay  0x08003bc4       0x36 ./Middlewares/FreeRTOS/cmsis_os2.o
                0x08003bc4                osDelay
 .text.osEventFlagsNew
                0x08003bfa       0x7e ./Middlewares/FreeRTOS/cmsis_os2.o
                0x08003bfa                osEventFlagsNew
 .text.osEventFlagsSet
                0x08003c78       0x84 ./Middlewares/FreeRTOS/cmsis_os2.o
                0x08003c78                osEventFlagsSet
 .text.osEventFlagsWait
                0x08003cfc       0xca ./Middlewares/FreeRTOS/cmsis_os2.o
                0x08003cfc                osEventFlagsWait
 .text.osMessageQueueNew
                0x08003dc6       0xe6 ./Middlewares/FreeRTOS/cmsis_os2.o
                0x08003dc6                osMessageQueueNew
 .text.osMessageQueuePut
                0x08003eac       0xc0 ./Middlewares/FreeRTOS/cmsis_os2.o
                0x08003eac                osMessageQueuePut
 .text.osMessageQueueGet
                0x08003f6c       0xbc ./Middlewares/FreeRTOS/cmsis_os2.o
                0x08003f6c                osMessageQueueGet
 .text.osMessageQueueGetCount
                0x08004028       0x40 ./Middlewares/FreeRTOS/cmsis_os2.o
                0x08004028                osMessageQueueGetCount
 .text.vApplicationGetIdleTaskMemory
                0x08004068       0x30 ./Middlewares/FreeRTOS/cmsis_os2.o
                0x08004068                vApplicationGetIdleTaskMemory
 .text.vApplicationGetTimerTaskMemory
                0x08004098       0x34 ./Middlewares/FreeRTOS/cmsis_os2.o
                0x08004098                vApplicationGetTimerTaskMemory
 .text.xEventGroupCreateStatic
                0x080040cc       0x72 ./Middlewares/FreeRTOS/event_groups.o
                0x080040cc                xEventGroupCreateStatic
 .text.xEventGroupCreate
                0x0800413e       0x34 ./Middlewares/FreeRTOS/event_groups.o
                0x0800413e                xEventGroupCreate
 *fill*         0x08004172        0x2 
 .text.xEventGroupWaitBits
                0x08004174      0x1a4 ./Middlewares/FreeRTOS/event_groups.o
                0x08004174                xEventGroupWaitBits
 .text.xEventGroupSetBits
                0x08004318      0x118 ./Middlewares/FreeRTOS/event_groups.o
                0x08004318                xEventGroupSetBits
 .text.vEventGroupSetBitsCallback
                0x08004430       0x1a ./Middlewares/FreeRTOS/event_groups.o
                0x08004430                vEventGroupSetBitsCallback
 .text.prvTestWaitCondition
                0x0800444a       0x42 ./Middlewares/FreeRTOS/event_groups.o
 .text.xEventGroupSetBitsFromISR
                0x0800448c       0x28 ./Middlewares/FreeRTOS/event_groups.o
                0x0800448c                xEventGroupSetBitsFromISR
 .text.pvPortMalloc
                0x080044b4      0x19c ./Middlewares/FreeRTOS/heap_4.o
                0x080044b4                pvPortMalloc
 .text.vPortFree
                0x08004650       0xc8 ./Middlewares/FreeRTOS/heap_4.o
                0x08004650                vPortFree
 .text.prvHeapInit
                0x08004718       0xc4 ./Middlewares/FreeRTOS/heap_4.o
 .text.prvInsertBlockIntoFreeList
                0x080047dc       0xb0 ./Middlewares/FreeRTOS/heap_4.o
 .text.vListInitialise
                0x0800488c       0x3e ./Middlewares/FreeRTOS/list.o
                0x0800488c                vListInitialise
 .text.vListInitialiseItem
                0x080048ca       0x18 ./Middlewares/FreeRTOS/list.o
                0x080048ca                vListInitialiseItem
 .text.vListInsertEnd
                0x080048e2       0x46 ./Middlewares/FreeRTOS/list.o
                0x080048e2                vListInsertEnd
 .text.vListInsert
                0x08004928       0x70 ./Middlewares/FreeRTOS/list.o
                0x08004928                vListInsert
 .text.uxListRemove
                0x08004998       0x52 ./Middlewares/FreeRTOS/list.o
                0x08004998                uxListRemove
 *fill*         0x080049ea        0x2 
 .text.pxPortInitialiseStack
                0x080049ec       0x58 ./Middlewares/FreeRTOS/port.o
                0x080049ec                pxPortInitialiseStack
 .text.prvTaskExitError
                0x08004a44       0x58 ./Middlewares/FreeRTOS/port.o
 *fill*         0x08004a9c        0x4 
 .text.SVC_Handler
                0x08004aa0       0x28 ./Middlewares/FreeRTOS/port.o
                0x08004aa0                SVC_Handler
 .text.prvPortStartFirstTask
                0x08004ac8       0x20 ./Middlewares/FreeRTOS/port.o
 .text.xPortStartScheduler
                0x08004ae8       0xe4 ./Middlewares/FreeRTOS/port.o
                0x08004ae8                xPortStartScheduler
 .text.vPortEnterCritical
                0x08004bcc       0x60 ./Middlewares/FreeRTOS/port.o
                0x08004bcc                vPortEnterCritical
 .text.vPortExitCritical
                0x08004c2c       0x54 ./Middlewares/FreeRTOS/port.o
                0x08004c2c                vPortExitCritical
 .text.PendSV_Handler
                0x08004c80       0x48 ./Middlewares/FreeRTOS/port.o
                0x08004c80                PendSV_Handler
 .text.xPortSysTickHandler
                0x08004cc8       0x44 ./Middlewares/FreeRTOS/port.o
                0x08004cc8                xPortSysTickHandler
 .text.vPortSetupTimerInterrupt
                0x08004d0c       0x44 ./Middlewares/FreeRTOS/port.o
                0x08004d0c                vPortSetupTimerInterrupt
 .text.vPortValidateInterruptPriority
                0x08004d50       0x80 ./Middlewares/FreeRTOS/port.o
                0x08004d50                vPortValidateInterruptPriority
 .text.xQueueGenericReset
                0x08004dd0       0xd4 ./Middlewares/FreeRTOS/queue.o
                0x08004dd0                xQueueGenericReset
 .text.xQueueGenericCreateStatic
                0x08004ea4       0xfa ./Middlewares/FreeRTOS/queue.o
                0x08004ea4                xQueueGenericCreateStatic
 .text.xQueueGenericCreate
                0x08004f9e       0x76 ./Middlewares/FreeRTOS/queue.o
                0x08004f9e                xQueueGenericCreate
 .text.prvInitialiseNewQueue
                0x08005014       0x46 ./Middlewares/FreeRTOS/queue.o
 *fill*         0x0800505a        0x2 
 .text.xQueueGenericSend
                0x0800505c      0x204 ./Middlewares/FreeRTOS/queue.o
                0x0800505c                xQueueGenericSend
 .text.xQueueGenericSendFromISR
                0x08005260      0x13c ./Middlewares/FreeRTOS/queue.o
                0x08005260                xQueueGenericSendFromISR
 .text.xQueueReceive
                0x0800539c      0x1c4 ./Middlewares/FreeRTOS/queue.o
                0x0800539c                xQueueReceive
 .text.xQueueReceiveFromISR
                0x08005560      0x104 ./Middlewares/FreeRTOS/queue.o
                0x08005560                xQueueReceiveFromISR
 .text.uxQueueMessagesWaiting
                0x08005664       0x3e ./Middlewares/FreeRTOS/queue.o
                0x08005664                uxQueueMessagesWaiting
 .text.uxQueueMessagesWaitingFromISR
                0x080056a2       0x3c ./Middlewares/FreeRTOS/queue.o
                0x080056a2                uxQueueMessagesWaitingFromISR
 .text.prvCopyDataToQueue
                0x080056de       0xd4 ./Middlewares/FreeRTOS/queue.o
 .text.prvCopyDataFromQueue
                0x080057b2       0x4c ./Middlewares/FreeRTOS/queue.o
 .text.prvUnlockQueue
                0x080057fe       0xa4 ./Middlewares/FreeRTOS/queue.o
 .text.prvIsQueueEmpty
                0x080058a2       0x2c ./Middlewares/FreeRTOS/queue.o
 .text.prvIsQueueFull
                0x080058ce       0x30 ./Middlewares/FreeRTOS/queue.o
 *fill*         0x080058fe        0x2 
 .text.vQueueAddToRegistry
                0x08005900       0x50 ./Middlewares/FreeRTOS/queue.o
                0x08005900                vQueueAddToRegistry
 .text.vQueueWaitForMessageRestricted
                0x08005950       0x68 ./Middlewares/FreeRTOS/queue.o
                0x08005950                vQueueWaitForMessageRestricted
 .text.xTaskCreateStatic
                0x080059b8       0xc0 ./Middlewares/FreeRTOS/tasks.o
                0x080059b8                xTaskCreateStatic
 .text.xTaskCreate
                0x08005a78       0x8a ./Middlewares/FreeRTOS/tasks.o
                0x08005a78                xTaskCreate
 *fill*         0x08005b02        0x2 
 .text.prvInitialiseNewTask
                0x08005b04      0x150 ./Middlewares/FreeRTOS/tasks.o
 .text.prvAddNewTaskToReadyList
                0x08005c54       0xe0 ./Middlewares/FreeRTOS/tasks.o
 .text.vTaskDelay
                0x08005d34       0x6c ./Middlewares/FreeRTOS/tasks.o
                0x08005d34                vTaskDelay
 .text.vTaskStartScheduler
                0x08005da0       0xe0 ./Middlewares/FreeRTOS/tasks.o
                0x08005da0                vTaskStartScheduler
 .text.vTaskSuspendAll
                0x08005e80       0x1c ./Middlewares/FreeRTOS/tasks.o
                0x08005e80                vTaskSuspendAll
 .text.xTaskResumeAll
                0x08005e9c      0x13c ./Middlewares/FreeRTOS/tasks.o
                0x08005e9c                xTaskResumeAll
 .text.xTaskGetTickCount
                0x08005fd8       0x1c ./Middlewares/FreeRTOS/tasks.o
                0x08005fd8                xTaskGetTickCount
 .text.xTaskIncrementTick
                0x08005ff4      0x174 ./Middlewares/FreeRTOS/tasks.o
                0x08005ff4                xTaskIncrementTick
 .text.vTaskSwitchContext
                0x08006168       0xe8 ./Middlewares/FreeRTOS/tasks.o
                0x08006168                vTaskSwitchContext
 .text.vTaskPlaceOnEventList
                0x08006250       0x4c ./Middlewares/FreeRTOS/tasks.o
                0x08006250                vTaskPlaceOnEventList
 .text.vTaskPlaceOnUnorderedEventList
                0x0800629c       0x7c ./Middlewares/FreeRTOS/tasks.o
                0x0800629c                vTaskPlaceOnUnorderedEventList
 .text.vTaskPlaceOnEventListRestricted
                0x08006318       0x58 ./Middlewares/FreeRTOS/tasks.o
                0x08006318                vTaskPlaceOnEventListRestricted
 .text.xTaskRemoveFromEventList
                0x08006370       0xc8 ./Middlewares/FreeRTOS/tasks.o
                0x08006370                xTaskRemoveFromEventList
 .text.vTaskRemoveFromUnorderedEventList
                0x08006438       0xc8 ./Middlewares/FreeRTOS/tasks.o
                0x08006438                vTaskRemoveFromUnorderedEventList
 .text.vTaskInternalSetTimeOutState
                0x08006500       0x2c ./Middlewares/FreeRTOS/tasks.o
                0x08006500                vTaskInternalSetTimeOutState
 .text.xTaskCheckForTimeOut
                0x0800652c       0xc8 ./Middlewares/FreeRTOS/tasks.o
                0x0800652c                xTaskCheckForTimeOut
 .text.vTaskMissedYield
                0x080065f4       0x18 ./Middlewares/FreeRTOS/tasks.o
                0x080065f4                vTaskMissedYield
 .text.prvIdleTask
                0x0800660c       0x30 ./Middlewares/FreeRTOS/tasks.o
 .text.prvInitialiseTaskLists
                0x0800663c       0x80 ./Middlewares/FreeRTOS/tasks.o
 .text.prvCheckTasksWaitingTermination
                0x080066bc       0x5c ./Middlewares/FreeRTOS/tasks.o
 .text.prvDeleteTCB
                0x08006718       0x6a ./Middlewares/FreeRTOS/tasks.o
 *fill*         0x08006782        0x2 
 .text.prvResetNextTaskUnblockTime
                0x08006784       0x40 ./Middlewares/FreeRTOS/tasks.o
 .text.xTaskGetSchedulerState
                0x080067c4       0x3c ./Middlewares/FreeRTOS/tasks.o
                0x080067c4                xTaskGetSchedulerState
 .text.xTaskPriorityDisinherit
                0x08006800       0xe0 ./Middlewares/FreeRTOS/tasks.o
                0x08006800                xTaskPriorityDisinherit
 .text.uxTaskResetEventItemValue
                0x080068e0       0x30 ./Middlewares/FreeRTOS/tasks.o
                0x080068e0                uxTaskResetEventItemValue
 .text.prvAddCurrentTaskToDelayedList
                0x08006910       0xa8 ./Middlewares/FreeRTOS/tasks.o
 .text.xTimerCreateTimerTask
                0x080069b8       0x94 ./Middlewares/FreeRTOS/timers.o
                0x080069b8                xTimerCreateTimerTask
 .text.xTimerGenericCommand
                0x08006a4c       0x9c ./Middlewares/FreeRTOS/timers.o
                0x08006a4c                xTimerGenericCommand
 .text.prvProcessExpiredTimer
                0x08006ae8       0x9c ./Middlewares/FreeRTOS/timers.o
 .text.prvTimerTask
                0x08006b84       0x26 ./Middlewares/FreeRTOS/timers.o
 *fill*         0x08006baa        0x2 
 .text.prvProcessTimerOrBlockTask
                0x08006bac       0x9c ./Middlewares/FreeRTOS/timers.o
 .text.prvGetNextExpireTime
                0x08006c48       0x44 ./Middlewares/FreeRTOS/timers.o
 .text.prvSampleTimeNow
                0x08006c8c       0x40 ./Middlewares/FreeRTOS/timers.o
 .text.prvInsertTimerInActiveList
                0x08006ccc       0x84 ./Middlewares/FreeRTOS/timers.o
 .text.prvProcessReceivedCommands
                0x08006d50      0x1cc ./Middlewares/FreeRTOS/timers.o
 .text.prvSwitchTimerLists
                0x08006f1c       0xcc ./Middlewares/FreeRTOS/timers.o
 .text.prvCheckForValidListAndQueue
                0x08006fe8       0x80 ./Middlewares/FreeRTOS/timers.o
 .text.xTimerPendFunctionCallFromISR
                0x08007068       0x40 ./Middlewares/FreeRTOS/timers.o
                0x08007068                xTimerPendFunctionCallFromISR
 .text._send_message_to_console
                0x080070a8       0x2c ./user_api/api.o
 .text.print_to_console
                0x080070d4       0x3c ./user_api/api.o
                0x080070d4                print_to_console
 .text.delay_us
                0x08007110       0x78 ./user_api/api.o
                0x08007110                delay_us
 .text.HAL_UART_RxCpltCallback
                0x08007188       0x3c ./user_callbacks/callback.o
                0x08007188                HAL_UART_RxCpltCallback
 .text.HAL_UART_TxCpltCallback
                0x080071c4       0x48 ./user_callbacks/callback.o
                0x080071c4                HAL_UART_TxCpltCallback
 .text.set_cb_periph_event_id
                0x0800720c       0x1c ./user_callbacks/callback.o
                0x0800720c                set_cb_periph_event_id
 .text.gpio_set
                0x08007228       0x68 ./user_drivers/gpio_interface/gpio_io.o
                0x08007228                gpio_set
 .text.gpio_get
                0x08007290       0x50 ./user_drivers/gpio_interface/gpio_io.o
                0x08007290                gpio_get
 .text.link_periph_interface
                0x080072e0       0x54 ./user_drivers/link_interface/link_interface.o
                0x080072e0                link_periph_interface
 .text.link_gpio_interface
                0x08007334       0x22 ./user_drivers/link_interface/link_interface.o
                0x08007334                link_gpio_interface
 *fill*         0x08007356        0x2 
 .text.get_gpio_interface_handle
                0x08007358       0x30 ./user_drivers/link_interface/link_interface.o
                0x08007358                get_gpio_interface_handle
 .text.get_hard_uart_interface_handle
                0x08007388       0x34 ./user_drivers/link_interface/link_interface.o
                0x08007388                get_hard_uart_interface_handle
 .text.uart_write_it
                0x080073bc       0x6a ./user_drivers/periph_interface/periph_io.o
                0x080073bc                uart_write_it
 .text.uart_read_it
                0x08007426       0x62 ./user_drivers/periph_interface/periph_io.o
                0x08007426                uart_read_it
 .text._rs_485_dir_set
                0x08007488       0x42 ./user_drivers/rs485/rs485.o
 .text.rs485_read
                0x080074ca       0x3c ./user_drivers/rs485/rs485.o
                0x080074ca                rs485_read
 *fill*         0x08007506        0x2 
 .text.rs485_write_str
                0x08007508       0x5c ./user_drivers/rs485/rs485.o
                0x08007508                rs485_write_str
 .text.rs485_init
                0x08007564       0x32 ./user_drivers/rs485/rs485.o
                0x08007564                rs485_init
 .text.simple_led_set
                0x08007596       0x2e ./user_drivers/simple_led/simple_led.o
                0x08007596                simple_led_set
 .text.simple_led_init
                0x080075c4       0x2a ./user_drivers/simple_led/simple_led.o
                0x080075c4                simple_led_init
 .text.user_uart_tx_it
                0x080075ee       0x2c ./user_drivers/user_hw_abstraction_layer.o
                0x080075ee                user_uart_tx_it
 .text.user_uart_rx_it
                0x0800761a       0x2c ./user_drivers/user_hw_abstraction_layer.o
                0x0800761a                user_uart_rx_it
 .text.user_wait_event_flags
                0x08007646       0x40 ./user_drivers/user_hw_abstraction_layer.o
                0x08007646                user_wait_event_flags
 *fill*         0x08007686        0x2 
 .text.init_periph_events
                0x08007688       0x2c ./user_events/events.o
                0x08007688                init_periph_events
 .text.get_periph_event_id
                0x080076b4       0x14 ./user_events/events.o
                0x080076b4                get_periph_event_id
 .text.print_msg_queue_init
                0x080076c8       0x28 ./user_messages/messages.o
                0x080076c8                print_msg_queue_init
 .text.get_print_msg_queue_id
                0x080076f0       0x14 ./user_messages/messages.o
                0x080076f0                get_print_msg_queue_id
 .text.button_thread_init
                0x08007704       0x24 ./user_threads/button_thread.o
                0x08007704                button_thread_init
 .text.button_thread
                0x08007728       0x50 ./user_threads/button_thread.o
                0x08007728                button_thread
 .text.print_msg_thread_init
                0x08007778       0x30 ./user_threads/print_msg_thread.o
                0x08007778                print_msg_thread_init
 .text.print_msg_thread
                0x080077a8       0x74 ./user_threads/print_msg_thread.o
                0x080077a8                print_msg_thread
 .text.rs485_thread_init
                0x0800781c       0x24 ./user_threads/rs485_thread.o
                0x0800781c                rs485_thread_init
 .text.rs485_thread
                0x08007840       0x98 ./user_threads/rs485_thread.o
                0x08007840                rs485_thread
 .text.sprintf  0x080078d8       0x40 C:/ST/STM32CubeIDE_1.16.0/STM32CubeIDE/plugins/com.st.stm32cube.ide.mcu.externaltools.gnu-tools-for-stm32.12.3.rel1.win32_1.0.200.202406191623/tools/bin/../lib/gcc/arm-none-eabi/12.3.1/../../../../arm-none-eabi/lib/thumb/v7-m/nofp\libc_nano.a(libc_a-sprintf.o)
                0x080078d8                siprintf
                0x080078d8                sprintf
 .text.memset   0x08007918       0x10 C:/ST/STM32CubeIDE_1.16.0/STM32CubeIDE/plugins/com.st.stm32cube.ide.mcu.externaltools.gnu-tools-for-stm32.12.3.rel1.win32_1.0.200.202406191623/tools/bin/../lib/gcc/arm-none-eabi/12.3.1/../../../../arm-none-eabi/lib/thumb/v7-m/nofp\libc_nano.a(libc_a-memset.o)
                0x08007918                memset
 .text._reclaim_reent
                0x08007928       0xac C:/ST/STM32CubeIDE_1.16.0/STM32CubeIDE/plugins/com.st.stm32cube.ide.mcu.externaltools.gnu-tools-for-stm32.12.3.rel1.win32_1.0.200.202406191623/tools/bin/../lib/gcc/arm-none-eabi/12.3.1/../../../../arm-none-eabi/lib/thumb/v7-m/nofp\libc_nano.a(libc_a-reent.o)
                0x08007928                _reclaim_reent
 .text.__errno  0x080079d4        0xc C:/ST/STM32CubeIDE_1.16.0/STM32CubeIDE/plugins/com.st.stm32cube.ide.mcu.externaltools.gnu-tools-for-stm32.12.3.rel1.win32_1.0.200.202406191623/tools/bin/../lib/gcc/arm-none-eabi/12.3.1/../../../../arm-none-eabi/lib/thumb/v7-m/nofp\libc_nano.a(libc_a-errno.o)
                0x080079d4                __errno
 .text.__libc_init_array
                0x080079e0       0x48 C:/ST/STM32CubeIDE_1.16.0/STM32CubeIDE/plugins/com.st.stm32cube.ide.mcu.externaltools.gnu-tools-for-stm32.12.3.rel1.win32_1.0.200.202406191623/tools/bin/../lib/gcc/arm-none-eabi/12.3.1/../../../../arm-none-eabi/lib/thumb/v7-m/nofp\libc_nano.a(libc_a-init.o)
                0x080079e0                __libc_init_array
 .text.__retarget_lock_acquire_recursive
                0x08007a28        0x2 C:/ST/STM32CubeIDE_1.16.0/STM32CubeIDE/plugins/com.st.stm32cube.ide.mcu.externaltools.gnu-tools-for-stm32.12.3.rel1.win32_1.0.200.202406191623/tools/bin/../lib/gcc/arm-none-eabi/12.3.1/../../../../arm-none-eabi/lib/thumb/v7-m/nofp\libc_nano.a(libc_a-lock.o)
                0x08007a28                __retarget_lock_acquire_recursive
 .text.__retarget_lock_release_recursive
                0x08007a2a        0x2 C:/ST/STM32CubeIDE_1.16.0/STM32CubeIDE/plugins/com.st.stm32cube.ide.mcu.externaltools.gnu-tools-for-stm32.12.3.rel1.win32_1.0.200.202406191623/tools/bin/../lib/gcc/arm-none-eabi/12.3.1/../../../../arm-none-eabi/lib/thumb/v7-m/nofp\libc_nano.a(libc_a-lock.o)
                0x08007a2a                __retarget_lock_release_recursive
 .text.memcpy   0x08007a2c       0x1c C:/ST/STM32CubeIDE_1.16.0/STM32CubeIDE/plugins/com.st.stm32cube.ide.mcu.externaltools.gnu-tools-for-stm32.12.3.rel1.win32_1.0.200.202406191623/tools/bin/../lib/gcc/arm-none-eabi/12.3.1/../../../../arm-none-eabi/lib/thumb/v7-m/nofp\libc_nano.a(libc_a-memcpy-stub.o)
                0x08007a2c                memcpy
 .text._free_r  0x08007a48       0x90 C:/ST/STM32CubeIDE_1.16.0/STM32CubeIDE/plugins/com.st.stm32cube.ide.mcu.externaltools.gnu-tools-for-stm32.12.3.rel1.win32_1.0.200.202406191623/tools/bin/../lib/gcc/arm-none-eabi/12.3.1/../../../../arm-none-eabi/lib/thumb/v7-m/nofp\libc_nano.a(libc_a-freer.o)
                0x08007a48                _free_r
 .text.sbrk_aligned
                0x08007ad8       0x44 C:/ST/STM32CubeIDE_1.16.0/STM32CubeIDE/plugins/com.st.stm32cube.ide.mcu.externaltools.gnu-tools-for-stm32.12.3.rel1.win32_1.0.200.202406191623/tools/bin/../lib/gcc/arm-none-eabi/12.3.1/../../../../arm-none-eabi/lib/thumb/v7-m/nofp\libc_nano.a(libc_a-mallocr.o)
 .text._malloc_r
                0x08007b1c      0x100 C:/ST/STM32CubeIDE_1.16.0/STM32CubeIDE/plugins/com.st.stm32cube.ide.mcu.externaltools.gnu-tools-for-stm32.12.3.rel1.win32_1.0.200.202406191623/tools/bin/../lib/gcc/arm-none-eabi/12.3.1/../../../../arm-none-eabi/lib/thumb/v7-m/nofp\libc_nano.a(libc_a-mallocr.o)
                0x08007b1c                _malloc_r
 .text.__malloc_lock
                0x08007c1c        0xc C:/ST/STM32CubeIDE_1.16.0/STM32CubeIDE/plugins/com.st.stm32cube.ide.mcu.externaltools.gnu-tools-for-stm32.12.3.rel1.win32_1.0.200.202406191623/tools/bin/../lib/gcc/arm-none-eabi/12.3.1/../../../../arm-none-eabi/lib/thumb/v7-m/nofp\libc_nano.a(libc_a-mlock.o)
                0x08007c1c                __malloc_lock
 .text.__malloc_unlock
                0x08007c28        0xc C:/ST/STM32CubeIDE_1.16.0/STM32CubeIDE/plugins/com.st.stm32cube.ide.mcu.externaltools.gnu-tools-for-stm32.12.3.rel1.win32_1.0.200.202406191623/tools/bin/../lib/gcc/arm-none-eabi/12.3.1/../../../../arm-none-eabi/lib/thumb/v7-m/nofp\libc_nano.a(libc_a-mlock.o)
                0x08007c28                __malloc_unlock
 .text.__ssputs_r
                0x08007c34       0xb6 C:/ST/STM32CubeIDE_1.16.0/STM32CubeIDE/plugins/com.st.stm32cube.ide.mcu.externaltools.gnu-tools-for-stm32.12.3.rel1.win32_1.0.200.202406191623/tools/bin/../lib/gcc/arm-none-eabi/12.3.1/../../../../arm-none-eabi/lib/thumb/v7-m/nofp\libc_nano.a(libc_a-nano-svfprintf.o)
                0x08007c34                __ssputs_r
 *fill*         0x08007cea        0x2 
 .text._svfprintf_r
                0x08007cec      0x1f8 C:/ST/STM32CubeIDE_1.16.0/STM32CubeIDE/plugins/com.st.stm32cube.ide.mcu.externaltools.gnu-tools-for-stm32.12.3.rel1.win32_1.0.200.202406191623/tools/bin/../lib/gcc/arm-none-eabi/12.3.1/../../../../arm-none-eabi/lib/thumb/v7-m/nofp\libc_nano.a(libc_a-nano-svfprintf.o)
                0x08007cec                _svfiprintf_r
                0x08007cec                _svfprintf_r
 .text._printf_common
                0x08007ee4       0xe4 C:/ST/STM32CubeIDE_1.16.0/STM32CubeIDE/plugins/com.st.stm32cube.ide.mcu.externaltools.gnu-tools-for-stm32.12.3.rel1.win32_1.0.200.202406191623/tools/bin/../lib/gcc/arm-none-eabi/12.3.1/../../../../arm-none-eabi/lib/thumb/v7-m/nofp\libc_nano.a(libc_a-nano-vfprintf_i.o)
                0x08007ee4                _printf_common
 .text._printf_i
                0x08007fc8      0x240 C:/ST/STM32CubeIDE_1.16.0/STM32CubeIDE/plugins/com.st.stm32cube.ide.mcu.externaltools.gnu-tools-for-stm32.12.3.rel1.win32_1.0.200.202406191623/tools/bin/../lib/gcc/arm-none-eabi/12.3.1/../../../../arm-none-eabi/lib/thumb/v7-m/nofp\libc_nano.a(libc_a-nano-vfprintf_i.o)
                0x08007fc8                _printf_i
 .text.memmove  0x08008208       0x34 C:/ST/STM32CubeIDE_1.16.0/STM32CubeIDE/plugins/com.st.stm32cube.ide.mcu.externaltools.gnu-tools-for-stm32.12.3.rel1.win32_1.0.200.202406191623/tools/bin/../lib/gcc/arm-none-eabi/12.3.1/../../../../arm-none-eabi/lib/thumb/v7-m/nofp\libc_nano.a(libc_a-memmove.o)
                0x08008208                memmove
 .text._sbrk_r  0x0800823c       0x20 C:/ST/STM32CubeIDE_1.16.0/STM32CubeIDE/plugins/com.st.stm32cube.ide.mcu.externaltools.gnu-tools-for-stm32.12.3.rel1.win32_1.0.200.202406191623/tools/bin/../lib/gcc/arm-none-eabi/12.3.1/../../../../arm-none-eabi/lib/thumb/v7-m/nofp\libc_nano.a(libc_a-sbrkr.o)
                0x0800823c                _sbrk_r
 .text.memchr   0x0800825c       0x1c C:/ST/STM32CubeIDE_1.16.0/STM32CubeIDE/plugins/com.st.stm32cube.ide.mcu.externaltools.gnu-tools-for-stm32.12.3.rel1.win32_1.0.200.202406191623/tools/bin/../lib/gcc/arm-none-eabi/12.3.1/../../../../arm-none-eabi/lib/thumb/v7-m/nofp\libc_nano.a(libc_a-memchr-stub.o)
                0x0800825c                memchr
 .text._realloc_r
                0x08008278       0x5c C:/ST/STM32CubeIDE_1.16.0/STM32CubeIDE/plugins/com.st.stm32cube.ide.mcu.externaltools.gnu-tools-for-stm32.12.3.rel1.win32_1.0.200.202406191623/tools/bin/../lib/gcc/arm-none-eabi/12.3.1/../../../../arm-none-eabi/lib/thumb/v7-m/nofp\libc_nano.a(libc_a-reallocr.o)
                0x08008278                _realloc_r
 .text._malloc_usable_size_r
                0x080082d4       0x10 C:/ST/STM32CubeIDE_1.16.0/STM32CubeIDE/plugins/com.st.stm32cube.ide.mcu.externaltools.gnu-tools-for-stm32.12.3.rel1.win32_1.0.200.202406191623/tools/bin/../lib/gcc/arm-none-eabi/12.3.1/../../../../arm-none-eabi/lib/thumb/v7-m/nofp\libc_nano.a(libc_a-msizer.o)
                0x080082d4                _malloc_usable_size_r
 *(.glue_7)
 .glue_7        0x080082e4        0x0 linker stubs
 *(.glue_7t)
 .glue_7t       0x080082e4        0x0 linker stubs
 *(.eh_frame)
 .eh_frame      0x080082e4        0x0 C:/ST/STM32CubeIDE_1.16.0/STM32CubeIDE/plugins/com.st.stm32cube.ide.mcu.externaltools.gnu-tools-for-stm32.12.3.rel1.win32_1.0.200.202406191623/tools/bin/../lib/gcc/arm-none-eabi/12.3.1/thumb/v7-m/nofp/crtbegin.o
 *(.init)
 .init          0x080082e4        0x4 C:/ST/STM32CubeIDE_1.16.0/STM32CubeIDE/plugins/com.st.stm32cube.ide.mcu.externaltools.gnu-tools-for-stm32.12.3.rel1.win32_1.0.200.202406191623/tools/bin/../lib/gcc/arm-none-eabi/12.3.1/thumb/v7-m/nofp/crti.o
                0x080082e4                _init
 .init          0x080082e8        0x8 C:/ST/STM32CubeIDE_1.16.0/STM32CubeIDE/plugins/com.st.stm32cube.ide.mcu.externaltools.gnu-tools-for-stm32.12.3.rel1.win32_1.0.200.202406191623/tools/bin/../lib/gcc/arm-none-eabi/12.3.1/thumb/v7-m/nofp/crtn.o
 *(.fini)
 .fini          0x080082f0        0x4 C:/ST/STM32CubeIDE_1.16.0/STM32CubeIDE/plugins/com.st.stm32cube.ide.mcu.externaltools.gnu-tools-for-stm32.12.3.rel1.win32_1.0.200.202406191623/tools/bin/../lib/gcc/arm-none-eabi/12.3.1/thumb/v7-m/nofp/crti.o
                0x080082f0                _fini
 .fini          0x080082f4        0x8 C:/ST/STM32CubeIDE_1.16.0/STM32CubeIDE/plugins/com.st.stm32cube.ide.mcu.externaltools.gnu-tools-for-stm32.12.3.rel1.win32_1.0.200.202406191623/tools/bin/../lib/gcc/arm-none-eabi/12.3.1/thumb/v7-m/nofp/crtn.o
                0x080082fc                        . = ALIGN (0x4)
                0x080082fc                        _etext = .

.vfp11_veneer   0x080082fc        0x0
 .vfp11_veneer  0x080082fc        0x0 linker stubs

.v4_bx          0x080082fc        0x0
 .v4_bx         0x080082fc        0x0 linker stubs

.iplt           0x080082fc        0x0
 .iplt          0x080082fc        0x0 C:/ST/STM32CubeIDE_1.16.0/STM32CubeIDE/plugins/com.st.stm32cube.ide.mcu.externaltools.gnu-tools-for-stm32.12.3.rel1.win32_1.0.200.202406191623/tools/bin/../lib/gcc/arm-none-eabi/12.3.1/thumb/v7-m/nofp/crtbegin.o

.rodata         0x080082fc      0x238
                0x080082fc                        . = ALIGN (0x4)
 *(.rodata)
 .rodata        0x080082fc       0x25 ./Core/Src/main.o
 *fill*         0x08008321        0x3 
 .rodata        0x08008324        0x5 ./Middlewares/FreeRTOS/tasks.o
 *fill*         0x08008329        0x3 
 .rodata        0x0800832c        0xd ./Middlewares/FreeRTOS/timers.o
 *fill*         0x08008339        0x3 
 .rodata        0x0800833c        0x7 ./user_api/api.o
 *fill*         0x08008343        0x1 
 .rodata        0x08008344        0x7 ./user_drivers/rs485/rs485.o
 *fill*         0x0800834b        0x1 
 .rodata        0x0800834c       0x5e ./user_threads/button_thread.o
 *fill*         0x080083aa        0x2 
 .rodata        0x080083ac       0x11 ./user_threads/print_msg_thread.o
 *fill*         0x080083bd        0x3 
 .rodata        0x080083c0       0x4c ./user_threads/rs485_thread.o
 *(.rodata*)
 .rodata.defaultTask_attributes
                0x0800840c       0x24 ./Core/Src/main.o
                0x0800840c                defaultTask_attributes
 .rodata.AHBPrescTable
                0x08008430       0x10 ./Core/Src/system_stm32f1xx.o
                0x08008430                AHBPrescTable
 .rodata.APBPrescTable
                0x08008440        0x8 ./Core/Src/system_stm32f1xx.o
                0x08008440                APBPrescTable
 .rodata.aPLLMULFactorTable.1
                0x08008448       0x10 ./Drivers/STM32F1xx_HAL_Driver/stm32f1xx_hal_rcc.o
 .rodata.aPredivFactorTable.0
                0x08008458        0x2 ./Drivers/STM32F1xx_HAL_Driver/stm32f1xx_hal_rcc.o
 *fill*         0x0800845a        0x2 
 .rodata._gpio_port_array
                0x0800845c       0x1c ./user_drivers/gpio_interface/gpio_io.o
 .rodata._gpio_pin_array
                0x08008478       0x1c ./user_drivers/gpio_interface/gpio_io.o
 .rodata._button_thread_attributes
                0x08008494       0x24 ./user_threads/button_thread.o
 .rodata._print_msg_thread_attributes
                0x080084b8       0x24 ./user_threads/print_msg_thread.o
 .rodata._rs485_thread_attributes
                0x080084dc       0x24 ./user_threads/rs485_thread.o
 .rodata._svfprintf_r.str1.1
                0x08008500       0x11 C:/ST/STM32CubeIDE_1.16.0/STM32CubeIDE/plugins/com.st.stm32cube.ide.mcu.externaltools.gnu-tools-for-stm32.12.3.rel1.win32_1.0.200.202406191623/tools/bin/../lib/gcc/arm-none-eabi/12.3.1/../../../../arm-none-eabi/lib/thumb/v7-m/nofp\libc_nano.a(libc_a-nano-svfprintf.o)
 .rodata._printf_i.str1.1
                0x08008511       0x22 C:/ST/STM32CubeIDE_1.16.0/STM32CubeIDE/plugins/com.st.stm32cube.ide.mcu.externaltools.gnu-tools-for-stm32.12.3.rel1.win32_1.0.200.202406191623/tools/bin/../lib/gcc/arm-none-eabi/12.3.1/../../../../arm-none-eabi/lib/thumb/v7-m/nofp\libc_nano.a(libc_a-nano-vfprintf_i.o)
                0x08008534                        . = ALIGN (0x4)
 *fill*         0x08008533        0x1 

.ARM.extab      0x08008534        0x0
                0x08008534                        . = ALIGN (0x4)
 *(.ARM.extab* .gnu.linkonce.armextab.*)
                0x08008534                        . = ALIGN (0x4)

.ARM            0x08008534        0x8
                0x08008534                        . = ALIGN (0x4)
                0x08008534                        __exidx_start = .
 *(.ARM.exidx*)
 .ARM.exidx     0x08008534        0x8 C:/ST/STM32CubeIDE_1.16.0/STM32CubeIDE/plugins/com.st.stm32cube.ide.mcu.externaltools.gnu-tools-for-stm32.12.3.rel1.win32_1.0.200.202406191623/tools/bin/../lib/gcc/arm-none-eabi/12.3.1/../../../../arm-none-eabi/lib/thumb/v7-m/nofp\libc_nano.a(libc_a-strlen.o)
 .ARM.exidx     0x0800853c        0x0 C:/ST/STM32CubeIDE_1.16.0/STM32CubeIDE/plugins/com.st.stm32cube.ide.mcu.externaltools.gnu-tools-for-stm32.12.3.rel1.win32_1.0.200.202406191623/tools/bin/../lib/gcc/arm-none-eabi/12.3.1/thumb/v7-m/nofp\libgcc.a(_udivmoddi4.o)
                                  0x8 (size before relaxing)
                0x0800853c                        __exidx_end = .
                0x0800853c                        . = ALIGN (0x4)

.preinit_array  0x0800853c        0x0
                0x0800853c                        . = ALIGN (0x4)
                0x0800853c                        PROVIDE (__preinit_array_start = .)
 *(.preinit_array*)
                0x0800853c                        PROVIDE (__preinit_array_end = .)
                0x0800853c                        . = ALIGN (0x4)

.init_array     0x0800853c        0x4
                0x0800853c                        . = ALIGN (0x4)
                0x0800853c                        PROVIDE (__init_array_start = .)
 *(SORT_BY_NAME(.init_array.*))
 *(.init_array*)
 .init_array    0x0800853c        0x4 C:/ST/STM32CubeIDE_1.16.0/STM32CubeIDE/plugins/com.st.stm32cube.ide.mcu.externaltools.gnu-tools-for-stm32.12.3.rel1.win32_1.0.200.202406191623/tools/bin/../lib/gcc/arm-none-eabi/12.3.1/thumb/v7-m/nofp/crtbegin.o
                0x08008540                        PROVIDE (__init_array_end = .)
                0x08008540                        . = ALIGN (0x4)

.fini_array     0x08008540        0x4
                0x08008540                        . = ALIGN (0x4)
                [!provide]                        PROVIDE (__fini_array_start = .)
 *(SORT_BY_NAME(.fini_array.*))
 *(.fini_array*)
 .fini_array    0x08008540        0x4 C:/ST/STM32CubeIDE_1.16.0/STM32CubeIDE/plugins/com.st.stm32cube.ide.mcu.externaltools.gnu-tools-for-stm32.12.3.rel1.win32_1.0.200.202406191623/tools/bin/../lib/gcc/arm-none-eabi/12.3.1/thumb/v7-m/nofp/crtbegin.o
                [!provide]                        PROVIDE (__fini_array_end = .)
                0x08008544                        . = ALIGN (0x4)
                0x08008544                        _sidata = LOADADDR (.data)

.rel.dyn        0x08008544        0x0
 .rel.iplt      0x08008544        0x0 C:/ST/STM32CubeIDE_1.16.0/STM32CubeIDE/plugins/com.st.stm32cube.ide.mcu.externaltools.gnu-tools-for-stm32.12.3.rel1.win32_1.0.200.202406191623/tools/bin/../lib/gcc/arm-none-eabi/12.3.1/thumb/v7-m/nofp/crtbegin.o

.data           0x20000000       0x60 load address 0x08008544
                0x20000000                        . = ALIGN (0x4)
                0x20000000                        _sdata = .
 *(.data)
 *(.data*)
 .data.SystemCoreClock
                0x20000000        0x4 ./Core/Src/system_stm32f1xx.o
                0x20000000                SystemCoreClock
 .data.uwTickPrio
                0x20000004        0x4 ./Drivers/STM32F1xx_HAL_Driver/stm32f1xx_hal.o
                0x20000004                uwTickPrio
 .data.uwTickFreq
                0x20000008        0x1 ./Drivers/STM32F1xx_HAL_Driver/stm32f1xx_hal.o
                0x20000008                uwTickFreq
 *fill*         0x20000009        0x3 
 .data.uxCriticalNesting
                0x2000000c        0x4 ./Middlewares/FreeRTOS/port.o
 .data._impure_ptr
                0x20000010        0x4 C:/ST/STM32CubeIDE_1.16.0/STM32CubeIDE/plugins/com.st.stm32cube.ide.mcu.externaltools.gnu-tools-for-stm32.12.3.rel1.win32_1.0.200.202406191623/tools/bin/../lib/gcc/arm-none-eabi/12.3.1/../../../../arm-none-eabi/lib/thumb/v7-m/nofp\libc_nano.a(libc_a-impure.o)
                0x20000010                _impure_ptr
 .data._impure_data
                0x20000014       0x4c C:/ST/STM32CubeIDE_1.16.0/STM32CubeIDE/plugins/com.st.stm32cube.ide.mcu.externaltools.gnu-tools-for-stm32.12.3.rel1.win32_1.0.200.202406191623/tools/bin/../lib/gcc/arm-none-eabi/12.3.1/../../../../arm-none-eabi/lib/thumb/v7-m/nofp\libc_nano.a(libc_a-impure.o)
                0x20000014                _impure_data
 *(.RamFunc)
 *(.RamFunc*)
                0x20000060                        . = ALIGN (0x4)
                0x20000060                        _edata = .

.igot.plt       0x20000060        0x0 load address 0x080085a4
 .igot.plt      0x20000060        0x0 C:/ST/STM32CubeIDE_1.16.0/STM32CubeIDE/plugins/com.st.stm32cube.ide.mcu.externaltools.gnu-tools-for-stm32.12.3.rel1.win32_1.0.200.202406191623/tools/bin/../lib/gcc/arm-none-eabi/12.3.1/thumb/v7-m/nofp/crtbegin.o
                0x20000060                        . = ALIGN (0x4)

.bss            0x20000060     0x42cc load address 0x080085a4
                0x20000060                        _sbss = .
                0x20000060                        __bss_start__ = _sbss
 *(.bss)
 .bss           0x20000060       0x1c C:/ST/STM32CubeIDE_1.16.0/STM32CubeIDE/plugins/com.st.stm32cube.ide.mcu.externaltools.gnu-tools-for-stm32.12.3.rel1.win32_1.0.200.202406191623/tools/bin/../lib/gcc/arm-none-eabi/12.3.1/thumb/v7-m/nofp/crtbegin.o
 *(.bss*)
 .bss.hcan      0x2000007c       0x28 ./Core/Src/main.o
                0x2000007c                hcan
 .bss.hi2c2     0x200000a4       0x54 ./Core/Src/main.o
                0x200000a4                hi2c2
 .bss.huart1    0x200000f8       0x48 ./Core/Src/main.o
                0x200000f8                huart1
 .bss.huart2    0x20000140       0x48 ./Core/Src/main.o
                0x20000140                huart2
 .bss.hpcd_USB_FS
                0x20000188      0x2d8 ./Core/Src/main.o
                0x20000188                hpcd_USB_FS
 .bss.defaultTaskHandle
                0x20000460        0x4 ./Core/Src/main.o
                0x20000460                defaultTaskHandle
 .bss.htim1     0x20000464       0x48 ./Core/Src/stm32f1xx_hal_timebase_tim.o
                0x20000464                htim1
 .bss.__sbrk_heap_end
                0x200004ac        0x4 ./Core/Src/sysmem.o
 .bss.uwTick    0x200004b0        0x4 ./Drivers/STM32F1xx_HAL_Driver/stm32f1xx_hal.o
                0x200004b0                uwTick
 .bss.KernelState
                0x200004b4        0x4 ./Middlewares/FreeRTOS/cmsis_os2.o
 .bss.Idle_TCB.3
                0x200004b8       0xa8 ./Middlewares/FreeRTOS/cmsis_os2.o
 .bss.Idle_Stack.2
                0x20000560      0x200 ./Middlewares/FreeRTOS/cmsis_os2.o
 .bss.Timer_TCB.1
                0x20000760       0xa8 ./Middlewares/FreeRTOS/cmsis_os2.o
 .bss.Timer_Stack.0
                0x20000808      0x400 ./Middlewares/FreeRTOS/cmsis_os2.o
 .bss.ucHeap    0x20000c08     0x2ee0 ./Middlewares/FreeRTOS/heap_4.o
 .bss.xStart    0x20003ae8        0x8 ./Middlewares/FreeRTOS/heap_4.o
 .bss.pxEnd     0x20003af0        0x4 ./Middlewares/FreeRTOS/heap_4.o
 .bss.xFreeBytesRemaining
                0x20003af4        0x4 ./Middlewares/FreeRTOS/heap_4.o
 .bss.xMinimumEverFreeBytesRemaining
                0x20003af8        0x4 ./Middlewares/FreeRTOS/heap_4.o
 .bss.xNumberOfSuccessfulAllocations
                0x20003afc        0x4 ./Middlewares/FreeRTOS/heap_4.o
 .bss.xNumberOfSuccessfulFrees
                0x20003b00        0x4 ./Middlewares/FreeRTOS/heap_4.o
 .bss.xBlockAllocatedBit
                0x20003b04        0x4 ./Middlewares/FreeRTOS/heap_4.o
 .bss.ucMaxSysCallPriority
                0x20003b08        0x1 ./Middlewares/FreeRTOS/port.o
 *fill*         0x20003b09        0x3 
 .bss.ulMaxPRIGROUPValue
                0x20003b0c        0x4 ./Middlewares/FreeRTOS/port.o
 .bss.xQueueRegistry
                0x20003b10       0x40 ./Middlewares/FreeRTOS/queue.o
                0x20003b10                xQueueRegistry
 .bss.pxCurrentTCB
                0x20003b50        0x4 ./Middlewares/FreeRTOS/tasks.o
                0x20003b50                pxCurrentTCB
 .bss.pxReadyTasksLists
                0x20003b54      0x460 ./Middlewares/FreeRTOS/tasks.o
 .bss.xDelayedTaskList1
                0x20003fb4       0x14 ./Middlewares/FreeRTOS/tasks.o
 .bss.xDelayedTaskList2
                0x20003fc8       0x14 ./Middlewares/FreeRTOS/tasks.o
 .bss.pxDelayedTaskList
                0x20003fdc        0x4 ./Middlewares/FreeRTOS/tasks.o
 .bss.pxOverflowDelayedTaskList
                0x20003fe0        0x4 ./Middlewares/FreeRTOS/tasks.o
 .bss.xPendingReadyList
                0x20003fe4       0x14 ./Middlewares/FreeRTOS/tasks.o
 .bss.xTasksWaitingTermination
                0x20003ff8       0x14 ./Middlewares/FreeRTOS/tasks.o
 .bss.uxDeletedTasksWaitingCleanUp
                0x2000400c        0x4 ./Middlewares/FreeRTOS/tasks.o
 .bss.xSuspendedTaskList
                0x20004010       0x14 ./Middlewares/FreeRTOS/tasks.o
 .bss.uxCurrentNumberOfTasks
                0x20004024        0x4 ./Middlewares/FreeRTOS/tasks.o
 .bss.xTickCount
                0x20004028        0x4 ./Middlewares/FreeRTOS/tasks.o
 .bss.uxTopReadyPriority
                0x2000402c        0x4 ./Middlewares/FreeRTOS/tasks.o
 .bss.xSchedulerRunning
                0x20004030        0x4 ./Middlewares/FreeRTOS/tasks.o
 .bss.xPendedTicks
                0x20004034        0x4 ./Middlewares/FreeRTOS/tasks.o
 .bss.xYieldPending
                0x20004038        0x4 ./Middlewares/FreeRTOS/tasks.o
 .bss.xNumOfOverflows
                0x2000403c        0x4 ./Middlewares/FreeRTOS/tasks.o
 .bss.uxTaskNumber
                0x20004040        0x4 ./Middlewares/FreeRTOS/tasks.o
 .bss.xNextTaskUnblockTime
                0x20004044        0x4 ./Middlewares/FreeRTOS/tasks.o
 .bss.xIdleTaskHandle
                0x20004048        0x4 ./Middlewares/FreeRTOS/tasks.o
 .bss.uxSchedulerSuspended
                0x2000404c        0x4 ./Middlewares/FreeRTOS/tasks.o
 .bss.xActiveTimerList1
                0x20004050       0x14 ./Middlewares/FreeRTOS/timers.o
 .bss.xActiveTimerList2
                0x20004064       0x14 ./Middlewares/FreeRTOS/timers.o
 .bss.pxCurrentTimerList
                0x20004078        0x4 ./Middlewares/FreeRTOS/timers.o
 .bss.pxOverflowTimerList
                0x2000407c        0x4 ./Middlewares/FreeRTOS/timers.o
 .bss.xTimerQueue
                0x20004080        0x4 ./Middlewares/FreeRTOS/timers.o
 .bss.xTimerTaskHandle
                0x20004084        0x4 ./Middlewares/FreeRTOS/timers.o
 .bss.xLastTime.2
                0x20004088        0x4 ./Middlewares/FreeRTOS/timers.o
 .bss.ucStaticTimerQueueStorage.1
                0x2000408c       0xa0 ./Middlewares/FreeRTOS/timers.o
 .bss.xStaticTimerQueue.0
                0x2000412c       0x50 ./Middlewares/FreeRTOS/timers.o
 .bss._periph_event_id
                0x2000417c        0x4 ./user_callbacks/callback.o
 .bss._gpio_interface_handle_array
                0x20004180        0x8 ./user_drivers/link_interface/link_interface.o
 .bss._hw_uart_interface_handle_array
                0x20004188       0x48 ./user_drivers/link_interface/link_interface.o
 .bss._periph_event_id
                0x200041d0        0x4 ./user_events/events.o
 .bss._print_msg_queue_id
                0x200041d4        0x4 ./user_messages/messages.o
 .bss._button_thread_id
                0x200041d8        0x4 ./user_threads/button_thread.o
 .bss._print_msg_thread_id
                0x200041dc        0x4 ./user_threads/print_msg_thread.o
 .bss._rs485_thread_id
                0x200041e0        0x4 ./user_threads/rs485_thread.o
 .bss.__sf      0x200041e4      0x138 C:/ST/STM32CubeIDE_1.16.0/STM32CubeIDE/plugins/com.st.stm32cube.ide.mcu.externaltools.gnu-tools-for-stm32.12.3.rel1.win32_1.0.200.202406191623/tools/bin/../lib/gcc/arm-none-eabi/12.3.1/../../../../arm-none-eabi/lib/thumb/v7-m/nofp\libc_nano.a(libc_a-findfp.o)
                0x200041e4                __sf
 .bss.errno     0x2000431c        0x4 C:/ST/STM32CubeIDE_1.16.0/STM32CubeIDE/plugins/com.st.stm32cube.ide.mcu.externaltools.gnu-tools-for-stm32.12.3.rel1.win32_1.0.200.202406191623/tools/bin/../lib/gcc/arm-none-eabi/12.3.1/../../../../arm-none-eabi/lib/thumb/v7-m/nofp\libc_nano.a(libc_a-reent.o)
                0x2000431c                errno
 .bss.__lock___malloc_recursive_mutex
                0x20004320        0x1 C:/ST/STM32CubeIDE_1.16.0/STM32CubeIDE/plugins/com.st.stm32cube.ide.mcu.externaltools.gnu-tools-for-stm32.12.3.rel1.win32_1.0.200.202406191623/tools/bin/../lib/gcc/arm-none-eabi/12.3.1/../../../../arm-none-eabi/lib/thumb/v7-m/nofp\libc_nano.a(libc_a-lock.o)
                0x20004320                __lock___malloc_recursive_mutex
 *fill*         0x20004321        0x3 
 .bss.__malloc_sbrk_start
                0x20004324        0x4 C:/ST/STM32CubeIDE_1.16.0/STM32CubeIDE/plugins/com.st.stm32cube.ide.mcu.externaltools.gnu-tools-for-stm32.12.3.rel1.win32_1.0.200.202406191623/tools/bin/../lib/gcc/arm-none-eabi/12.3.1/../../../../arm-none-eabi/lib/thumb/v7-m/nofp\libc_nano.a(libc_a-mallocr.o)
                0x20004324                __malloc_sbrk_start
 .bss.__malloc_free_list
                0x20004328        0x4 C:/ST/STM32CubeIDE_1.16.0/STM32CubeIDE/plugins/com.st.stm32cube.ide.mcu.externaltools.gnu-tools-for-stm32.12.3.rel1.win32_1.0.200.202406191623/tools/bin/../lib/gcc/arm-none-eabi/12.3.1/../../../../arm-none-eabi/lib/thumb/v7-m/nofp\libc_nano.a(libc_a-mallocr.o)
                0x20004328                __malloc_free_list
 *(COMMON)
                0x2000432c                        . = ALIGN (0x4)
                0x2000432c                        _ebss = .
                0x2000432c                        __bss_end__ = _ebss

._user_heap_stack
                0x2000432c      0xc04 load address 0x080085a4
                0x20004330                        . = ALIGN (0x8)
 *fill*         0x2000432c        0x4 
                [!provide]                        PROVIDE (end = .)
                0x20004330                        PROVIDE (_end = .)
                0x20004730                        . = (. + _Min_Heap_Size)
 *fill*         0x20004330      0x400 
                0x20004f30                        . = (. + _Min_Stack_Size)
 *fill*         0x20004730      0x800 
                0x20004f30                        . = ALIGN (0x8)

/DISCARD/
 libc.a(*)
 libm.a(*)
 libgcc.a(*)

.ARM.attributes
                0x00000000       0x29
 *(.ARM.attributes)
 .ARM.attributes
                0x00000000       0x1d C:/ST/STM32CubeIDE_1.16.0/STM32CubeIDE/plugins/com.st.stm32cube.ide.mcu.externaltools.gnu-tools-for-stm32.12.3.rel1.win32_1.0.200.202406191623/tools/bin/../lib/gcc/arm-none-eabi/12.3.1/thumb/v7-m/nofp/crti.o
 .ARM.attributes
                0x0000001d       0x2d C:/ST/STM32CubeIDE_1.16.0/STM32CubeIDE/plugins/com.st.stm32cube.ide.mcu.externaltools.gnu-tools-for-stm32.12.3.rel1.win32_1.0.200.202406191623/tools/bin/../lib/gcc/arm-none-eabi/12.3.1/thumb/v7-m/nofp/crtbegin.o
 .ARM.attributes
                0x0000004a       0x2d ./Core/Src/freertos.o
 .ARM.attributes
                0x00000077       0x2d ./Core/Src/main.o
 .ARM.attributes
                0x000000a4       0x2d ./Core/Src/stm32f1xx_hal_msp.o
 .ARM.attributes
                0x000000d1       0x2d ./Core/Src/stm32f1xx_hal_timebase_tim.o
 .ARM.attributes
                0x000000fe       0x2d ./Core/Src/stm32f1xx_it.o
 .ARM.attributes
                0x0000012b       0x2d ./Core/Src/sysmem.o
 .ARM.attributes
                0x00000158       0x2d ./Core/Src/system_stm32f1xx.o
 .ARM.attributes
                0x00000185       0x21 ./Core/Startup/startup_stm32f103cbtx.o
 .ARM.attributes
                0x000001a6       0x2d ./Drivers/STM32F1xx_HAL_Driver/stm32f1xx_hal.o
 .ARM.attributes
                0x000001d3       0x2d ./Drivers/STM32F1xx_HAL_Driver/stm32f1xx_hal_can.o
 .ARM.attributes
                0x00000200       0x2d ./Drivers/STM32F1xx_HAL_Driver/stm32f1xx_hal_cortex.o
 .ARM.attributes
                0x0000022d       0x2d ./Drivers/STM32F1xx_HAL_Driver/stm32f1xx_hal_dma.o
 .ARM.attributes
                0x0000025a       0x2d ./Drivers/STM32F1xx_HAL_Driver/stm32f1xx_hal_gpio.o
 .ARM.attributes
                0x00000287       0x2d ./Drivers/STM32F1xx_HAL_Driver/stm32f1xx_hal_i2c.o
 .ARM.attributes
                0x000002b4       0x2d ./Drivers/STM32F1xx_HAL_Driver/stm32f1xx_hal_pcd.o
 .ARM.attributes
                0x000002e1       0x2d ./Drivers/STM32F1xx_HAL_Driver/stm32f1xx_hal_rcc.o
 .ARM.attributes
                0x0000030e       0x2d ./Drivers/STM32F1xx_HAL_Driver/stm32f1xx_hal_rcc_ex.o
 .ARM.attributes
                0x0000033b       0x2d ./Drivers/STM32F1xx_HAL_Driver/stm32f1xx_hal_tim.o
 .ARM.attributes
                0x00000368       0x2d ./Drivers/STM32F1xx_HAL_Driver/stm32f1xx_hal_tim_ex.o
 .ARM.attributes
                0x00000395       0x2d ./Drivers/STM32F1xx_HAL_Driver/stm32f1xx_hal_uart.o
 .ARM.attributes
                0x000003c2       0x2d ./Drivers/STM32F1xx_HAL_Driver/stm32f1xx_ll_usb.o
 .ARM.attributes
                0x000003ef       0x2d ./Middlewares/FreeRTOS/cmsis_os2.o
 .ARM.attributes
                0x0000041c       0x2d ./Middlewares/FreeRTOS/event_groups.o
 .ARM.attributes
                0x00000449       0x2d ./Middlewares/FreeRTOS/heap_4.o
 .ARM.attributes
                0x00000476       0x2d ./Middlewares/FreeRTOS/list.o
 .ARM.attributes
                0x000004a3       0x2d ./Middlewares/FreeRTOS/port.o
 .ARM.attributes
                0x000004d0       0x2d ./Middlewares/FreeRTOS/queue.o
 .ARM.attributes
                0x000004fd       0x2d ./Middlewares/FreeRTOS/tasks.o
 .ARM.attributes
                0x0000052a       0x2d ./Middlewares/FreeRTOS/timers.o
 .ARM.attributes
                0x00000557       0x2d ./user_api/api.o
 .ARM.attributes
                0x00000584       0x2d ./user_callbacks/callback.o
 .ARM.attributes
                0x000005b1       0x2d ./user_drivers/gpio_interface/gpio_io.o
 .ARM.attributes
                0x000005de       0x2d ./user_drivers/link_interface/link_interface.o
 .ARM.attributes
                0x0000060b       0x2d ./user_drivers/periph_interface/periph_io.o
 .ARM.attributes
                0x00000638       0x2d ./user_drivers/rs485/rs485.o
 .ARM.attributes
                0x00000665       0x2d ./user_drivers/simple_led/simple_led.o
 .ARM.attributes
                0x00000692       0x2d ./user_drivers/user_hw_abstraction_layer.o
 .ARM.attributes
                0x000006bf       0x2d ./user_events/events.o
 .ARM.attributes
                0x000006ec       0x2d ./user_messages/messages.o
 .ARM.attributes
                0x00000719       0x2d ./user_threads/button_thread.o
 .ARM.attributes
                0x00000746       0x2d ./user_threads/print_msg_thread.o
 .ARM.attributes
                0x00000773       0x2d ./user_threads/rs485_thread.o
 .ARM.attributes
                0x000007a0       0x2d C:/ST/STM32CubeIDE_1.16.0/STM32CubeIDE/plugins/com.st.stm32cube.ide.mcu.externaltools.gnu-tools-for-stm32.12.3.rel1.win32_1.0.200.202406191623/tools/bin/../lib/gcc/arm-none-eabi/12.3.1/../../../../arm-none-eabi/lib/thumb/v7-m/nofp\libc_nano.a(libc_a-findfp.o)
 .ARM.attributes
                0x000007cd       0x2d C:/ST/STM32CubeIDE_1.16.0/STM32CubeIDE/plugins/com.st.stm32cube.ide.mcu.externaltools.gnu-tools-for-stm32.12.3.rel1.win32_1.0.200.202406191623/tools/bin/../lib/gcc/arm-none-eabi/12.3.1/../../../../arm-none-eabi/lib/thumb/v7-m/nofp\libc_nano.a(libc_a-sprintf.o)
 .ARM.attributes
                0x000007fa       0x2d C:/ST/STM32CubeIDE_1.16.0/STM32CubeIDE/plugins/com.st.stm32cube.ide.mcu.externaltools.gnu-tools-for-stm32.12.3.rel1.win32_1.0.200.202406191623/tools/bin/../lib/gcc/arm-none-eabi/12.3.1/../../../../arm-none-eabi/lib/thumb/v7-m/nofp\libc_nano.a(libc_a-memset.o)
 .ARM.attributes
                0x00000827       0x2d C:/ST/STM32CubeIDE_1.16.0/STM32CubeIDE/plugins/com.st.stm32cube.ide.mcu.externaltools.gnu-tools-for-stm32.12.3.rel1.win32_1.0.200.202406191623/tools/bin/../lib/gcc/arm-none-eabi/12.3.1/../../../../arm-none-eabi/lib/thumb/v7-m/nofp\libc_nano.a(libc_a-reent.o)
 .ARM.attributes
                0x00000854       0x2d C:/ST/STM32CubeIDE_1.16.0/STM32CubeIDE/plugins/com.st.stm32cube.ide.mcu.externaltools.gnu-tools-for-stm32.12.3.rel1.win32_1.0.200.202406191623/tools/bin/../lib/gcc/arm-none-eabi/12.3.1/../../../../arm-none-eabi/lib/thumb/v7-m/nofp\libc_nano.a(libc_a-impure.o)
 .ARM.attributes
                0x00000881       0x2d C:/ST/STM32CubeIDE_1.16.0/STM32CubeIDE/plugins/com.st.stm32cube.ide.mcu.externaltools.gnu-tools-for-stm32.12.3.rel1.win32_1.0.200.202406191623/tools/bin/../lib/gcc/arm-none-eabi/12.3.1/../../../../arm-none-eabi/lib/thumb/v7-m/nofp\libc_nano.a(libc_a-errno.o)
 .ARM.attributes
                0x000008ae       0x2d C:/ST/STM32CubeIDE_1.16.0/STM32CubeIDE/plugins/com.st.stm32cube.ide.mcu.externaltools.gnu-tools-for-stm32.12.3.rel1.win32_1.0.200.202406191623/tools/bin/../lib/gcc/arm-none-eabi/12.3.1/../../../../arm-none-eabi/lib/thumb/v7-m/nofp\libc_nano.a(libc_a-init.o)
 .ARM.attributes
                0x000008db       0x2d C:/ST/STM32CubeIDE_1.16.0/STM32CubeIDE/plugins/com.st.stm32cube.ide.mcu.externaltools.gnu-tools-for-stm32.12.3.rel1.win32_1.0.200.202406191623/tools/bin/../lib/gcc/arm-none-eabi/12.3.1/../../../../arm-none-eabi/lib/thumb/v7-m/nofp\libc_nano.a(libc_a-lock.o)
 .ARM.attributes
                0x00000908       0x2d C:/ST/STM32CubeIDE_1.16.0/STM32CubeIDE/plugins/com.st.stm32cube.ide.mcu.externaltools.gnu-tools-for-stm32.12.3.rel1.win32_1.0.200.202406191623/tools/bin/../lib/gcc/arm-none-eabi/12.3.1/../../../../arm-none-eabi/lib/thumb/v7-m/nofp\libc_nano.a(libc_a-memcpy-stub.o)
 .ARM.attributes
                0x00000935       0x17 C:/ST/STM32CubeIDE_1.16.0/STM32CubeIDE/plugins/com.st.stm32cube.ide.mcu.externaltools.gnu-tools-for-stm32.12.3.rel1.win32_1.0.200.202406191623/tools/bin/../lib/gcc/arm-none-eabi/12.3.1/../../../../arm-none-eabi/lib/thumb/v7-m/nofp\libc_nano.a(libc_a-strlen.o)
 .ARM.attributes
                0x0000094c       0x2d C:/ST/STM32CubeIDE_1.16.0/STM32CubeIDE/plugins/com.st.stm32cube.ide.mcu.externaltools.gnu-tools-for-stm32.12.3.rel1.win32_1.0.200.202406191623/tools/bin/../lib/gcc/arm-none-eabi/12.3.1/../../../../arm-none-eabi/lib/thumb/v7-m/nofp\libc_nano.a(libc_a-freer.o)
 .ARM.attributes
                0x00000979       0x2d C:/ST/STM32CubeIDE_1.16.0/STM32CubeIDE/plugins/com.st.stm32cube.ide.mcu.externaltools.gnu-tools-for-stm32.12.3.rel1.win32_1.0.200.202406191623/tools/bin/../lib/gcc/arm-none-eabi/12.3.1/../../../../arm-none-eabi/lib/thumb/v7-m/nofp\libc_nano.a(libc_a-mallocr.o)
 .ARM.attributes
                0x000009a6       0x2d C:/ST/STM32CubeIDE_1.16.0/STM32CubeIDE/plugins/com.st.stm32cube.ide.mcu.externaltools.gnu-tools-for-stm32.12.3.rel1.win32_1.0.200.202406191623/tools/bin/../lib/gcc/arm-none-eabi/12.3.1/../../../../arm-none-eabi/lib/thumb/v7-m/nofp\libc_nano.a(libc_a-mlock.o)
 .ARM.attributes
                0x000009d3       0x2d C:/ST/STM32CubeIDE_1.16.0/STM32CubeIDE/plugins/com.st.stm32cube.ide.mcu.externaltools.gnu-tools-for-stm32.12.3.rel1.win32_1.0.200.202406191623/tools/bin/../lib/gcc/arm-none-eabi/12.3.1/../../../../arm-none-eabi/lib/thumb/v7-m/nofp\libc_nano.a(libc_a-nano-svfprintf.o)
 .ARM.attributes
                0x00000a00       0x2d C:/ST/STM32CubeIDE_1.16.0/STM32CubeIDE/plugins/com.st.stm32cube.ide.mcu.externaltools.gnu-tools-for-stm32.12.3.rel1.win32_1.0.200.202406191623/tools/bin/../lib/gcc/arm-none-eabi/12.3.1/../../../../arm-none-eabi/lib/thumb/v7-m/nofp\libc_nano.a(libc_a-nano-vfprintf_i.o)
 .ARM.attributes
                0x00000a2d       0x2d C:/ST/STM32CubeIDE_1.16.0/STM32CubeIDE/plugins/com.st.stm32cube.ide.mcu.externaltools.gnu-tools-for-stm32.12.3.rel1.win32_1.0.200.202406191623/tools/bin/../lib/gcc/arm-none-eabi/12.3.1/../../../../arm-none-eabi/lib/thumb/v7-m/nofp\libc_nano.a(libc_a-memmove.o)
 .ARM.attributes
                0x00000a5a       0x2d C:/ST/STM32CubeIDE_1.16.0/STM32CubeIDE/plugins/com.st.stm32cube.ide.mcu.externaltools.gnu-tools-for-stm32.12.3.rel1.win32_1.0.200.202406191623/tools/bin/../lib/gcc/arm-none-eabi/12.3.1/../../../../arm-none-eabi/lib/thumb/v7-m/nofp\libc_nano.a(libc_a-sbrkr.o)
 .ARM.attributes
                0x00000a87       0x2d C:/ST/STM32CubeIDE_1.16.0/STM32CubeIDE/plugins/com.st.stm32cube.ide.mcu.externaltools.gnu-tools-for-stm32.12.3.rel1.win32_1.0.200.202406191623/tools/bin/../lib/gcc/arm-none-eabi/12.3.1/../../../../arm-none-eabi/lib/thumb/v7-m/nofp\libc_nano.a(libc_a-memchr-stub.o)
 .ARM.attributes
                0x00000ab4       0x2d C:/ST/STM32CubeIDE_1.16.0/STM32CubeIDE/plugins/com.st.stm32cube.ide.mcu.externaltools.gnu-tools-for-stm32.12.3.rel1.win32_1.0.200.202406191623/tools/bin/../lib/gcc/arm-none-eabi/12.3.1/../../../../arm-none-eabi/lib/thumb/v7-m/nofp\libc_nano.a(libc_a-reallocr.o)
 .ARM.attributes
                0x00000ae1       0x2d C:/ST/STM32CubeIDE_1.16.0/STM32CubeIDE/plugins/com.st.stm32cube.ide.mcu.externaltools.gnu-tools-for-stm32.12.3.rel1.win32_1.0.200.202406191623/tools/bin/../lib/gcc/arm-none-eabi/12.3.1/../../../../arm-none-eabi/lib/thumb/v7-m/nofp\libc_nano.a(libc_a-msizer.o)
 .ARM.attributes
                0x00000b0e       0x1d C:/ST/STM32CubeIDE_1.16.0/STM32CubeIDE/plugins/com.st.stm32cube.ide.mcu.externaltools.gnu-tools-for-stm32.12.3.rel1.win32_1.0.200.202406191623/tools/bin/../lib/gcc/arm-none-eabi/12.3.1/thumb/v7-m/nofp\libgcc.a(_aeabi_uldivmod.o)
 .ARM.attributes
                0x00000b2b       0x2d C:/ST/STM32CubeIDE_1.16.0/STM32CubeIDE/plugins/com.st.stm32cube.ide.mcu.externaltools.gnu-tools-for-stm32.12.3.rel1.win32_1.0.200.202406191623/tools/bin/../lib/gcc/arm-none-eabi/12.3.1/thumb/v7-m/nofp\libgcc.a(_udivmoddi4.o)
 .ARM.attributes
                0x00000b58       0x1d C:/ST/STM32CubeIDE_1.16.0/STM32CubeIDE/plugins/com.st.stm32cube.ide.mcu.externaltools.gnu-tools-for-stm32.12.3.rel1.win32_1.0.200.202406191623/tools/bin/../lib/gcc/arm-none-eabi/12.3.1/thumb/v7-m/nofp\libgcc.a(_dvmd_tls.o)
 .ARM.attributes
                0x00000b75       0x1d C:/ST/STM32CubeIDE_1.16.0/STM32CubeIDE/plugins/com.st.stm32cube.ide.mcu.externaltools.gnu-tools-for-stm32.12.3.rel1.win32_1.0.200.202406191623/tools/bin/../lib/gcc/arm-none-eabi/12.3.1/thumb/v7-m/nofp/crtn.o
OUTPUT(mini_mth_v1.elf elf32-littlearm)
LOAD linker stubs
LOAD C:/ST/STM32CubeIDE_1.16.0/STM32CubeIDE/plugins/com.st.stm32cube.ide.mcu.externaltools.gnu-tools-for-stm32.12.3.rel1.win32_1.0.200.202406191623/tools/bin/../lib/gcc/arm-none-eabi/12.3.1/../../../../arm-none-eabi/lib/thumb/v7-m/nofp\libc.a
LOAD C:/ST/STM32CubeIDE_1.16.0/STM32CubeIDE/plugins/com.st.stm32cube.ide.mcu.externaltools.gnu-tools-for-stm32.12.3.rel1.win32_1.0.200.202406191623/tools/bin/../lib/gcc/arm-none-eabi/12.3.1/../../../../arm-none-eabi/lib/thumb/v7-m/nofp\libm.a
LOAD C:/ST/STM32CubeIDE_1.16.0/STM32CubeIDE/plugins/com.st.stm32cube.ide.mcu.externaltools.gnu-tools-for-stm32.12.3.rel1.win32_1.0.200.202406191623/tools/bin/../lib/gcc/arm-none-eabi/12.3.1/thumb/v7-m/nofp\libgcc.a

.debug_info     0x00000000    0x24d08
 .debug_info    0x00000000       0xcb ./Core/Src/freertos.o
 .debug_info    0x000000cb     0x2196 ./Core/Src/main.o
 .debug_info    0x00002261     0x15f7 ./Core/Src/stm32f1xx_hal_msp.o
 .debug_info    0x00003858      0x99a ./Core/Src/stm32f1xx_hal_timebase_tim.o
 .debug_info    0x000041f2      0x913 ./Core/Src/stm32f1xx_it.o
 .debug_info    0x00004b05      0x168 ./Core/Src/sysmem.o
 .debug_info    0x00004c6d      0x222 ./Core/Src/system_stm32f1xx.o
 .debug_info    0x00004e8f       0x30 ./Core/Startup/startup_stm32f103cbtx.o
 .debug_info    0x00004ebf      0x704 ./Drivers/STM32F1xx_HAL_Driver/stm32f1xx_hal.o
 .debug_info    0x000055c3      0xf13 ./Drivers/STM32F1xx_HAL_Driver/stm32f1xx_hal_can.o
 .debug_info    0x000064d6      0xa87 ./Drivers/STM32F1xx_HAL_Driver/stm32f1xx_hal_cortex.o
 .debug_info    0x00006f5d      0x6d2 ./Drivers/STM32F1xx_HAL_Driver/stm32f1xx_hal_dma.o
 .debug_info    0x0000762f      0x5ab ./Drivers/STM32F1xx_HAL_Driver/stm32f1xx_hal_gpio.o
 .debug_info    0x00007bda     0x2524 ./Drivers/STM32F1xx_HAL_Driver/stm32f1xx_hal_i2c.o
 .debug_info    0x0000a0fe     0x16dc ./Drivers/STM32F1xx_HAL_Driver/stm32f1xx_hal_pcd.o
 .debug_info    0x0000b7da      0x7d5 ./Drivers/STM32F1xx_HAL_Driver/stm32f1xx_hal_rcc.o
 .debug_info    0x0000bfaf      0x3c0 ./Drivers/STM32F1xx_HAL_Driver/stm32f1xx_hal_rcc_ex.o
 .debug_info    0x0000c36f     0x2959 ./Drivers/STM32F1xx_HAL_Driver/stm32f1xx_hal_tim.o
 .debug_info    0x0000ecc8     0x149b ./Drivers/STM32F1xx_HAL_Driver/stm32f1xx_hal_tim_ex.o
 .debug_info    0x00010163     0x2eed ./Drivers/STM32F1xx_HAL_Driver/stm32f1xx_hal_uart.o
 .debug_info    0x00013050     0x17ae ./Drivers/STM32F1xx_HAL_Driver/stm32f1xx_ll_usb.o
 .debug_info    0x000147fe     0x4094 ./Middlewares/FreeRTOS/cmsis_os2.o
 .debug_info    0x00018892      0xbd1 ./Middlewares/FreeRTOS/event_groups.o
 .debug_info    0x00019463      0x4d5 ./Middlewares/FreeRTOS/heap_4.o
 .debug_info    0x00019938      0x2af ./Middlewares/FreeRTOS/list.o
 .debug_info    0x00019be7      0x494 ./Middlewares/FreeRTOS/port.o
 .debug_info    0x0001a07b     0x1b79 ./Middlewares/FreeRTOS/queue.o
 .debug_info    0x0001bbf4     0x28d9 ./Middlewares/FreeRTOS/tasks.o
 .debug_info    0x0001e4cd     0x1b50 ./Middlewares/FreeRTOS/timers.o
 .debug_info    0x0002001d      0x4f8 ./user_api/api.o
 .debug_info    0x00020515      0x874 ./user_callbacks/callback.o
 .debug_info    0x00020d89      0x472 ./user_drivers/gpio_interface/gpio_io.o
 .debug_info    0x000211fb      0x623 ./user_drivers/link_interface/link_interface.o
 .debug_info    0x0002181e      0xc9c ./user_drivers/periph_interface/periph_io.o
 .debug_info    0x000224ba      0x59e ./user_drivers/rs485/rs485.o
 .debug_info    0x00022a58      0x253 ./user_drivers/simple_led/simple_led.o
 .debug_info    0x00022cab      0x726 ./user_drivers/user_hw_abstraction_layer.o
 .debug_info    0x000233d1      0x162 ./user_events/events.o
 .debug_info    0x00023533      0x1f4 ./user_messages/messages.o
 .debug_info    0x00023727      0x42f ./user_threads/button_thread.o
 .debug_info    0x00023b56      0x93c ./user_threads/print_msg_thread.o
 .debug_info    0x00024492      0x876 ./user_threads/rs485_thread.o

.debug_abbrev   0x00000000     0x5741
 .debug_abbrev  0x00000000       0x7c ./Core/Src/freertos.o
 .debug_abbrev  0x0000007c      0x373 ./Core/Src/main.o
 .debug_abbrev  0x000003ef      0x26b ./Core/Src/stm32f1xx_hal_msp.o
 .debug_abbrev  0x0000065a      0x1f3 ./Core/Src/stm32f1xx_hal_timebase_tim.o
 .debug_abbrev  0x0000084d      0x188 ./Core/Src/stm32f1xx_it.o
 .debug_abbrev  0x000009d5       0xbc ./Core/Src/sysmem.o
 .debug_abbrev  0x00000a91      0x13f ./Core/Src/system_stm32f1xx.o
 .debug_abbrev  0x00000bd0       0x24 ./Core/Startup/startup_stm32f103cbtx.o
 .debug_abbrev  0x00000bf4      0x201 ./Drivers/STM32F1xx_HAL_Driver/stm32f1xx_hal.o
 .debug_abbrev  0x00000df5      0x21c ./Drivers/STM32F1xx_HAL_Driver/stm32f1xx_hal_can.o
 .debug_abbrev  0x00001011      0x2f8 ./Drivers/STM32F1xx_HAL_Driver/stm32f1xx_hal_cortex.o
 .debug_abbrev  0x00001309      0x20b ./Drivers/STM32F1xx_HAL_Driver/stm32f1xx_hal_dma.o
 .debug_abbrev  0x00001514      0x1ca ./Drivers/STM32F1xx_HAL_Driver/stm32f1xx_hal_gpio.o
 .debug_abbrev  0x000016de      0x2a3 ./Drivers/STM32F1xx_HAL_Driver/stm32f1xx_hal_i2c.o
 .debug_abbrev  0x00001981      0x2d6 ./Drivers/STM32F1xx_HAL_Driver/stm32f1xx_hal_pcd.o
 .debug_abbrev  0x00001c57      0x2b3 ./Drivers/STM32F1xx_HAL_Driver/stm32f1xx_hal_rcc.o
 .debug_abbrev  0x00001f0a      0x188 ./Drivers/STM32F1xx_HAL_Driver/stm32f1xx_hal_rcc_ex.o
 .debug_abbrev  0x00002092      0x277 ./Drivers/STM32F1xx_HAL_Driver/stm32f1xx_hal_tim.o
 .debug_abbrev  0x00002309      0x282 ./Drivers/STM32F1xx_HAL_Driver/stm32f1xx_hal_tim_ex.o
 .debug_abbrev  0x0000258b      0x2f8 ./Drivers/STM32F1xx_HAL_Driver/stm32f1xx_hal_uart.o
 .debug_abbrev  0x00002883      0x1de ./Drivers/STM32F1xx_HAL_Driver/stm32f1xx_ll_usb.o
 .debug_abbrev  0x00002a61      0x54b ./Middlewares/FreeRTOS/cmsis_os2.o
 .debug_abbrev  0x00002fac      0x322 ./Middlewares/FreeRTOS/event_groups.o
 .debug_abbrev  0x000032ce      0x21d ./Middlewares/FreeRTOS/heap_4.o
 .debug_abbrev  0x000034eb       0xf5 ./Middlewares/FreeRTOS/list.o
 .debug_abbrev  0x000035e0      0x258 ./Middlewares/FreeRTOS/port.o
 .debug_abbrev  0x00003838      0x3b6 ./Middlewares/FreeRTOS/queue.o
 .debug_abbrev  0x00003bee      0x3fe ./Middlewares/FreeRTOS/tasks.o
 .debug_abbrev  0x00003fec      0x368 ./Middlewares/FreeRTOS/timers.o
 .debug_abbrev  0x00004354      0x1d1 ./user_api/api.o
 .debug_abbrev  0x00004525      0x1c3 ./user_callbacks/callback.o
 .debug_abbrev  0x000046e8      0x1d9 ./user_drivers/gpio_interface/gpio_io.o
 .debug_abbrev  0x000048c1      0x155 ./user_drivers/link_interface/link_interface.o
 .debug_abbrev  0x00004a16      0x22d ./user_drivers/periph_interface/periph_io.o
 .debug_abbrev  0x00004c43      0x196 ./user_drivers/rs485/rs485.o
 .debug_abbrev  0x00004dd9      0x11e ./user_drivers/simple_led/simple_led.o
 .debug_abbrev  0x00004ef7      0x182 ./user_drivers/user_hw_abstraction_layer.o
 .debug_abbrev  0x00005079       0xec ./user_events/events.o
 .debug_abbrev  0x00005165       0xec ./user_messages/messages.o
 .debug_abbrev  0x00005251      0x1a7 ./user_threads/button_thread.o
 .debug_abbrev  0x000053f8      0x1cb ./user_threads/print_msg_thread.o
 .debug_abbrev  0x000055c3      0x17e ./user_threads/rs485_thread.o

.debug_aranges  0x00000000     0x1e80
 .debug_aranges
                0x00000000       0x20 ./Core/Src/freertos.o
 .debug_aranges
                0x00000020       0x70 ./Core/Src/main.o
 .debug_aranges
                0x00000090       0x60 ./Core/Src/stm32f1xx_hal_msp.o
 .debug_aranges
                0x000000f0       0x30 ./Core/Src/stm32f1xx_hal_timebase_tim.o
 .debug_aranges
                0x00000120       0x58 ./Core/Src/stm32f1xx_it.o
 .debug_aranges
                0x00000178       0x20 ./Core/Src/sysmem.o
 .debug_aranges
                0x00000198       0x28 ./Core/Src/system_stm32f1xx.o
 .debug_aranges
                0x000001c0       0x28 ./Core/Startup/startup_stm32f103cbtx.o
 .debug_aranges
                0x000001e8       0xe0 ./Drivers/STM32F1xx_HAL_Driver/stm32f1xx_hal.o
 .debug_aranges
                0x000002c8      0x138 ./Drivers/STM32F1xx_HAL_Driver/stm32f1xx_hal_can.o
 .debug_aranges
                0x00000400      0x100 ./Drivers/STM32F1xx_HAL_Driver/stm32f1xx_hal_cortex.o
 .debug_aranges
                0x00000500       0x80 ./Drivers/STM32F1xx_HAL_Driver/stm32f1xx_hal_dma.o
 .debug_aranges
                0x00000580       0x58 ./Drivers/STM32F1xx_HAL_Driver/stm32f1xx_hal_gpio.o
 .debug_aranges
                0x000005d8      0x2a8 ./Drivers/STM32F1xx_HAL_Driver/stm32f1xx_hal_i2c.o
 .debug_aranges
                0x00000880      0x140 ./Drivers/STM32F1xx_HAL_Driver/stm32f1xx_hal_pcd.o
 .debug_aranges
                0x000009c0       0x90 ./Drivers/STM32F1xx_HAL_Driver/stm32f1xx_hal_rcc.o
 .debug_aranges
                0x00000a50       0x30 ./Drivers/STM32F1xx_HAL_Driver/stm32f1xx_hal_rcc_ex.o
 .debug_aranges
                0x00000a80      0x3d0 ./Drivers/STM32F1xx_HAL_Driver/stm32f1xx_hal_tim.o
 .debug_aranges
                0x00000e50      0x168 ./Drivers/STM32F1xx_HAL_Driver/stm32f1xx_hal_tim_ex.o
 .debug_aranges
                0x00000fb8      0x208 ./Drivers/STM32F1xx_HAL_Driver/stm32f1xx_hal_uart.o
 .debug_aranges
                0x000011c0       0xf8 ./Drivers/STM32F1xx_HAL_Driver/stm32f1xx_ll_usb.o
 .debug_aranges
                0x000012b8      0x2b8 ./Middlewares/FreeRTOS/cmsis_os2.o
 .debug_aranges
                0x00001570       0x90 ./Middlewares/FreeRTOS/event_groups.o
 .debug_aranges
                0x00001600       0x58 ./Middlewares/FreeRTOS/heap_4.o
 .debug_aranges
                0x00001658       0x40 ./Middlewares/FreeRTOS/list.o
 .debug_aranges
                0x00001698       0x78 ./Middlewares/FreeRTOS/port.o
 .debug_aranges
                0x00001710      0x158 ./Middlewares/FreeRTOS/queue.o
 .debug_aranges