Archive member included to satisfy reference by file (symbol)

C:/ST/STM32CubeIDE_1.16.0/STM32CubeIDE/plugins/com.st.stm32cube.ide.mcu.externaltools.gnu-tools-for-stm32.12.3.rel1.win32_1.0.200.202406191623/tools/bin/../lib/gcc/arm-none-eabi/12.3.1/../../../../arm-none-eabi/lib/thumb/v7-m/nofp\libc_nano.a(libc_a-exit.o)
                              C:/ST/STM32CubeIDE_1.16.0/STM32CubeIDE/plugins/com.st.stm32cube.ide.mcu.externaltools.gnu-tools-for-stm32.12.3.rel1.win32_1.0.200.202406191623/tools/bin/../lib/gcc/arm-none-eabi/12.3.1/../../../../arm-none-eabi/lib/thumb/v7-m/nofp/crt0.o (exit)
C:/ST/STM32CubeIDE_1.16.0/STM32CubeIDE/plugins/com.st.stm32cube.ide.mcu.externaltools.gnu-tools-for-stm32.12.3.rel1.win32_1.0.200.202406191623/tools/bin/../lib/gcc/arm-none-eabi/12.3.1/../../../../arm-none-eabi/lib/thumb/v7-m/nofp\libc_nano.a(libc_a-findfp.o)
                              ./Middlewares/FreeRTOS/tasks.o (__sf)
C:/ST/STM32CubeIDE_1.16.0/STM32CubeIDE/plugins/com.st.stm32cube.ide.mcu.externaltools.gnu-tools-for-stm32.12.3.rel1.win32_1.0.200.202406191623/tools/bin/../lib/gcc/arm-none-eabi/12.3.1/../../../../arm-none-eabi/lib/thumb/v7-m/nofp\libc_nano.a(libc_a-fwalk.o)
                              C:/ST/STM32CubeIDE_1.16.0/STM32CubeIDE/plugins/com.st.stm32cube.ide.mcu.externaltools.gnu-tools-for-stm32.12.3.rel1.win32_1.0.200.202406191623/tools/bin/../lib/gcc/arm-none-eabi/12.3.1/../../../../arm-none-eabi/lib/thumb/v7-m/nofp\libc_nano.a(libc_a-findfp.o) (_fwalk_sglue)
C:/ST/STM32CubeIDE_1.16.0/STM32CubeIDE/plugins/com.st.stm32cube.ide.mcu.externaltools.gnu-tools-for-stm32.12.3.rel1.win32_1.0.200.202406191623/tools/bin/../lib/gcc/arm-none-eabi/12.3.1/../../../../arm-none-eabi/lib/thumb/v7-m/nofp\libc_nano.a(libc_a-sprintf.o)
                              ./user_api/api.o (sprintf)
C:/ST/STM32CubeIDE_1.16.0/STM32CubeIDE/plugins/com.st.stm32cube.ide.mcu.externaltools.gnu-tools-for-stm32.12.3.rel1.win32_1.0.200.202406191623/tools/bin/../lib/gcc/arm-none-eabi/12.3.1/../../../../arm-none-eabi/lib/thumb/v7-m/nofp\libc_nano.a(libc_a-stdio.o)
                              C:/ST/STM32CubeIDE_1.16.0/STM32CubeIDE/plugins/com.st.stm32cube.ide.mcu.externaltools.gnu-tools-for-stm32.12.3.rel1.win32_1.0.200.202406191623/tools/bin/../lib/gcc/arm-none-eabi/12.3.1/../../../../arm-none-eabi/lib/thumb/v7-m/nofp\libc_nano.a(libc_a-findfp.o) (__sread)
C:/ST/STM32CubeIDE_1.16.0/STM32CubeIDE/plugins/com.st.stm32cube.ide.mcu.externaltools.gnu-tools-for-stm32.12.3.rel1.win32_1.0.200.202406191623/tools/bin/../lib/gcc/arm-none-eabi/12.3.1/../../../../arm-none-eabi/lib/thumb/v7-m/nofp\libc_nano.a(libc_a-memset.o)
                              C:/ST/STM32CubeIDE_1.16.0/STM32CubeIDE/plugins/com.st.stm32cube.ide.mcu.externaltools.gnu-tools-for-stm32.12.3.rel1.win32_1.0.200.202406191623/tools/bin/../lib/gcc/arm-none-eabi/12.3.1/../../../../arm-none-eabi/lib/thumb/v7-m/nofp/crt0.o (memset)
C:/ST/STM32CubeIDE_1.16.0/STM32CubeIDE/plugins/com.st.stm32cube.ide.mcu.externaltools.gnu-tools-for-stm32.12.3.rel1.win32_1.0.200.202406191623/tools/bin/../lib/gcc/arm-none-eabi/12.3.1/../../../../arm-none-eabi/lib/thumb/v7-m/nofp\libc_nano.a(libc_a-closer.o)
                              C:/ST/STM32CubeIDE_1.16.0/STM32CubeIDE/plugins/com.st.stm32cube.ide.mcu.externaltools.gnu-tools-for-stm32.12.3.rel1.win32_1.0.200.202406191623/tools/bin/../lib/gcc/arm-none-eabi/12.3.1/../../../../arm-none-eabi/lib/thumb/v7-m/nofp\libc_nano.a(libc_a-stdio.o) (_close_r)
C:/ST/STM32CubeIDE_1.16.0/STM32CubeIDE/plugins/com.st.stm32cube.ide.mcu.externaltools.gnu-tools-for-stm32.12.3.rel1.win32_1.0.200.202406191623/tools/bin/../lib/gcc/arm-none-eabi/12.3.1/../../../../arm-none-eabi/lib/thumb/v7-m/nofp\libc_nano.a(libc_a-reent.o)
                              ./Middlewares/FreeRTOS/tasks.o (_reclaim_reent)
C:/ST/STM32CubeIDE_1.16.0/STM32CubeIDE/plugins/com.st.stm32cube.ide.mcu.externaltools.gnu-tools-for-stm32.12.3.rel1.win32_1.0.200.202406191623/tools/bin/../lib/gcc/arm-none-eabi/12.3.1/../../../../arm-none-eabi/lib/thumb/v7-m/nofp\libc_nano.a(libc_a-impure.o)
                              ./Middlewares/FreeRTOS/tasks.o (_impure_ptr)
C:/ST/STM32CubeIDE_1.16.0/STM32CubeIDE/plugins/com.st.stm32cube.ide.mcu.externaltools.gnu-tools-for-stm32.12.3.rel1.win32_1.0.200.202406191623/tools/bin/../lib/gcc/arm-none-eabi/12.3.1/../../../../arm-none-eabi/lib/thumb/v7-m/nofp\libc_nano.a(libc_a-lseekr.o)
                              C:/ST/STM32CubeIDE_1.16.0/STM32CubeIDE/plugins/com.st.stm32cube.ide.mcu.externaltools.gnu-tools-for-stm32.12.3.rel1.win32_1.0.200.202406191623/tools/bin/../lib/gcc/arm-none-eabi/12.3.1/../../../../arm-none-eabi/lib/thumb/v7-m/nofp\libc_nano.a(libc_a-stdio.o) (_lseek_r)
C:/ST/STM32CubeIDE_1.16.0/STM32CubeIDE/plugins/com.st.stm32cube.ide.mcu.externaltools.gnu-tools-for-stm32.12.3.rel1.win32_1.0.200.202406191623/tools/bin/../lib/gcc/arm-none-eabi/12.3.1/../../../../arm-none-eabi/lib/thumb/v7-m/nofp\libc_nano.a(libc_a-readr.o)
[...]
Memory Configuration

Name             Origin             Length             Attributes
RAM              0x20000000         0x00005000         xrw
FLASH            0x08000000         0x00020000         xr
*default*        0x00000000         0xffffffff

Linker script and memory map

LOAD C:/ST/STM32CubeIDE_1.16.0/STM32CubeIDE/plugins/com.st.stm32cube.ide.mcu.externaltools.gnu-tools-for-stm32.12.3.rel1.win32_1.0.200.202406191623/tools/bin/../lib/gcc/arm-none-eabi/12.3.1/thumb/v7-m/nofp/crti.o
LOAD C:/ST/STM32CubeIDE_1.16.0/STM32CubeIDE/plugins/com.st.stm32cube.ide.mcu.externaltools.gnu-tools-for-stm32.12.3.rel1.win32_1.0.200.202406191623/tools/bin/../lib/gcc/arm-none-eabi/12.3.1/thumb/v7-m/nofp/crtbegin.o
LOAD C:/ST/STM32CubeIDE_1.16.0/STM32CubeIDE/plugins/com.st.stm32cube.ide.mcu.externaltools.gnu-tools-for-stm32.12.3.rel1.win32_1.0.200.202406191623/tools/bin/../lib/gcc/arm-none-eabi/12.3.1/../../../../arm-none-eabi/lib/thumb/v7-m/nofp/crt0.o
LOAD ./Core/Src/freertos.o
LOAD ./Core/Src/main.o
LOAD ./Core/Src/stm32f1xx_hal_msp.o
LOAD ./Core/Src/stm32f1xx_hal_timebase_tim.o
LOAD ./Core/Src/stm32f1xx_it.o
LOAD ./Core/Src/syscalls.o
LOAD ./Core/Src/sysmem.o
LOAD ./Core/Src/system_stm32f1xx.o
LOAD ./Core/Startup/startup_stm32f103cbtx.o
LOAD ./Drivers/STM32F1xx_HAL_Driver/stm32f1xx_hal.o
LOAD ./Drivers/STM32F1xx_HAL_Driver/stm32f1xx_hal_can.o
LOAD ./Drivers/STM32F1xx_HAL_Driver/stm32f1xx_hal_cortex.o
LOAD ./Drivers/STM32F1xx_HAL_Driver/stm32f1xx_hal_dma.o
LOAD ./Drivers/STM32F1xx_HAL_Driver/stm32f1xx_hal_exti.o
LOAD ./Drivers/STM32F1xx_HAL_Driver/stm32f1xx_hal_flash.o
LOAD ./Drivers/STM32F1xx_HAL_Driver/stm32f1xx_hal_flash_ex.o
LOAD ./Drivers/STM32F1xx_HAL_Driver/stm32f1xx_hal_gpio.o
LOAD ./Drivers/STM32F1xx_HAL_Driver/stm32f1xx_hal_gpio_ex.o
LOAD ./Drivers/STM32F1xx_HAL_Driver/stm32f1xx_hal_i2c.o
LOAD ./Drivers/STM32F1xx_HAL_Driver/stm32f1xx_hal_pcd.o
LOAD ./Drivers/STM32F1xx_HAL_Driver/stm32f1xx_hal_pcd_ex.o
LOAD ./Drivers/STM32F1xx_HAL_Driver/stm32f1xx_hal_pwr.o
LOAD ./Drivers/STM32F1xx_HAL_Driver/stm32f1xx_hal_rcc.o
LOAD ./Drivers/STM32F1xx_HAL_Driver/stm32f1xx_hal_rcc_ex.o
LOAD ./Drivers/STM32F1xx_HAL_Driver/stm32f1xx_hal_tim.o
LOAD ./Drivers/STM32F1xx_HAL_Driver/stm32f1xx_hal_tim_ex.o
LOAD ./Drivers/STM32F1xx_HAL_Driver/stm32f1xx_hal_uart.o
LOAD ./Drivers/STM32F1xx_HAL_Driver/stm32f1xx_ll_usb.o
LOAD ./Middlewares/FreeRTOS/cmsis_os2.o
LOAD ./Middlewares/FreeRTOS/croutine.o
LOAD ./Middlewares/FreeRTOS/event_groups.o
LOAD ./Middlewares/FreeRTOS/heap_4.o
LOAD ./Middlewares/FreeRTOS/list.o
LOAD ./Middlewares/FreeRTOS/port.o
LOAD ./Middlewares/FreeRTOS/queue.o
LOAD ./Middlewares/FreeRTOS/stream_buffer.o
LOAD ./Middlewares/FreeRTOS/tasks.o
LOAD ./Middlewares/FreeRTOS/timers.o
LOAD ./Middlewares/USB_Device_Library/usbd_cdc.o
LOAD ./Middlewares/USB_Device_Library/usbd_core.o
LOAD ./Middlewares/USB_Device_Library/usbd_ctlreq.o
LOAD ./Middlewares/USB_Device_Library/usbd_ioreq.o
LOAD ./USB_DEVICE/App/usb_device.o
LOAD ./USB_DEVICE/App/usbd_cdc_if.o
LOAD ./USB_DEVICE/App/usbd_desc.o
LOAD ./USB_DEVICE/Target/usbd_conf.o
LOAD ./user_api/api.o
LOAD ./user_callbacks/callback.o
LOAD ./user_drivers/gpio_interface/gpio_io.o
LOAD ./user_drivers/link_interface/link_interface.o
LOAD ./user_drivers/periph_interface/periph_io.o
LOAD ./user_drivers/simple_led/simple_led.o
LOAD ./user_drivers/user_hw_abstraction_layer.o
LOAD ./user_events/events.o
LOAD ./user_messages/messages.o
LOAD ./user_threads/button_thread.o
LOAD ./user_threads/print_msg_thread.o
START GROUP
LOAD C:/ST/STM32CubeIDE_1.16.0/STM32CubeIDE/plugins/com.st.stm32cube.ide.mcu.externaltools.gnu-tools-for-stm32.12.3.rel1.win32_1.0.200.202406191623/tools/bin/../lib/gcc/arm-none-eabi/12.3.1/../../../../arm-none-eabi/lib/thumb/v7-m/nofp\libc_nano.a
LOAD C:/ST/STM32CubeIDE_1.16.0/STM32CubeIDE/plugins/com.st.stm32cube.ide.mcu.externaltools.gnu-tools-for-stm32.12.3.rel1.win32_1.0.200.202406191623/tools/bin/../lib/gcc/arm-none-eabi/12.3.1/../../../../arm-none-eabi/lib/thumb/v7-m/nofp\libm.a
END GROUP
START GROUP
LOAD C:/ST/STM32CubeIDE_1.16.0/STM32CubeIDE/plugins/com.st.stm32cube.ide.mcu.externaltools.gnu-tools-for-stm32.12.3.rel1.win32_1.0.200.202406191623/tools/bin/../lib/gcc/arm-none-eabi/12.3.1/thumb/v7-m/nofp\libgcc.a
LOAD C:/ST/STM32CubeIDE_1.16.0/STM32CubeIDE/plugins/com.st.stm32cube.ide.mcu.externaltools.gnu-tools-for-stm32.12.3.rel1.win32_1.0.200.202406191623/tools/bin/../lib/gcc/arm-none-eabi/12.3.1/../../../../arm-none-eabi/lib/thumb/v7-m/nofp\libc_nano.a
END GROUP
START GROUP
LOAD C:/ST/STM32CubeIDE_1.16.0/STM32CubeIDE/plugins/com.st.stm32cube.ide.mcu.externaltools.gnu-tools-for-stm32.12.3.rel1.win32_1.0.200.202406191623/tools/bin/../lib/gcc/arm-none-eabi/12.3.1/thumb/v7-m/nofp\libgcc.a
LOAD C:/ST/STM32CubeIDE_1.16.0/STM32CubeIDE/plugins/com.st.stm32cube.ide.mcu.externaltools.gnu-tools-for-stm32.12.3.rel1.win32_1.0.200.202406191623/tools/bin/../lib/gcc/arm-none-eabi/12.3.1/../../../../arm-none-eabi/lib/thumb/v7-m/nofp\libc_nano.a
LOAD C:/ST/STM32CubeIDE_1.16.0/STM32CubeIDE/plugins/com.st.stm32cube.ide.mcu.externaltools.gnu-tools-for-stm32.12.3.rel1.win32_1.0.200.202406191623/tools/bin/../lib/gcc/arm-none-eabi/12.3.1/../../../../arm-none-eabi/lib/thumb/v7-m/nofp\libnosys.a
END GROUP
START GROUP
LOAD C:/ST/STM32CubeIDE_1.16.0/STM32CubeIDE/plugins/com.st.stm32cube.ide.mcu.externaltools.gnu-tools-for-stm32.12.3.rel1.win32_1.0.200.202406191623/tools/bin/../lib/gcc/arm-none-eabi/12.3.1/thumb/v7-m/nofp\libgcc.a
LOAD C:/ST/STM32CubeIDE_1.16.0/STM32CubeIDE/plugins/com.st.stm32cube.ide.mcu.externaltools.gnu-tools-for-stm32.12.3.rel1.win32_1.0.200.202406191623/tools/bin/../lib/gcc/arm-none-eabi/12.3.1/../../../../arm-none-eabi/lib/thumb/v7-m/nofp\libc_nano.a
LOAD C:/ST/STM32CubeIDE_1.16.0/STM32CubeIDE/plugins/com.st.stm32cube.ide.mcu.externaltools.gnu-tools-for-stm32.12.3.rel1.win32_1.0.200.202406191623/tools/bin/../lib/gcc/arm-none-eabi/12.3.1/../../../../arm-none-eabi/lib/thumb/v7-m/nofp\libnosys.a
END GROUP
LOAD C:/ST/STM32CubeIDE_1.16.0/STM32CubeIDE/plugins/com.st.stm32cube.ide.mcu.externaltools.gnu-tools-for-stm32.12.3.rel1.win32_1.0.200.202406191623/tools/bin/../lib/gcc/arm-none-eabi/12.3.1/thumb/v7-m/nofp/crtend.o
LOAD C:/ST/STM32CubeIDE_1.16.0/STM32CubeIDE/plugins/com.st.stm32cube.ide.mcu.externaltools.gnu-tools-for-stm32.12.3.rel1.win32_1.0.200.202406191623/tools/bin/../lib/gcc/arm-none-eabi/12.3.1/thumb/v7-m/nofp/crtn.o
                0x20005000                        _estack = (ORIGIN (RAM) + LENGTH (RAM))
                0x00000200                        _Min_Heap_Size = 0x200
                0x00000400                        _Min_Stack_Size = 0x400

.isr_vector     0x08000000      0x10c
                0x08000000                        . = ALIGN (0x4)
 *(.isr_vector)
 .isr_vector    0x08000000      0x10c ./Core/Startup/startup_stm32f103cbtx.o
                0x08000000                g_pfnVectors
                0x0800010c                        . = ALIGN (0x4)

.text           0x08000110     0xde38
                0x08000110                        . = ALIGN (0x4)
 *(.text)
 .text          0x08000110       0x40 C:/ST/STM32CubeIDE_1.16.0/STM32CubeIDE/plugins/com.st.stm32cube.ide.mcu.externaltools.gnu-tools-for-stm32.12.3.rel1.win32_1.0.200.202406191623/tools/bin/../lib/gcc/arm-none-eabi/12.3.1/thumb/v7-m/nofp/crtbegin.o
 .text          0x08000150       0x10 C:/ST/STM32CubeIDE_1.16.0/STM32CubeIDE/plugins/com.st.stm32cube.ide.mcu.externaltools.gnu-tools-for-stm32.12.3.rel1.win32_1.0.200.202406191623/tools/bin/../lib/gcc/arm-none-eabi/12.3.1/../../../../arm-none-eabi/lib/thumb/v7-m/nofp\libc_nano.a(libc_a-strlen.o)
                0x08000150                strlen
 .text          0x08000160       0x30 C:/ST/STM32CubeIDE_1.16.0/STM32CubeIDE/plugins/com.st.stm32cube.ide.mcu.externaltools.gnu-tools-for-stm32.12.3.rel1.win32_1.0.200.202406191623/tools/bin/../lib/gcc/arm-none-eabi/12.3.1/thumb/v7-m/nofp\libgcc.a(_aeabi_uldivmod.o)
                0x08000160                __aeabi_uldivmod
 .text          0x08000190      0x2b8 C:/ST/STM32CubeIDE_1.16.0/STM32CubeIDE/plugins/com.st.stm32cube.ide.mcu.externaltools.gnu-tools-for-stm32.12.3.rel1.win32_1.0.200.202406191623/tools/bin/../lib/gcc/arm-none-eabi/12.3.1/thumb/v7-m/nofp\libgcc.a(_udivmoddi4.o)
                0x08000190                __udivmoddi4
 .text          0x08000448        0x4 C:/ST/STM32CubeIDE_1.16.0/STM32CubeIDE/plugins/com.st.stm32cube.ide.mcu.externaltools.gnu-tools-for-stm32.12.3.rel1.win32_1.0.200.202406191623/tools/bin/../lib/gcc/arm-none-eabi/12.3.1/thumb/v7-m/nofp\libgcc.a(_dvmd_tls.o)
                0x08000448                __aeabi_idiv0
                0x08000448                __aeabi_ldiv0
 *(.text*)
 .text.main     0x0800044c       0xb0 ./Core/Src/main.o
                0x0800044c                main
 .text.SystemClock_Config
                0x080004fc       0xc0 ./Core/Src/main.o
                0x080004fc                SystemClock_Config
 .text.MX_CAN_Init
                0x080005bc       0x68 ./Core/Src/main.o
 .text.MX_I2C2_Init
                0x08000624       0x5c ./Core/Src/main.o
 .text.MX_USART1_UART_Init
                0x08000680       0x54 ./Core/Src/main.o
 .text.MX_USART2_UART_Init
                0x080006d4       0x54 ./Core/Src/main.o
 .text.MX_GPIO_Init
                0x08000728      0x178 ./Core/Src/main.o
 .text.StartDefaultTask
                0x080008a0       0x38 ./Core/Src/main.o
                0x080008a0                StartDefaultTask
 .text.HAL_TIM_PeriodElapsedCallback
                0x080008d8       0x24 ./Core/Src/main.o
                0x080008d8                HAL_TIM_PeriodElapsedCallback
 .text.Error_Handler
                0x080008fc        0xc ./Core/Src/main.o
                0x080008fc                Error_Handler
 .text.HAL_MspInit
                0x08000908       0x70 ./Core/Src/stm32f1xx_hal_msp.o
                0x08000908                HAL_MspInit
 .text.HAL_CAN_MspInit
                0x08000978       0xd0 ./Core/Src/stm32f1xx_hal_msp.o
                0x08000978                HAL_CAN_MspInit
 .text.HAL_I2C_MspInit
                0x08000a48       0x80 ./Core/Src/stm32f1xx_hal_msp.o
                0x08000a48                HAL_I2C_MspInit
 .text.HAL_UART_MspInit
                0x08000ac8      0x108 ./Core/Src/stm32f1xx_hal_msp.o
                0x08000ac8                HAL_UART_MspInit
 .text.HAL_InitTick
                0x08000bd0       0xe4 ./Core/Src/stm32f1xx_hal_timebase_tim.o
                0x08000bd0                HAL_InitTick
 .text.NMI_Handler
                0x08000cb4        0x8 ./Core/Src/stm32f1xx_it.o
                0x08000cb4                NMI_Handler
 .text.HardFault_Handler
                0x08000cbc        0x8 ./Core/Src/stm32f1xx_it.o
                0x08000cbc                HardFault_Handler
 .text.MemManage_Handler
                0x08000cc4        0x8 ./Core/Src/stm32f1xx_it.o
                0x08000cc4                MemManage_Handler
 .text.BusFault_Handler
                0x08000ccc        0x8 ./Core/Src/stm32f1xx_it.o
                0x08000ccc                BusFault_Handler
 .text.UsageFault_Handler
                0x08000cd4        0x8 ./Core/Src/stm32f1xx_it.o
                0x08000cd4                UsageFault_Handler
 .text.DebugMon_Handler
                0x08000cdc        0xc ./Core/Src/stm32f1xx_it.o
                0x08000cdc                DebugMon_Handler
 .text.USB_LP_CAN1_RX0_IRQHandler
                0x08000ce8       0x1c ./Core/Src/stm32f1xx_it.o
                0x08000ce8                USB_LP_CAN1_RX0_IRQHandler
 .text.TIM1_UP_IRQHandler
                0x08000d04       0x14 ./Core/Src/stm32f1xx_it.o
                0x08000d04                TIM1_UP_IRQHandler
 .text._sbrk    0x08000d18       0x6c ./Core/Src/sysmem.o
                0x08000d18                _sbrk
 .text.SystemInit
                0x08000d84        0xc ./Core/Src/system_stm32f1xx.o
                0x08000d84                SystemInit
 .text.Reset_Handler
                0x08000d90       0x48 ./Core/Startup/startup_stm32f103cbtx.o
                0x08000d90                Reset_Handler
 .text.Default_Handler
                0x08000dd8        0x2 ./Core/Startup/startup_stm32f103cbtx.o
                0x08000dd8                RTC_Alarm_IRQHandler
                0x08000dd8                EXTI2_IRQHandler
                0x08000dd8                TIM1_CC_IRQHandler
                0x08000dd8                PVD_IRQHandler
                0x08000dd8                EXTI3_IRQHandler
                0x08000dd8                EXTI0_IRQHandler
                0x08000dd8                I2C2_EV_IRQHandler
                0x08000dd8                ADC1_2_IRQHandler
                0x08000dd8                SPI1_IRQHandler
                0x08000dd8                TAMPER_IRQHandler
                0x08000dd8                DMA1_Channel4_IRQHandler
                0x08000dd8                USART3_IRQHandler
                0x08000dd8                RTC_IRQHandler
                0x08000dd8                DMA1_Channel7_IRQHandler
                0x08000dd8                CAN1_RX1_IRQHandler
                0x08000dd8                TIM4_IRQHandler
                0x08000dd8                I2C1_EV_IRQHandler
                0x08000dd8                DMA1_Channel6_IRQHandler
                0x08000dd8                TIM3_IRQHandler
                0x08000dd8                RCC_IRQHandler
                0x08000dd8                TIM1_TRG_COM_IRQHandler
                0x08000dd8                DMA1_Channel1_IRQHandler
                0x08000dd8                Default_Handler
                0x08000dd8                EXTI15_10_IRQHandler
                0x08000dd8                EXTI9_5_IRQHandler
                0x08000dd8                SPI2_IRQHandler
                0x08000dd8                DMA1_Channel5_IRQHandler
                0x08000dd8                EXTI4_IRQHandler
                0x08000dd8                USB_HP_CAN1_TX_IRQHandler
                0x08000dd8                DMA1_Channel3_IRQHandler
                0x08000dd8                WWDG_IRQHandler
                0x08000dd8                TIM2_IRQHandler
                0x08000dd8                TIM1_BRK_IRQHandler
                0x08000dd8                EXTI1_IRQHandler
                0x08000dd8                USART2_IRQHandler
                0x08000dd8                I2C2_ER_IRQHandler
                0x08000dd8                DMA1_Channel2_IRQHandler
                0x08000dd8                CAN1_SCE_IRQHandler
                0x08000dd8                FLASH_IRQHandler
                0x08000dd8                USART1_IRQHandler
                0x08000dd8                I2C1_ER_IRQHandler
                0x08000dd8                USBWakeUp_IRQHandler
 *fill*         0x08000dda        0x2 
 .text.HAL_Init
                0x08000ddc       0x2c ./Drivers/STM32F1xx_HAL_Driver/stm32f1xx_hal.o
                0x08000ddc                HAL_Init
 .text.HAL_IncTick
                0x08000e08       0x24 ./Drivers/STM32F1xx_HAL_Driver/stm32f1xx_hal.o
                0x08000e08                HAL_IncTick
 .text.HAL_GetTick
                0x08000e2c       0x14 ./Drivers/STM32F1xx_HAL_Driver/stm32f1xx_hal.o
                0x08000e2c                HAL_GetTick
 .text.HAL_CAN_Init
                0x08000e40      0x1f6 ./Drivers/STM32F1xx_HAL_Driver/stm32f1xx_hal_can.o
                0x08000e40                HAL_CAN_Init
 .text.HAL_CAN_IRQHandler
                0x08001036      0x36e ./Drivers/STM32F1xx_HAL_Driver/stm32f1xx_hal_can.o
                0x08001036                HAL_CAN_IRQHandler
 .text.HAL_CAN_TxMailbox0CompleteCallback
                0x080013a4       0x12 ./Drivers/STM32F1xx_HAL_Driver/stm32f1xx_hal_can.o
                0x080013a4                HAL_CAN_TxMailbox0CompleteCallback
 .text.HAL_CAN_TxMailbox1CompleteCallback
                0x080013b6       0x12 ./Drivers/STM32F1xx_HAL_Driver/stm32f1xx_hal_can.o
                0x080013b6                HAL_CAN_TxMailbox1CompleteCallback
 .text.HAL_CAN_TxMailbox2CompleteCallback
                0x080013c8       0x12 ./Drivers/STM32F1xx_HAL_Driver/stm32f1xx_hal_can.o
                0x080013c8                HAL_CAN_TxMailbox2CompleteCallback
 .text.HAL_CAN_TxMailbox0AbortCallback
                0x080013da       0x12 ./Drivers/STM32F1xx_HAL_Driver/stm32f1xx_hal_can.o
                0x080013da                HAL_CAN_TxMailbox0AbortCallback
 .text.HAL_CAN_TxMailbox1AbortCallback
                0x080013ec       0x12 ./Drivers/STM32F1xx_HAL_Driver/stm32f1xx_hal_can.o
                0x080013ec                HAL_CAN_TxMailbox1AbortCallback
 .text.HAL_CAN_TxMailbox2AbortCallback
                0x080013fe       0x12 ./Drivers/STM32F1xx_HAL_Driver/stm32f1xx_hal_can.o
                0x080013fe                HAL_CAN_TxMailbox2AbortCallback
 .text.HAL_CAN_RxFifo0MsgPendingCallback
                0x08001410       0x12 ./Drivers/STM32F1xx_HAL_Driver/stm32f1xx_hal_can.o
                0x08001410                HAL_CAN_RxFifo0MsgPendingCallback
 .text.HAL_CAN_RxFifo0FullCallback
                0x08001422       0x12 ./Drivers/STM32F1xx_HAL_Driver/stm32f1xx_hal_can.o
                0x08001422                HAL_CAN_RxFifo0FullCallback
 .text.HAL_CAN_RxFifo1MsgPendingCallback
                0x08001434       0x12 ./Drivers/STM32F1xx_HAL_Driver/stm32f1xx_hal_can.o
                0x08001434                HAL_CAN_RxFifo1MsgPendingCallback
 .text.HAL_CAN_RxFifo1FullCallback
                0x08001446       0x12 ./Drivers/STM32F1xx_HAL_Driver/stm32f1xx_hal_can.o
                0x08001446                HAL_CAN_RxFifo1FullCallback
 .text.HAL_CAN_SleepCallback
                0x08001458       0x12 ./Drivers/STM32F1xx_HAL_Driver/stm32f1xx_hal_can.o
                0x08001458                HAL_CAN_SleepCallback
 .text.HAL_CAN_WakeUpFromRxMsgCallback
                0x0800146a       0x12 ./Drivers/STM32F1xx_HAL_Driver/stm32f1xx_hal_can.o
                0x0800146a                HAL_CAN_WakeUpFromRxMsgCallback
 .text.HAL_CAN_ErrorCallback
                0x0800147c       0x12 ./Drivers/STM32F1xx_HAL_Driver/stm32f1xx_hal_can.o
                0x0800147c                HAL_CAN_ErrorCallback
 *fill*         0x0800148e        0x2 
 .text.__NVIC_SetPriorityGrouping
                0x08001490       0x48 ./Drivers/STM32F1xx_HAL_Driver/stm32f1xx_hal_cortex.o
 .text.__NVIC_GetPriorityGrouping
                0x080014d8       0x1c ./Drivers/STM32F1xx_HAL_Driver/stm32f1xx_hal_cortex.o
 .text.__NVIC_EnableIRQ
                0x080014f4       0x38 ./Drivers/STM32F1xx_HAL_Driver/stm32f1xx_hal_cortex.o
 .text.__NVIC_SetPriority
                0x0800152c       0x54 ./Drivers/STM32F1xx_HAL_Driver/stm32f1xx_hal_cortex.o
 .text.NVIC_EncodePriority
                0x08001580       0x64 ./Drivers/STM32F1xx_HAL_Driver/stm32f1xx_hal_cortex.o
 .text.HAL_NVIC_SetPriorityGrouping
                0x080015e4       0x16 ./Drivers/STM32F1xx_HAL_Driver/stm32f1xx_hal_cortex.o
                0x080015e4                HAL_NVIC_SetPriorityGrouping
 .text.HAL_NVIC_SetPriority
                0x080015fa       0x38 ./Drivers/STM32F1xx_HAL_Driver/stm32f1xx_hal_cortex.o
                0x080015fa                HAL_NVIC_SetPriority
 .text.HAL_NVIC_EnableIRQ
                0x08001632       0x1c ./Drivers/STM32F1xx_HAL_Driver/stm32f1xx_hal_cortex.o
                0x08001632                HAL_NVIC_EnableIRQ
 .text.HAL_DMA_Start_IT
                0x0800164e       0xc0 ./Drivers/STM32F1xx_HAL_Driver/stm32f1xx_hal_dma.o
                0x0800164e                HAL_DMA_Start_IT
 .text.DMA_SetConfig
                0x0800170e       0x5a ./Drivers/STM32F1xx_HAL_Driver/stm32f1xx_hal_dma.o
 .text.HAL_GPIO_Init
                0x08001768      0x308 ./Drivers/STM32F1xx_HAL_Driver/stm32f1xx_hal_gpio.o
                0x08001768                HAL_GPIO_Init
 .text.HAL_GPIO_ReadPin
                0x08001a70       0x2e ./Drivers/STM32F1xx_HAL_Driver/stm32f1xx_hal_gpio.o
                0x08001a70                HAL_GPIO_ReadPin
 .text.HAL_GPIO_WritePin
                0x08001a9e       0x30 ./Drivers/STM32F1xx_HAL_Driver/stm32f1xx_hal_gpio.o
                0x08001a9e                HAL_GPIO_WritePin
 *fill*         0x08001ace        0x2 
 .text.HAL_I2C_Init
                0x08001ad0      0x288 ./Drivers/STM32F1xx_HAL_Driver/stm32f1xx_hal_i2c.o
                0x08001ad0                HAL_I2C_Init
 .text.HAL_PCD_Init
                0x08001d58      0x1ec ./Drivers/STM32F1xx_HAL_Driver/stm32f1xx_hal_pcd.o
                0x08001d58                HAL_PCD_Init
 .text.HAL_PCD_Start
                0x08001f44       0x4c ./Drivers/STM32F1xx_HAL_Driver/stm32f1xx_hal_pcd.o
                0x08001f44                HAL_PCD_Start
 .text.HAL_PCD_IRQHandler
                0x08001f90      0x260 ./Drivers/STM32F1xx_HAL_Driver/stm32f1xx_hal_pcd.o
                0x08001f90                HAL_PCD_IRQHandler
 .text.HAL_PCD_SetAddress
                0x080021f0       0x48 ./Drivers/STM32F1xx_HAL_Driver/stm32f1xx_hal_pcd.o
                0x080021f0                HAL_PCD_SetAddress
 .text.HAL_PCD_EP_Open
                0x08002238       0xba ./Drivers/STM32F1xx_HAL_Driver/stm32f1xx_hal_pcd.o
                0x08002238                HAL_PCD_EP_Open
 .text.HAL_PCD_EP_Close
                0x080022f2       0x90 ./Drivers/STM32F1xx_HAL_Driver/stm32f1xx_hal_pcd.o
                0x080022f2                HAL_PCD_EP_Close
 .text.HAL_PCD_EP_Receive
                0x08002382       0x62 ./Drivers/STM32F1xx_HAL_Driver/stm32f1xx_hal_pcd.o
                0x08002382                HAL_PCD_EP_Receive
 .text.HAL_PCD_EP_GetRxCount
                0x080023e4       0x2e ./Drivers/STM32F1xx_HAL_Driver/stm32f1xx_hal_pcd.o
                0x080023e4                HAL_PCD_EP_GetRxCount
 .text.HAL_PCD_EP_Transmit
                0x08002412       0x6e ./Drivers/STM32F1xx_HAL_Driver/stm32f1xx_hal_pcd.o
                0x08002412                HAL_PCD_EP_Transmit
 .text.HAL_PCD_EP_SetStall
                0x08002480       0xc0 ./Drivers/STM32F1xx_HAL_Driver/stm32f1xx_hal_pcd.o
                0x08002480                HAL_PCD_EP_SetStall
 .text.HAL_PCD_EP_ClrStall
                0x08002540       0xa8 ./Drivers/STM32F1xx_HAL_Driver/stm32f1xx_hal_pcd.o
                0x08002540                HAL_PCD_EP_ClrStall
 .text.PCD_EP_ISR_Handler
                0x080025e8      0x79e ./Drivers/STM32F1xx_HAL_Driver/stm32f1xx_hal_pcd.o
 .text.HAL_PCD_EP_DB_Receive
                0x08002d86      0x21a ./Drivers/STM32F1xx_HAL_Driver/stm32f1xx_hal_pcd.o
 .text.HAL_PCD_EP_DB_Transmit
                0x08002fa0      0x7f4 ./Drivers/STM32F1xx_HAL_Driver/stm32f1xx_hal_pcd.o
 .text.HAL_PCDEx_PMAConfig
                0x08003794       0x84 ./Drivers/STM32F1xx_HAL_Driver/stm32f1xx_hal_pcd_ex.o
                0x08003794                HAL_PCDEx_PMAConfig
 .text.HAL_RCC_OscConfig
                0x08003818      0x504 ./Drivers/STM32F1xx_HAL_Driver/stm32f1xx_hal_rcc.o
                0x08003818                HAL_RCC_OscConfig
 .text.HAL_RCC_ClockConfig
                0x08003d1c      0x1d4 ./Drivers/STM32F1xx_HAL_Driver/stm32f1xx_hal_rcc.o
                0x08003d1c                HAL_RCC_ClockConfig
 .text.HAL_RCC_MCOConfig
                0x08003ef0       0x70 ./Drivers/STM32F1xx_HAL_Driver/stm32f1xx_hal_rcc.o
                0x08003ef0                HAL_RCC_MCOConfig
 .text.HAL_RCC_GetSysClockFreq
                0x08003f60       0xac ./Drivers/STM32F1xx_HAL_Driver/stm32f1xx_hal_rcc.o
                0x08003f60                HAL_RCC_GetSysClockFreq
 .text.HAL_RCC_GetHCLKFreq
                0x0800400c       0x14 ./Drivers/STM32F1xx_HAL_Driver/stm32f1xx_hal_rcc.o
                0x0800400c                HAL_RCC_GetHCLKFreq
 .text.HAL_RCC_GetPCLK1Freq
                0x08004020       0x28 ./Drivers/STM32F1xx_HAL_Driver/stm32f1xx_hal_rcc.o
                0x08004020                HAL_RCC_GetPCLK1Freq
 .text.HAL_RCC_GetPCLK2Freq
                0x08004048       0x28 ./Drivers/STM32F1xx_HAL_Driver/stm32f1xx_hal_rcc.o
                0x08004048                HAL_RCC_GetPCLK2Freq
 .text.HAL_RCC_GetClockConfig
                0x08004070       0x60 ./Drivers/STM32F1xx_HAL_Driver/stm32f1xx_hal_rcc.o
                0x08004070                HAL_RCC_GetClockConfig
 .text.RCC_Delay
                0x080040d0       0x3c ./Drivers/STM32F1xx_HAL_Driver/stm32f1xx_hal_rcc.o
 .text.HAL_RCCEx_PeriphCLKConfig
                0x0800410c      0x16c ./Drivers/STM32F1xx_HAL_Driver/stm32f1xx_hal_rcc_ex.o
                0x0800410c                HAL_RCCEx_PeriphCLKConfig
 .text.HAL_TIM_Base_Init
                0x08004278       0x9e ./Drivers/STM32F1xx_HAL_Driver/stm32f1xx_hal_tim.o
                0x08004278                HAL_TIM_Base_Init
 .text.HAL_TIM_Base_MspInit
                0x08004316       0x12 ./Drivers/STM32F1xx_HAL_Driver/stm32f1xx_hal_tim.o
                0x08004316                HAL_TIM_Base_MspInit
 .text.HAL_TIM_Base_Start_IT
                0x08004328       0xa4 ./Drivers/STM32F1xx_HAL_Driver/stm32f1xx_hal_tim.o
                0x08004328                HAL_TIM_Base_Start_IT
 .text.HAL_TIM_IRQHandler
                0x080043cc      0x1e0 ./Drivers/STM32F1xx_HAL_Driver/stm32f1xx_hal_tim.o
                0x080043cc                HAL_TIM_IRQHandler
 .text.HAL_TIM_OC_DelayElapsedCallback
                0x080045ac       0x12 ./Drivers/STM32F1xx_HAL_Driver/stm32f1xx_hal_tim.o
                0x080045ac                HAL_TIM_OC_DelayElapsedCallback
 .text.HAL_TIM_IC_CaptureCallback
                0x080045be       0x12 ./Drivers/STM32F1xx_HAL_Driver/stm32f1xx_hal_tim.o
                0x080045be                HAL_TIM_IC_CaptureCallback
 .text.HAL_TIM_PWM_PulseFinishedCallback
                0x080045d0       0x12 ./Drivers/STM32F1xx_HAL_Driver/stm32f1xx_hal_tim.o
                0x080045d0                HAL_TIM_PWM_PulseFinishedCallback
 .text.HAL_TIM_TriggerCallback
                0x080045e2       0x12 ./Drivers/STM32F1xx_HAL_Driver/stm32f1xx_hal_tim.o
                0x080045e2                HAL_TIM_TriggerCallback
 .text.TIM_Base_SetConfig
                0x080045f4       0xdc ./Drivers/STM32F1xx_HAL_Driver/stm32f1xx_hal_tim.o
                0x080045f4                TIM_Base_SetConfig
 .text.HAL_TIMEx_CommutCallback
                0x080046d0       0x12 ./Drivers/STM32F1xx_HAL_Driver/stm32f1xx_hal_tim_ex.o
                0x080046d0                HAL_TIMEx_CommutCallback
 .text.HAL_TIMEx_BreakCallback
                0x080046e2       0x12 ./Drivers/STM32F1xx_HAL_Driver/stm32f1xx_hal_tim_ex.o
                0x080046e2                HAL_TIMEx_BreakCallback
 .text.HAL_UART_Init
                0x080046f4       0xa0 ./Drivers/STM32F1xx_HAL_Driver/stm32f1xx_hal_uart.o
                0x080046f4                HAL_UART_Init
 .text.HAL_UART_Transmit
                0x08004794      0x116 ./Drivers/STM32F1xx_HAL_Driver/stm32f1xx_hal_uart.o
                0x08004794                HAL_UART_Transmit
 *fill*         0x080048aa        0x2 
 .text.HAL_UART_Transmit_DMA
                0x080048ac       0xe0 ./Drivers/STM32F1xx_HAL_Driver/stm32f1xx_hal_uart.o
                0x080048ac                HAL_UART_Transmit_DMA
 .text.HAL_UART_Receive_DMA
                0x0800498c       0x4a ./Drivers/STM32F1xx_HAL_Driver/stm32f1xx_hal_uart.o
                0x0800498c                HAL_UART_Receive_DMA
 .text.HAL_UART_TxHalfCpltCallback
                0x080049d6       0x12 ./Drivers/STM32F1xx_HAL_Driver/stm32f1xx_hal_uart.o
                0x080049d6                HAL_UART_TxHalfCpltCallback
 .text.HAL_UART_RxHalfCpltCallback
                0x080049e8       0x12 ./Drivers/STM32F1xx_HAL_Driver/stm32f1xx_hal_uart.o
                0x080049e8                HAL_UART_RxHalfCpltCallback
 .text.HAL_UART_ErrorCallback
                0x080049fa       0x12 ./Drivers/STM32F1xx_HAL_Driver/stm32f1xx_hal_uart.o
                0x080049fa                HAL_UART_ErrorCallback
 .text.HAL_UARTEx_RxEventCallback
                0x08004a0c       0x16 ./Drivers/STM32F1xx_HAL_Driver/stm32f1xx_hal_uart.o
                0x08004a0c                HAL_UARTEx_RxEventCallback
 .text.UART_DMATransmitCplt
                0x08004a22       0x9a ./Drivers/STM32F1xx_HAL_Driver/stm32f1xx_hal_uart.o
 .text.UART_DMATxHalfCplt
                0x08004abc       0x1c ./Drivers/STM32F1xx_HAL_Driver/stm32f1xx_hal_uart.o
 .text.UART_DMAReceiveCplt
                0x08004ad8      0x12c ./Drivers/STM32F1xx_HAL_Driver/stm32f1xx_hal_uart.o
 .text.UART_DMARxHalfCplt
                0x08004c04       0x3c ./Drivers/STM32F1xx_HAL_Driver/stm32f1xx_hal_uart.o
 .text.UART_DMAError
                0x08004c40       0x94 ./Drivers/STM32F1xx_HAL_Driver/stm32f1xx_hal_uart.o
 .text.UART_WaitOnFlagUntilTimeout
                0x08004cd4       0xb2 ./Drivers/STM32F1xx_HAL_Driver/stm32f1xx_hal_uart.o
 *fill*         0x08004d86        0x2 
 .text.UART_Start_Receive_DMA
                0x08004d88      0x134 ./Drivers/STM32F1xx_HAL_Driver/stm32f1xx_hal_uart.o
                0x08004d88                UART_Start_Receive_DMA
 .text.UART_EndTxTransfer
                0x08004ebc       0x4e ./Drivers/STM32F1xx_HAL_Driver/stm32f1xx_hal_uart.o
 .text.UART_EndRxTransfer
                0x08004f0a       0xc4 ./Drivers/STM32F1xx_HAL_Driver/stm32f1xx_hal_uart.o
 *fill*         0x08004fce        0x2 
 .text.UART_SetConfig
                0x08004fd0      0x11c ./Drivers/STM32F1xx_HAL_Driver/stm32f1xx_hal_uart.o
 .text.USB_CoreInit
                0x080050ec       0x1a ./Drivers/STM32F1xx_HAL_Driver/stm32f1xx_ll_usb.o
                0x080050ec                USB_CoreInit
 .text.USB_EnableGlobalInt
                0x08005106       0x2c ./Drivers/STM32F1xx_HAL_Driver/stm32f1xx_ll_usb.o
                0x08005106                USB_EnableGlobalInt
 .text.USB_DisableGlobalInt
                0x08005132       0x34 ./Drivers/STM32F1xx_HAL_Driver/stm32f1xx_ll_usb.o
                0x08005132                USB_DisableGlobalInt
 .text.USB_SetCurrentMode
                0x08005166       0x18 ./Drivers/STM32F1xx_HAL_Driver/stm32f1xx_ll_usb.o
                0x08005166                USB_SetCurrentMode
 .text.USB_DevInit
                0x0800517e       0x3a ./Drivers/STM32F1xx_HAL_Driver/stm32f1xx_ll_usb.o
                0x0800517e                USB_DevInit
 .text.USB_ActivateEndpoint
                0x080051b8      0x780 ./Drivers/STM32F1xx_HAL_Driver/stm32f1xx_ll_usb.o
                0x080051b8                USB_ActivateEndpoint
 .text.USB_DeactivateEndpoint
                0x08005938      0x3d8 ./Drivers/STM32F1xx_HAL_Driver/stm32f1xx_ll_usb.o
                0x08005938                USB_DeactivateEndpoint
 .text.USB_EPStartXfer
                0x08005d10     0x1762 ./Drivers/STM32F1xx_HAL_Driver/stm32f1xx_ll_usb.o
                0x08005d10                USB_EPStartXfer
 .text.USB_EPSetStall
                0x08007472       0xa0 ./Drivers/STM32F1xx_HAL_Driver/stm32f1xx_ll_usb.o
                0x08007472                USB_EPSetStall
 .text.USB_EPClearStall
                0x08007512      0x15a ./Drivers/STM32F1xx_HAL_Driver/stm32f1xx_ll_usb.o
                0x08007512                USB_EPClearStall
 .text.USB_SetDevAddress
                0x0800766c       0x26 ./Drivers/STM32F1xx_HAL_Driver/stm32f1xx_ll_usb.o
                0x0800766c                USB_SetDevAddress
 .text.USB_DevConnect
                0x08007692       0x14 ./Drivers/STM32F1xx_HAL_Driver/stm32f1xx_ll_usb.o
                0x08007692                USB_DevConnect
 .text.USB_DevDisconnect
                0x080076a6       0x14 ./Drivers/STM32F1xx_HAL_Driver/stm32f1xx_ll_usb.o
                0x080076a6                USB_DevDisconnect
 .text.USB_ReadInterrupts
                0x080076ba       0x1e ./Drivers/STM32F1xx_HAL_Driver/stm32f1xx_ll_usb.o
                0x080076ba                USB_ReadInterrupts
 .text.USB_EP0_OutStart
                0x080076d8       0x16 ./Drivers/STM32F1xx_HAL_Driver/stm32f1xx_ll_usb.o
                0x080076d8                USB_EP0_OutStart
 .text.USB_WritePMA
                0x080076ee       0x8a ./Drivers/STM32F1xx_HAL_Driver/stm32f1xx_ll_usb.o
                0x080076ee                USB_WritePMA
 .text.USB_ReadPMA
                0x08007778       0x9e ./Drivers/STM32F1xx_HAL_Driver/stm32f1xx_ll_usb.o
                0x08007778                USB_ReadPMA
 *fill*         0x08007816        0x2 
 .text.__NVIC_SetPriority
                0x08007818       0x54 ./Middlewares/FreeRTOS/cmsis_os2.o
 .text.SysTick_Handler
                0x0800786c       0x20 ./Middlewares/FreeRTOS/cmsis_os2.o
                0x0800786c                SysTick_Handler
 .text.SVC_Setup
                0x0800788c       0x12 ./Middlewares/FreeRTOS/cmsis_os2.o
 *fill*         0x0800789e        0x2 
 .text.osKernelInitialize
                0x080078a0       0x44 ./Middlewares/FreeRTOS/cmsis_os2.o
                0x080078a0                osKernelInitialize
 .text.osKernelStart
                0x080078e4       0x4c ./Middlewares/FreeRTOS/cmsis_os2.o
                0x080078e4                osKernelStart
 .text.OS_Tick_GetCount
                0x08007930       0x24 ./Middlewares/FreeRTOS/cmsis_os2.o
 .text.OS_Tick_GetOverflow
                0x08007954       0x1c ./Middlewares/FreeRTOS/cmsis_os2.o
 .text.OS_Tick_GetInterval
                0x08007970       0x18 ./Middlewares/FreeRTOS/cmsis_os2.o
 .text.osKernelGetSysTimerCount
                0x08007988       0x72 ./Middlewares/FreeRTOS/cmsis_os2.o
                0x08007988                osKernelGetSysTimerCount
 *fill*         0x080079fa        0x2 
 .text.osKernelGetSysTimerFreq
                0x080079fc       0x14 ./Middlewares/FreeRTOS/cmsis_os2.o
                0x080079fc                osKernelGetSysTimerFreq
 .text.osThreadNew
                0x08007a10      0x124 ./Middlewares/FreeRTOS/cmsis_os2.o
                0x08007a10                osThreadNew
 .text.osDelay  0x08007b34       0x36 ./Middlewares/FreeRTOS/cmsis_os2.o
                0x08007b34                osDelay
 .text.osEventFlagsNew
                0x08007b6a       0x7e ./Middlewares/FreeRTOS/cmsis_os2.o
                0x08007b6a                osEventFlagsNew
 .text.osEventFlagsSet
                0x08007be8       0x84 ./Middlewares/FreeRTOS/cmsis_os2.o
                0x08007be8                osEventFlagsSet
 .text.osEventFlagsWait
                0x08007c6c       0xca ./Middlewares/FreeRTOS/cmsis_os2.o
                0x08007c6c                osEventFlagsWait
 .text.osMessageQueueNew
                0x08007d36       0xe6 ./Middlewares/FreeRTOS/cmsis_os2.o
                0x08007d36                osMessageQueueNew
 .text.osMessageQueuePut
                0x08007e1c       0xc0 ./Middlewares/FreeRTOS/cmsis_os2.o
                0x08007e1c                osMessageQueuePut
 .text.osMessageQueueGet
                0x08007edc       0xbc ./Middlewares/FreeRTOS/cmsis_os2.o
                0x08007edc                osMessageQueueGet
 .text.osMessageQueueGetCount
                0x08007f98       0x40 ./Middlewares/FreeRTOS/cmsis_os2.o
                0x08007f98                osMessageQueueGetCount
 .text.vApplicationGetIdleTaskMemory
                0x08007fd8       0x30 ./Middlewares/FreeRTOS/cmsis_os2.o
                0x08007fd8                vApplicationGetIdleTaskMemory
 .text.vApplicationGetTimerTaskMemory
                0x08008008       0x34 ./Middlewares/FreeRTOS/cmsis_os2.o
                0x08008008                vApplicationGetTimerTaskMemory
 .text.xEventGroupCreateStatic
                0x0800803c       0x72 ./Middlewares/FreeRTOS/event_groups.o
                0x0800803c                xEventGroupCreateStatic
 .text.xEventGroupCreate
                0x080080ae       0x34 ./Middlewares/FreeRTOS/event_groups.o
                0x080080ae                xEventGroupCreate
 *fill*         0x080080e2        0x2 
 .text.xEventGroupWaitBits
                0x080080e4      0x1a4 ./Middlewares/FreeRTOS/event_groups.o
                0x080080e4                xEventGroupWaitBits
 .text.xEventGroupSetBits
                0x08008288      0x118 ./Middlewares/FreeRTOS/event_groups.o
                0x08008288                xEventGroupSetBits
 .text.vEventGroupSetBitsCallback
                0x080083a0       0x1a ./Middlewares/FreeRTOS/event_groups.o
                0x080083a0                vEventGroupSetBitsCallback
 .text.prvTestWaitCondition
                0x080083ba       0x42 ./Middlewares/FreeRTOS/event_groups.o
 .text.xEventGroupSetBitsFromISR
                0x080083fc       0x28 ./Middlewares/FreeRTOS/event_groups.o
                0x080083fc                xEventGroupSetBitsFromISR
 .text.pvPortMalloc
                0x08008424      0x19c ./Middlewares/FreeRTOS/heap_4.o
                0x08008424                pvPortMalloc
 .text.vPortFree
                0x080085c0       0xc8 ./Middlewares/FreeRTOS/heap_4.o
                0x080085c0                vPortFree
 .text.prvHeapInit
                0x08008688       0xc4 ./Middlewares/FreeRTOS/heap_4.o
 .text.prvInsertBlockIntoFreeList
                0x0800874c       0xb0 ./Middlewares/FreeRTOS/heap_4.o
 .text.vListInitialise
                0x080087fc       0x3e ./Middlewares/FreeRTOS/list.o
                0x080087fc                vListInitialise
 .text.vListInitialiseItem
                0x0800883a       0x18 ./Middlewares/FreeRTOS/list.o
                0x0800883a                vListInitialiseItem
 .text.vListInsertEnd
                0x08008852       0x46 ./Middlewares/FreeRTOS/list.o
                0x08008852                vListInsertEnd
 .text.vListInsert
                0x08008898       0x70 ./Middlewares/FreeRTOS/list.o
                0x08008898                vListInsert
 .text.uxListRemove
                0x08008908       0x52 ./Middlewares/FreeRTOS/list.o
                0x08008908                uxListRemove
 *fill*         0x0800895a        0x2 
 .text.pxPortInitialiseStack
                0x0800895c       0x58 ./Middlewares/FreeRTOS/port.o
                0x0800895c                pxPortInitialiseStack
 .text.prvTaskExitError
                0x080089b4       0x58 ./Middlewares/FreeRTOS/port.o
 *fill*         0x08008a0c        0x4 
 .text.SVC_Handler
                0x08008a10       0x28 ./Middlewares/FreeRTOS/port.o
                0x08008a10                SVC_Handler
 .text.prvPortStartFirstTask
                0x08008a38       0x20 ./Middlewares/FreeRTOS/port.o
 .text.xPortStartScheduler
                0x08008a58       0xe4 ./Middlewares/FreeRTOS/port.o
                0x08008a58                xPortStartScheduler
 .text.vPortEnterCritical
                0x08008b3c       0x60 ./Middlewares/FreeRTOS/port.o
                0x08008b3c                vPortEnterCritical
 .text.vPortExitCritical
                0x08008b9c       0x54 ./Middlewares/FreeRTOS/port.o
                0x08008b9c                vPortExitCritical
 .text.PendSV_Handler
                0x08008bf0       0x48 ./Middlewares/FreeRTOS/port.o
                0x08008bf0                PendSV_Handler
 .text.xPortSysTickHandler
                0x08008c38       0x44 ./Middlewares/FreeRTOS/port.o
                0x08008c38                xPortSysTickHandler
 .text.vPortSetupTimerInterrupt
                0x08008c7c       0x44 ./Middlewares/FreeRTOS/port.o
                0x08008c7c                vPortSetupTimerInterrupt
 .text.vPortValidateInterruptPriority
                0x08008cc0       0x80 ./Middlewares/FreeRTOS/port.o
                0x08008cc0                vPortValidateInterruptPriority
 .text.xQueueGenericReset
                0x08008d40       0xd4 ./Middlewares/FreeRTOS/queue.o
                0x08008d40                xQueueGenericReset
 .text.xQueueGenericCreateStatic
                0x08008e14       0xfa ./Middlewares/FreeRTOS/queue.o
                0x08008e14                xQueueGenericCreateStatic
 .text.xQueueGenericCreate
                0x08008f0e       0x76 ./Middlewares/FreeRTOS/queue.o
                0x08008f0e                xQueueGenericCreate
 .text.prvInitialiseNewQueue
                0x08008f84       0x46 ./Middlewares/FreeRTOS/queue.o
 *fill*         0x08008fca        0x2 
 .text.xQueueGenericSend
                0x08008fcc      0x204 ./Middlewares/FreeRTOS/queue.o
                0x08008fcc                xQueueGenericSend
 .text.xQueueGenericSendFromISR
                0x080091d0      0x13c ./Middlewares/FreeRTOS/queue.o
                0x080091d0                xQueueGenericSendFromISR
 .text.xQueueReceive
                0x0800930c      0x1c4 ./Middlewares/FreeRTOS/queue.o
                0x0800930c                xQueueReceive
 .text.xQueueReceiveFromISR
                0x080094d0      0x104 ./Middlewares/FreeRTOS/queue.o
                0x080094d0                xQueueReceiveFromISR
 .text.uxQueueMessagesWaiting
                0x080095d4       0x3e ./Middlewares/FreeRTOS/queue.o
                0x080095d4                uxQueueMessagesWaiting
 .text.uxQueueMessagesWaitingFromISR
                0x08009612       0x3c ./Middlewares/FreeRTOS/queue.o
                0x08009612                uxQueueMessagesWaitingFromISR
 .text.prvCopyDataToQueue
                0x0800964e       0xd4 ./Middlewares/FreeRTOS/queue.o
 .text.prvCopyDataFromQueue
                0x08009722       0x4c ./Middlewares/FreeRTOS/queue.o
 .text.prvUnlockQueue
                0x0800976e       0xa4 ./Middlewares/FreeRTOS/queue.o
 .text.prvIsQueueEmpty
                0x08009812       0x2c ./Middlewares/FreeRTOS/queue.o
 .text.prvIsQueueFull
                0x0800983e       0x30 ./Middlewares/FreeRTOS/queue.o
 *fill*         0x0800986e        0x2 
 .text.vQueueAddToRegistry
                0x08009870       0x50 ./Middlewares/FreeRTOS/queue.o
                0x08009870                vQueueAddToRegistry
 .text.vQueueWaitForMessageRestricted
                0x080098c0       0x68 ./Middlewares/FreeRTOS/queue.o
                0x080098c0                vQueueWaitForMessageRestricted
 .text.xTaskCreateStatic
                0x08009928       0xc0 ./Middlewares/FreeRTOS/tasks.o
                0x08009928                xTaskCreateStatic
 .text.xTaskCreate
                0x080099e8       0x8a ./Middlewares/FreeRTOS/tasks.o
                0x080099e8                xTaskCreate
 *fill*         0x08009a72        0x2 
 .text.prvInitialiseNewTask
                0x08009a74      0x150 ./Middlewares/FreeRTOS/tasks.o
 .text.prvAddNewTaskToReadyList
                0x08009bc4       0xe0 ./Middlewares/FreeRTOS/tasks.o
 .text.vTaskDelay
                0x08009ca4       0x6c ./Middlewares/FreeRTOS/tasks.o
                0x08009ca4                vTaskDelay
 .text.vTaskStartScheduler
                0x08009d10       0xe0 ./Middlewares/FreeRTOS/tasks.o
                0x08009d10                vTaskStartScheduler
 .text.vTaskSuspendAll
                0x08009df0       0x1c ./Middlewares/FreeRTOS/tasks.o
                0x08009df0                vTaskSuspendAll
 .text.xTaskResumeAll
                0x08009e0c      0x13c ./Middlewares/FreeRTOS/tasks.o
                0x08009e0c                xTaskResumeAll
 .text.xTaskGetTickCount
                0x08009f48       0x1c ./Middlewares/FreeRTOS/tasks.o
                0x08009f48                xTaskGetTickCount
 .text.xTaskIncrementTick
                0x08009f64      0x174 ./Middlewares/FreeRTOS/tasks.o
                0x08009f64                xTaskIncrementTick
 .text.vTaskSwitchContext
                0x0800a0d8       0xc8 ./Middlewares/FreeRTOS/tasks.o
                0x0800a0d8                vTaskSwitchContext
 .text.vTaskPlaceOnEventList
                0x0800a1a0       0x4c ./Middlewares/FreeRTOS/tasks.o
                0x0800a1a0                vTaskPlaceOnEventList
 .text.vTaskPlaceOnUnorderedEventList
                0x0800a1ec       0x7c ./Middlewares/FreeRTOS/tasks.o
                0x0800a1ec                vTaskPlaceOnUnorderedEventList
 .text.vTaskPlaceOnEventListRestricted
                0x0800a268       0x58 ./Middlewares/FreeRTOS/tasks.o
                0x0800a268                vTaskPlaceOnEventListRestricted
 .text.xTaskRemoveFromEventList
                0x0800a2c0       0xc8 ./Middlewares/FreeRTOS/tasks.o
                0x0800a2c0                xTaskRemoveFromEventList
 .text.vTaskRemoveFromUnorderedEventList
                0x0800a388       0xc8 ./Middlewares/FreeRTOS/tasks.o
                0x0800a388                vTaskRemoveFromUnorderedEventList
 .text.vTaskInternalSetTimeOutState
                0x0800a450       0x2c ./Middlewares/FreeRTOS/tasks.o
                0x0800a450                vTaskInternalSetTimeOutState
 .text.xTaskCheckForTimeOut
                0x0800a47c       0xc8 ./Middlewares/FreeRTOS/tasks.o
                0x0800a47c                xTaskCheckForTimeOut
 .text.vTaskMissedYield
                0x0800a544       0x18 ./Middlewares/FreeRTOS/tasks.o
                0x0800a544                vTaskMissedYield
 .text.prvIdleTask
                0x0800a55c       0x30 ./Middlewares/FreeRTOS/tasks.o
 .text.prvInitialiseTaskLists
                0x0800a58c       0x80 ./Middlewares/FreeRTOS/tasks.o
 .text.prvCheckTasksWaitingTermination
                0x0800a60c       0x5c ./Middlewares/FreeRTOS/tasks.o
 .text.prvDeleteTCB
                0x0800a668       0x6a ./Middlewares/FreeRTOS/tasks.o
 *fill*         0x0800a6d2        0x2 
 .text.prvResetNextTaskUnblockTime
                0x0800a6d4       0x40 ./Middlewares/FreeRTOS/tasks.o
 .text.xTaskGetSchedulerState
                0x0800a714       0x3c ./Middlewares/FreeRTOS/tasks.o
                0x0800a714                xTaskGetSchedulerState
 .text.xTaskPriorityDisinherit
                0x0800a750       0xe0 ./Middlewares/FreeRTOS/tasks.o
                0x0800a750                xTaskPriorityDisinherit
 .text.uxTaskResetEventItemValue
                0x0800a830       0x30 ./Middlewares/FreeRTOS/tasks.o
                0x0800a830                uxTaskResetEventItemValue
 .text.prvAddCurrentTaskToDelayedList
                0x0800a860       0xa8 ./Middlewares/FreeRTOS/tasks.o
 .text.xTimerCreateTimerTask
                0x0800a908       0x94 ./Middlewares/FreeRTOS/timers.o
                0x0800a908                xTimerCreateTimerTask
 .text.xTimerGenericCommand
                0x0800a99c       0x9c ./Middlewares/FreeRTOS/timers.o
                0x0800a99c                xTimerGenericCommand
 .text.prvProcessExpiredTimer
                0x0800aa38       0x9c ./Middlewares/FreeRTOS/timers.o
 .text.prvTimerTask
                0x0800aad4       0x26 ./Middlewares/FreeRTOS/timers.o
 *fill*         0x0800aafa        0x2 
 .text.prvProcessTimerOrBlockTask
                0x0800aafc       0x9c ./Middlewares/FreeRTOS/timers.o
 .text.prvGetNextExpireTime
                0x0800ab98       0x44 ./Middlewares/FreeRTOS/timers.o
 .text.prvSampleTimeNow
                0x0800abdc       0x40 ./Middlewares/FreeRTOS/timers.o
 .text.prvInsertTimerInActiveList
                0x0800ac1c       0x84 ./Middlewares/FreeRTOS/timers.o
 .text.prvProcessReceivedCommands
                0x0800aca0      0x1cc ./Middlewares/FreeRTOS/timers.o
 .text.prvSwitchTimerLists
                0x0800ae6c       0xcc ./Middlewares/FreeRTOS/timers.o
 .text.prvCheckForValidListAndQueue
                0x0800af38       0x80 ./Middlewares/FreeRTOS/timers.o
 .text.xTimerPendFunctionCallFromISR
                0x0800afb8       0x40 ./Middlewares/FreeRTOS/timers.o
                0x0800afb8                xTimerPendFunctionCallFromISR
 .text.USBD_CDC_Init
                0x0800aff8       0xf4 ./Middlewares/USB_Device_Library/usbd_cdc.o
 .text.USBD_CDC_DeInit
                0x0800b0ec       0x6e ./Middlewares/USB_Device_Library/usbd_cdc.o
 .text.USBD_CDC_Setup
                0x0800b15a      0x146 ./Middlewares/USB_Device_Library/usbd_cdc.o
 .text.USBD_CDC_DataIn
                0x0800b2a0       0xa6 ./Middlewares/USB_Device_Library/usbd_cdc.o
 .text.USBD_CDC_DataOut
                0x0800b346       0x56 ./Middlewares/USB_Device_Library/usbd_cdc.o
 .text.USBD_CDC_EP0_RxReady
                0x0800b39c       0x4e ./Middlewares/USB_Device_Library/usbd_cdc.o
 *fill*         0x0800b3ea        0x2 
 .text.USBD_CDC_GetFSCfgDesc
                0x0800b3ec       0x20 ./Middlewares/USB_Device_Library/usbd_cdc.o
 .text.USBD_CDC_GetHSCfgDesc
                0x0800b40c       0x20 ./Middlewares/USB_Device_Library/usbd_cdc.o
 .text.USBD_CDC_GetOtherSpeedCfgDesc
                0x0800b42c       0x20 ./Middlewares/USB_Device_Library/usbd_cdc.o
 .text.USBD_CDC_GetDeviceQualifierDescriptor
                0x0800b44c       0x20 ./Middlewares/USB_Device_Library/usbd_cdc.o
                0x0800b44c                USBD_CDC_GetDeviceQualifierDescriptor
 .text.USBD_CDC_RegisterInterface
                0x0800b46c       0x2c ./Middlewares/USB_Device_Library/usbd_cdc.o
                0x0800b46c                USBD_CDC_RegisterInterface
 .text.USBD_CDC_SetTxBuffer
                0x0800b498       0x32 ./Middlewares/USB_Device_Library/usbd_cdc.o
                0x0800b498                USBD_CDC_SetTxBuffer
 .text.USBD_CDC_SetRxBuffer
                0x0800b4ca       0x26 ./Middlewares/USB_Device_Library/usbd_cdc.o
                0x0800b4ca                USBD_CDC_SetRxBuffer
 .text.USBD_CDC_ReceivePacket
                0x0800b4f0       0x54 ./Middlewares/USB_Device_Library/usbd_cdc.o
                0x0800b4f0                USBD_CDC_ReceivePacket
 .text.USBD_Init
                0x0800b544       0x56 ./Middlewares/USB_Device_Library/usbd_core.o
                0x0800b544                USBD_Init
 .text.USBD_RegisterClass
                0x0800b59a       0x32 ./Middlewares/USB_Device_Library/usbd_core.o
                0x0800b59a                USBD_RegisterClass
 .text.USBD_Start
                0x0800b5cc       0x18 ./Middlewares/USB_Device_Library/usbd_core.o
                0x0800b5cc                USBD_Start
 .text.USBD_RunTestMode
                0x0800b5e4       0x14 ./Middlewares/USB_Device_Library/usbd_core.o
                0x0800b5e4                USBD_RunTestMode
 .text.USBD_SetClassConfig
                0x0800b5f8       0x3e ./Middlewares/USB_Device_Library/usbd_core.o
                0x0800b5f8                USBD_SetClassConfig
 .text.USBD_ClrClassConfig
                0x0800b636       0x26 ./Middlewares/USB_Device_Library/usbd_core.o
                0x0800b636                USBD_ClrClassConfig
 .text.USBD_LL_SetupStage
                0x0800b65c       0x9a ./Middlewares/USB_Device_Library/usbd_core.o
                0x0800b65c                USBD_LL_SetupStage
 .text.USBD_LL_DataOutStage
                0x0800b6f6       0xe2 ./Middlewares/USB_Device_Library/usbd_core.o
                0x0800b6f6                USBD_LL_DataOutStage
 .text.USBD_LL_DataInStage
                0x0800b7d8      0x14a ./Middlewares/USB_Device_Library/usbd_core.o
                0x0800b7d8                USBD_LL_DataInStage
 .text.USBD_LL_Reset
                0x0800b922       0x82 ./Middlewares/USB_Device_Library/usbd_core.o
                0x0800b922                USBD_LL_Reset
 .text.USBD_LL_SetSpeed
                0x0800b9a4       0x1e ./Middlewares/USB_Device_Library/usbd_core.o
                0x0800b9a4                USBD_LL_SetSpeed
 .text.USBD_LL_Suspend
                0x0800b9c2       0x28 ./Middlewares/USB_Device_Library/usbd_core.o
                0x0800b9c2                USBD_LL_Suspend
 .text.USBD_LL_Resume
                0x0800b9ea       0x2a ./Middlewares/USB_Device_Library/usbd_core.o
                0x0800b9ea                USBD_LL_Resume
 .text.USBD_LL_SOF
                0x0800ba14       0x34 ./Middlewares/USB_Device_Library/usbd_core.o
                0x0800ba14                USBD_LL_SOF
 .text.USBD_StdDevReq
                0x0800ba48       0xd4 ./Middlewares/USB_Device_Library/usbd_ctlreq.o
                0x0800ba48                USBD_StdDevReq
 .text.USBD_StdItfReq
                0x0800bb1c       0x90 ./Middlewares/USB_Device_Library/usbd_ctlreq.o
                0x0800bb1c                USBD_StdItfReq
 .text.USBD_StdEPReq
                0x0800bbac      0x2c6 ./Middlewares/USB_Device_Library/usbd_ctlreq.o
                0x0800bbac                USBD_StdEPReq
 *fill*         0x0800be72        0x2 
 .text.USBD_GetDescriptor
                0x0800be74      0x2d0 ./Middlewares/USB_Device_Library/usbd_ctlreq.o
 .text.USBD_SetAddress
                0x0800c144       0x86 ./Middlewares/USB_Device_Library/usbd_ctlreq.o
 *fill*         0x0800c1ca        0x2 
 .text.USBD_SetConfig
                0x0800c1cc      0x11c ./Middlewares/USB_Device_Library/usbd_ctlreq.o
 .text.USBD_GetConfig
                0x0800c2e8       0x6a ./Middlewares/USB_Device_Library/usbd_ctlreq.o
 .text.USBD_GetStatus
                0x0800c352       0x66 ./Middlewares/USB_Device_Library/usbd_ctlreq.o
 .text.USBD_SetFeature
                0x0800c3b8       0x28 ./Middlewares/USB_Device_Library/usbd_ctlreq.o
 .text.USBD_ClrFeature
                0x0800c3e0       0x42 ./Middlewares/USB_Device_Library/usbd_ctlreq.o
 .text.USBD_ParseSetupRequest
                0x0800c422       0x72 ./Middlewares/USB_Device_Library/usbd_ctlreq.o
                0x0800c422                USBD_ParseSetupRequest
 .text.USBD_CtlError
                0x0800c494       0x22 ./Middlewares/USB_Device_Library/usbd_ctlreq.o
                0x0800c494                USBD_CtlError
 .text.USBD_GetString
                0x0800c4b6       0x84 ./Middlewares/USB_Device_Library/usbd_ctlreq.o
                0x0800c4b6                USBD_GetString
 .text.USBD_GetLen
                0x0800c53a       0x2e ./Middlewares/USB_Device_Library/usbd_ctlreq.o
 .text.USBD_CtlSendData
                0x0800c568       0x38 ./Middlewares/USB_Device_Library/usbd_ioreq.o
                0x0800c568                USBD_CtlSendData
 .text.USBD_CtlContinueSendData
                0x0800c5a0       0x24 ./Middlewares/USB_Device_Library/usbd_ioreq.o
                0x0800c5a0                USBD_CtlContinueSendData
 .text.USBD_CtlPrepareRx
                0x0800c5c4       0x3c ./Middlewares/USB_Device_Library/usbd_ioreq.o
                0x0800c5c4                USBD_CtlPrepareRx
 .text.USBD_CtlContinueRx
                0x0800c600       0x24 ./Middlewares/USB_Device_Library/usbd_ioreq.o
                0x0800c600                USBD_CtlContinueRx
 .text.USBD_CtlSendStatus
                0x0800c624       0x26 ./Middlewares/USB_Device_Library/usbd_ioreq.o
                0x0800c624                USBD_CtlSendStatus
 .text.USBD_CtlReceiveStatus
                0x0800c64a       0x26 ./Middlewares/USB_Device_Library/usbd_ioreq.o
                0x0800c64a                USBD_CtlReceiveStatus
 .text.MX_USB_DEVICE_Init
                0x0800c670       0x60 ./USB_DEVICE/App/usb_device.o
                0x0800c670                MX_USB_DEVICE_Init
 .text.CDC_Init_FS
                0x0800c6d0       0x28 ./USB_DEVICE/App/usbd_cdc_if.o
 .text.CDC_DeInit_FS
                0x0800c6f8        0xe ./USB_DEVICE/App/usbd_cdc_if.o
 *fill*         0x0800c706        0x2 
 .text.CDC_Control_FS
                0x0800c708       0xbc ./USB_DEVICE/App/usbd_cdc_if.o
 .text.CDC_Receive_FS
                0x0800c7c4       0x28 ./USB_DEVICE/App/usbd_cdc_if.o
 .text.USBD_FS_DeviceDescriptor
                0x0800c7ec       0x24 ./USB_DEVICE/App/usbd_desc.o
                0x0800c7ec                USBD_FS_DeviceDescriptor
 .text.USBD_FS_LangIDStrDescriptor
                0x0800c810       0x24 ./USB_DEVICE/App/usbd_desc.o
                0x0800c810                USBD_FS_LangIDStrDescriptor
 .text.USBD_FS_ProductStrDescriptor
                0x0800c834       0x3c ./USB_DEVICE/App/usbd_desc.o
                0x0800c834                USBD_FS_ProductStrDescriptor
 .text.USBD_FS_ManufacturerStrDescriptor
                0x0800c870       0x28 ./USB_DEVICE/App/usbd_desc.o
                0x0800c870                USBD_FS_ManufacturerStrDescriptor
 .text.USBD_FS_SerialStrDescriptor
                0x0800c898       0x24 ./USB_DEVICE/App/usbd_desc.o
                0x0800c898                USBD_FS_SerialStrDescriptor
 .text.USBD_FS_ConfigStrDescriptor
                0x0800c8bc       0x3c ./USB_DEVICE/App/usbd_desc.o
                0x0800c8bc                USBD_FS_ConfigStrDescriptor
 .text.USBD_FS_InterfaceStrDescriptor
                0x0800c8f8       0x3c ./USB_DEVICE/App/usbd_desc.o
                0x0800c8f8                USBD_FS_InterfaceStrDescriptor
 .text.Get_SerialNum
                0x0800c934       0x58 ./USB_DEVICE/App/usbd_desc.o
 .text.IntToUnicode
                0x0800c98c       0x7c ./USB_DEVICE/App/usbd_desc.o
 .text.HAL_PCD_MspInit
                0x0800ca08       0x4c ./USB_DEVICE/Target/usbd_conf.o
                0x0800ca08                HAL_PCD_MspInit
 .text.HAL_PCD_SetupStageCallback
                0x0800ca54       0x24 ./USB_DEVICE/Target/usbd_conf.o
                0x0800ca54                HAL_PCD_SetupStageCallback
 .text.HAL_PCD_DataOutStageCallback
                0x0800ca78       0x36 ./USB_DEVICE/Target/usbd_conf.o
                0x0800ca78                HAL_PCD_DataOutStageCallback
 .text.HAL_PCD_DataInStageCallback
                0x0800caae       0x34 ./USB_DEVICE/Target/usbd_conf.o
                0x0800caae                HAL_PCD_DataInStageCallback
 .text.HAL_PCD_SOFCallback
                0x0800cae2       0x1c ./USB_DEVICE/Target/usbd_conf.o
                0x0800cae2                HAL_PCD_SOFCallback
 .text.HAL_PCD_ResetCallback
                0x0800cafe       0x3c ./USB_DEVICE/Target/usbd_conf.o
                0x0800cafe                HAL_PCD_ResetCallback
 *fill*         0x0800cb3a        0x2 
 .text.HAL_PCD_SuspendCallback
                0x0800cb3c       0x34 ./USB_DEVICE/Target/usbd_conf.o
                0x0800cb3c                HAL_PCD_SuspendCallback
 .text.HAL_PCD_ResumeCallback
                0x0800cb70       0x1c ./USB_DEVICE/Target/usbd_conf.o
                0x0800cb70                HAL_PCD_ResumeCallback
 .text.USBD_LL_Init
                0x0800cb8c       0xb4 ./USB_DEVICE/Target/usbd_conf.o
                0x0800cb8c                USBD_LL_Init
 .text.USBD_LL_Start
                0x0800cc40       0x36 ./USB_DEVICE/Target/usbd_conf.o
                0x0800cc40                USBD_LL_Start
 .text.USBD_LL_OpenEP
                0x0800cc76       0x4c ./USB_DEVICE/Target/usbd_conf.o
                0x0800cc76                USBD_LL_OpenEP
 .text.USBD_LL_CloseEP
                0x0800ccc2       0x3e ./USB_DEVICE/Target/usbd_conf.o
                0x0800ccc2                USBD_LL_CloseEP
 .text.USBD_LL_StallEP
                0x0800cd00       0x3e ./USB_DEVICE/Target/usbd_conf.o
                0x0800cd00                USBD_LL_StallEP
 .text.USBD_LL_ClearStallEP
                0x0800cd3e       0x3e ./USB_DEVICE/Target/usbd_conf.o
                0x0800cd3e                USBD_LL_ClearStallEP
 .text.USBD_LL_IsStallEP
                0x0800cd7c       0x56 ./USB_DEVICE/Target/usbd_conf.o
                0x0800cd7c                USBD_LL_IsStallEP
 .text.USBD_LL_SetUSBAddress
                0x0800cdd2       0x3e ./USB_DEVICE/Target/usbd_conf.o
                0x0800cdd2                USBD_LL_SetUSBAddress
 .text.USBD_LL_Transmit
                0x0800ce10       0x46 ./USB_DEVICE/Target/usbd_conf.o
                0x0800ce10                USBD_LL_Transmit
 .text.USBD_LL_PrepareReceive
                0x0800ce56       0x46 ./USB_DEVICE/Target/usbd_conf.o
                0x0800ce56                USBD_LL_PrepareReceive
 .text.USBD_LL_GetRxDataSize
                0x0800ce9c       0x26 ./USB_DEVICE/Target/usbd_conf.o
                0x0800ce9c                USBD_LL_GetRxDataSize
 *fill*         0x0800cec2        0x2 
 .text.USBD_static_malloc
                0x0800cec4       0x18 ./USB_DEVICE/Target/usbd_conf.o
                0x0800cec4                USBD_static_malloc
 .text.USBD_static_free
                0x0800cedc       0x12 ./USB_DEVICE/Target/usbd_conf.o
                0x0800cedc                USBD_static_free
 .text.HAL_PCDEx_SetConnectionState
                0x0800ceee       0x16 ./USB_DEVICE/Target/usbd_conf.o
                0x0800ceee                HAL_PCDEx_SetConnectionState
 .text.USBD_Get_USB_Status
                0x0800cf04       0x58 ./USB_DEVICE/Target/usbd_conf.o
 .text._send_message_to_console
                0x0800cf5c       0x2c ./user_api/api.o
 .text.print_to_console
                0x0800cf88       0x3c ./user_api/api.o
                0x0800cf88                print_to_console
 .text.delay_us
                0x0800cfc4       0x78 ./user_api/api.o
                0x0800cfc4                delay_us
 .text.HAL_UART_RxCpltCallback
                0x0800d03c       0x34 ./user_callbacks/callback.o
                0x0800d03c                HAL_UART_RxCpltCallback
 .text.HAL_UART_TxCpltCallback
                0x0800d070       0x44 ./user_callbacks/callback.o
                0x0800d070                HAL_UART_TxCpltCallback
 .text.set_cb_periph_event_id
                0x0800d0b4       0x1c ./user_callbacks/callback.o
                0x0800d0b4                set_cb_periph_event_id
 .text.gpio_set
                0x0800d0d0       0x68 ./user_drivers/gpio_interface/gpio_io.o
                0x0800d0d0                gpio_set
 .text.gpio_get
                0x0800d138       0x50 ./user_drivers/gpio_interface/gpio_io.o
                0x0800d138                gpio_get
 .text.link_periph_interface
                0x0800d188       0x54 ./user_drivers/link_interface/link_interface.o
                0x0800d188                link_periph_interface
 .text.link_gpio_interface
                0x0800d1dc       0x22 ./user_drivers/link_interface/link_interface.o
                0x0800d1dc                link_gpio_interface
 *fill*         0x0800d1fe        0x2 
 .text.get_hard_uart_interface_handle
                0x0800d200       0x34 ./user_drivers/link_interface/link_interface.o
                0x0800d200                get_hard_uart_interface_handle
 .text.uart_write_dma
                0x0800d234       0x62 ./user_drivers/periph_interface/periph_io.o
                0x0800d234                uart_write_dma
 .text.uart_read_dma
                0x0800d296       0x62 ./user_drivers/periph_interface/periph_io.o
                0x0800d296                uart_read_dma
 .text.user_uart_tx_dma
                0x0800d2f8       0x2c ./user_drivers/user_hw_abstraction_layer.o
                0x0800d2f8                user_uart_tx_dma
 .text.user_uart_rx_dma
                0x0800d324       0x2c ./user_drivers/user_hw_abstraction_layer.o
                0x0800d324                user_uart_rx_dma
 .text.user_wait_event_flags
                0x0800d350       0x40 ./user_drivers/user_hw_abstraction_layer.o
                0x0800d350                user_wait_event_flags
 .text.init_periph_events
                0x0800d390       0x2c ./user_events/events.o
                0x0800d390                init_periph_events
 .text.get_periph_event_id
                0x0800d3bc       0x14 ./user_events/events.o
                0x0800d3bc                get_periph_event_id
 .text.print_msg_queue_init
                0x0800d3d0       0x28 ./user_messages/messages.o
                0x0800d3d0                print_msg_queue_init
 .text.get_print_msg_queue_id
                0x0800d3f8       0x14 ./user_messages/messages.o
                0x0800d3f8                get_print_msg_queue_id
 .text.button_thread_init
                0x0800d40c       0x24 ./user_threads/button_thread.o
                0x0800d40c                button_thread_init
 .text.button_thread
                0x0800d430       0x50 ./user_threads/button_thread.o
                0x0800d430                button_thread
 .text.print_msg_thread_init
                0x0800d480       0x30 ./user_threads/print_msg_thread.o
                0x0800d480                print_msg_thread_init
 .text.print_msg_thread
                0x0800d4b0       0x74 ./user_threads/print_msg_thread.o
                0x0800d4b0                print_msg_thread
 .text.sprintf  0x0800d524       0x40 C:/ST/STM32CubeIDE_1.16.0/STM32CubeIDE/plugins/com.st.stm32cube.ide.mcu.externaltools.gnu-tools-for-stm32.12.3.rel1.win32_1.0.200.202406191623/tools/bin/../lib/gcc/arm-none-eabi/12.3.1/../../../../arm-none-eabi/lib/thumb/v7-m/nofp\libc_nano.a(libc_a-sprintf.o)
                0x0800d524                siprintf
                0x0800d524                sprintf
 .text.memset   0x0800d564       0x10 C:/ST/STM32CubeIDE_1.16.0/STM32CubeIDE/plugins/com.st.stm32cube.ide.mcu.externaltools.gnu-tools-for-stm32.12.3.rel1.win32_1.0.200.202406191623/tools/bin/../lib/gcc/arm-none-eabi/12.3.1/../../../../arm-none-eabi/lib/thumb/v7-m/nofp\libc_nano.a(libc_a-memset.o)
                0x0800d564                memset
 .text._reclaim_reent
                0x0800d574       0xac C:/ST/STM32CubeIDE_1.16.0/STM32CubeIDE/plugins/com.st.stm32cube.ide.mcu.externaltools.gnu-tools-for-stm32.12.3.rel1.win32_1.0.200.202406191623/tools/bin/../lib/gcc/arm-none-eabi/12.3.1/../../../../arm-none-eabi/lib/thumb/v7-m/nofp\libc_nano.a(libc_a-reent.o)
                0x0800d574                _reclaim_reent
 .text.__errno  0x0800d620        0xc C:/ST/STM32CubeIDE_1.16.0/STM32CubeIDE/plugins/com.st.stm32cube.ide.mcu.externaltools.gnu-tools-for-stm32.12.3.rel1.win32_1.0.200.202406191623/tools/bin/../lib/gcc/arm-none-eabi/12.3.1/../../../../arm-none-eabi/lib/thumb/v7-m/nofp\libc_nano.a(libc_a-errno.o)
                0x0800d620                __errno
 .text.__libc_init_array
                0x0800d62c       0x48 C:/ST/STM32CubeIDE_1.16.0/STM32CubeIDE/plugins/com.st.stm32cube.ide.mcu.externaltools.gnu-tools-for-stm32.12.3.rel1.win32_1.0.200.202406191623/tools/bin/../lib/gcc/arm-none-eabi/12.3.1/../../../../arm-none-eabi/lib/thumb/v7-m/nofp\libc_nano.a(libc_a-init.o)
                0x0800d62c                __libc_init_array
 .text.__retarget_lock_acquire_recursive
                0x0800d674        0x2 C:/ST/STM32CubeIDE_1.16.0/STM32CubeIDE/plugins/com.st.stm32cube.ide.mcu.externaltools.gnu-tools-for-stm32.12.3.rel1.win32_1.0.200.202406191623/tools/bin/../lib/gcc/arm-none-eabi/12.3.1/../../../../arm-none-eabi/lib/thumb/v7-m/nofp\libc_nano.a(libc_a-lock.o)
                0x0800d674                __retarget_lock_acquire_recursive
 .text.__retarget_lock_release_recursive
                0x0800d676        0x2 C:/ST/STM32CubeIDE_1.16.0/STM32CubeIDE/plugins/com.st.stm32cube.ide.mcu.externaltools.gnu-tools-for-stm32.12.3.rel1.win32_1.0.200.202406191623/tools/bin/../lib/gcc/arm-none-eabi/12.3.1/../../../../arm-none-eabi/lib/thumb/v7-m/nofp\libc_nano.a(libc_a-lock.o)
                0x0800d676                __retarget_lock_release_recursive
 .text.memcpy   0x0800d678       0x1c C:/ST/STM32CubeIDE_1.16.0/STM32CubeIDE/plugins/com.st.stm32cube.ide.mcu.externaltools.gnu-tools-for-stm32.12.3.rel1.win32_1.0.200.202406191623/tools/bin/../lib/gcc/arm-none-eabi/12.3.1/../../../../arm-none-eabi/lib/thumb/v7-m/nofp\libc_nano.a(libc_a-memcpy-stub.o)
                0x0800d678                memcpy
 .text._free_r  0x0800d694       0x90 C:/ST/STM32CubeIDE_1.16.0/STM32CubeIDE/plugins/com.st.stm32cube.ide.mcu.externaltools.gnu-tools-for-stm32.12.3.rel1.win32_1.0.200.202406191623/tools/bin/../lib/gcc/arm-none-eabi/12.3.1/../../../../arm-none-eabi/lib/thumb/v7-m/nofp\libc_nano.a(libc_a-freer.o)
                0x0800d694                _free_r
 .text.sbrk_aligned
                0x0800d724       0x44 C:/ST/STM32CubeIDE_1.16.0/STM32CubeIDE/plugins/com.st.stm32cube.ide.mcu.externaltools.gnu-tools-for-stm32.12.3.rel1.win32_1.0.200.202406191623/tools/bin/../lib/gcc/arm-none-eabi/12.3.1/../../../../arm-none-eabi/lib/thumb/v7-m/nofp\libc_nano.a(libc_a-mallocr.o)
 .text._malloc_r
                0x0800d768      0x100 C:/ST/STM32CubeIDE_1.16.0/STM32CubeIDE/plugins/com.st.stm32cube.ide.mcu.externaltools.gnu-tools-for-stm32.12.3.rel1.win32_1.0.200.202406191623/tools/bin/../lib/gcc/arm-none-eabi/12.3.1/../../../../arm-none-eabi/lib/thumb/v7-m/nofp\libc_nano.a(libc_a-mallocr.o)
                0x0800d768                _malloc_r
 .text.__malloc_lock
                0x0800d868        0xc C:/ST/STM32CubeIDE_1.16.0/STM32CubeIDE/plugins/com.st.stm32cube.ide.mcu.externaltools.gnu-tools-for-stm32.12.3.rel1.win32_1.0.200.202406191623/tools/bin/../lib/gcc/arm-none-eabi/12.3.1/../../../../arm-none-eabi/lib/thumb/v7-m/nofp\libc_nano.a(libc_a-mlock.o)
                0x0800d868                __malloc_lock
 .text.__malloc_unlock
                0x0800d874        0xc C:/ST/STM32CubeIDE_1.16.0/STM32CubeIDE/plugins/com.st.stm32cube.ide.mcu.externaltools.gnu-tools-for-stm32.12.3.rel1.win32_1.0.200.202406191623/tools/bin/../lib/gcc/arm-none-eabi/12.3.1/../../../../arm-none-eabi/lib/thumb/v7-m/nofp\libc_nano.a(libc_a-mlock.o)
                0x0800d874                __malloc_unlock
 .text.__ssputs_r
                0x0800d880       0xb6 C:/ST/STM32CubeIDE_1.16.0/STM32CubeIDE/plugins/com.st.stm32cube.ide.mcu.externaltools.gnu-tools-for-stm32.12.3.rel1.win32_1.0.200.202406191623/tools/bin/../lib/gcc/arm-none-eabi/12.3.1/../../../../arm-none-eabi/lib/thumb/v7-m/nofp\libc_nano.a(libc_a-nano-svfprintf.o)
                0x0800d880                __ssputs_r
 *fill*         0x0800d936        0x2 
 .text._svfprintf_r
                0x0800d938      0x1f8 C:/ST/STM32CubeIDE_1.16.0/STM32CubeIDE/plugins/com.st.stm32cube.ide.mcu.externaltools.gnu-tools-for-stm32.12.3.rel1.win32_1.0.200.202406191623/tools/bin/../lib/gcc/arm-none-eabi/12.3.1/../../../../arm-none-eabi/lib/thumb/v7-m/nofp\libc_nano.a(libc_a-nano-svfprintf.o)
                0x0800d938                _svfiprintf_r
                0x0800d938                _svfprintf_r
 .text._printf_common
                0x0800db30       0xe4 C:/ST/STM32CubeIDE_1.16.0/STM32CubeIDE/plugins/com.st.stm32cube.ide.mcu.externaltools.gnu-tools-for-stm32.12.3.rel1.win32_1.0.200.202406191623/tools/bin/../lib/gcc/arm-none-eabi/12.3.1/../../../../arm-none-eabi/lib/thumb/v7-m/nofp\libc_nano.a(libc_a-nano-vfprintf_i.o)
                0x0800db30                _printf_common
 .text._printf_i
                0x0800dc14      0x240 C:/ST/STM32CubeIDE_1.16.0/STM32CubeIDE/plugins/com.st.stm32cube.ide.mcu.externaltools.gnu-tools-for-stm32.12.3.rel1.win32_1.0.200.202406191623/tools/bin/../lib/gcc/arm-none-eabi/12.3.1/../../../../arm-none-eabi/lib/thumb/v7-m/nofp\libc_nano.a(libc_a-nano-vfprintf_i.o)
                0x0800dc14                _printf_i
 .text.memmove  0x0800de54       0x34 C:/ST/STM32CubeIDE_1.16.0/STM32CubeIDE/plugins/com.st.stm32cube.ide.mcu.externaltools.gnu-tools-for-stm32.12.3.rel1.win32_1.0.200.202406191623/tools/bin/../lib/gcc/arm-none-eabi/12.3.1/../../../../arm-none-eabi/lib/thumb/v7-m/nofp\libc_nano.a(libc_a-memmove.o)
                0x0800de54                memmove
 .text._sbrk_r  0x0800de88       0x20 C:/ST/STM32CubeIDE_1.16.0/STM32CubeIDE/plugins/com.st.stm32cube.ide.mcu.externaltools.gnu-tools-for-stm32.12.3.rel1.win32_1.0.200.202406191623/tools/bin/../lib/gcc/arm-none-eabi/12.3.1/../../../../arm-none-eabi/lib/thumb/v7-m/nofp\libc_nano.a(libc_a-sbrkr.o)
                0x0800de88                _sbrk_r
 .text.memchr   0x0800dea8       0x1c C:/ST/STM32CubeIDE_1.16.0/STM32CubeIDE/plugins/com.st.stm32cube.ide.mcu.externaltools.gnu-tools-for-stm32.12.3.rel1.win32_1.0.200.202406191623/tools/bin/../lib/gcc/arm-none-eabi/12.3.1/../../../../arm-none-eabi/lib/thumb/v7-m/nofp\libc_nano.a(libc_a-memchr-stub.o)
                0x0800dea8                memchr
 .text._realloc_r
                0x0800dec4       0x5c C:/ST/STM32CubeIDE_1.16.0/STM32CubeIDE/plugins/com.st.stm32cube.ide.mcu.externaltools.gnu-tools-for-stm32.12.3.rel1.win32_1.0.200.202406191623/tools/bin/../lib/gcc/arm-none-eabi/12.3.1/../../../../arm-none-eabi/lib/thumb/v7-m/nofp\libc_nano.a(libc_a-reallocr.o)
                0x0800dec4                _realloc_r
 .text._malloc_usable_size_r
                0x0800df20       0x10 C:/ST/STM32CubeIDE_1.16.0/STM32CubeIDE/plugins/com.st.stm32cube.ide.mcu.externaltools.gnu-tools-for-stm32.12.3.rel1.win32_1.0.200.202406191623/tools/bin/../lib/gcc/arm-none-eabi/12.3.1/../../../../arm-none-eabi/lib/thumb/v7-m/nofp\libc_nano.a(libc_a-msizer.o)
                0x0800df20                _malloc_usable_size_r
 *(.glue_7)
 .glue_7        0x0800df30        0x0 linker stubs
 *(.glue_7t)
 .glue_7t       0x0800df30        0x0 linker stubs
 *(.eh_frame)
 .eh_frame      0x0800df30        0x0 C:/ST/STM32CubeIDE_1.16.0/STM32CubeIDE/plugins/com.st.stm32cube.ide.mcu.externaltools.gnu-tools-for-stm32.12.3.rel1.win32_1.0.200.202406191623/tools/bin/../lib/gcc/arm-none-eabi/12.3.1/thumb/v7-m/nofp/crtbegin.o
 *(.init)
 .init          0x0800df30        0x4 C:/ST/STM32CubeIDE_1.16.0/STM32CubeIDE/plugins/com.st.stm32cube.ide.mcu.externaltools.gnu-tools-for-stm32.12.3.rel1.win32_1.0.200.202406191623/tools/bin/../lib/gcc/arm-none-eabi/12.3.1/thumb/v7-m/nofp/crti.o
                0x0800df30                _init
 .init          0x0800df34        0x8 C:/ST/STM32CubeIDE_1.16.0/STM32CubeIDE/plugins/com.st.stm32cube.ide.mcu.externaltools.gnu-tools-for-stm32.12.3.rel1.win32_1.0.200.202406191623/tools/bin/../lib/gcc/arm-none-eabi/12.3.1/thumb/v7-m/nofp/crtn.o
 *(.fini)
 .fini          0x0800df3c        0x4 C:/ST/STM32CubeIDE_1.16.0/STM32CubeIDE/plugins/com.st.stm32cube.ide.mcu.externaltools.gnu-tools-for-stm32.12.3.rel1.win32_1.0.200.202406191623/tools/bin/../lib/gcc/arm-none-eabi/12.3.1/thumb/v7-m/nofp/crti.o
                0x0800df3c                _fini
 .fini          0x0800df40        0x8 C:/ST/STM32CubeIDE_1.16.0/STM32CubeIDE/plugins/com.st.stm32cube.ide.mcu.externaltools.gnu-tools-for-stm32.12.3.rel1.win32_1.0.200.202406191623/tools/bin/../lib/gcc/arm-none-eabi/12.3.1/thumb/v7-m/nofp/crtn.o
                0x0800df48                        . = ALIGN (0x4)
                0x0800df48                        _etext = .

.vfp11_veneer   0x0800df48        0x0
 .vfp11_veneer  0x0800df48        0x0 linker stubs

.v4_bx          0x0800df48        0x0
 .v4_bx         0x0800df48        0x0 linker stubs

.iplt           0x0800df48        0x0
 .iplt          0x0800df48        0x0 C:/ST/STM32CubeIDE_1.16.0/STM32CubeIDE/plugins/com.st.stm32cube.ide.mcu.externaltools.gnu-tools-for-stm32.12.3.rel1.win32_1.0.200.202406191623/tools/bin/../lib/gcc/arm-none-eabi/12.3.1/thumb/v7-m/nofp/crtbegin.o

.rodata         0x0800df48      0x208
                0x0800df48                        . = ALIGN (0x4)
 *(.rodata)
 .rodata        0x0800df48       0x25 ./Core/Src/main.o
 *fill*         0x0800df6d        0x3 
 .rodata        0x0800df70        0x5 ./Middlewares/FreeRTOS/tasks.o
 *fill*         0x0800df75        0x3 
 .rodata        0x0800df78        0xd ./Middlewares/FreeRTOS/timers.o
 *fill*         0x0800df85        0x3 
 .rodata        0x0800df88       0x46 ./USB_DEVICE/App/usbd_desc.o
 *fill*         0x0800dfce        0x2 
 .rodata        0x0800dfd0        0x7 ./user_api/api.o
 *fill*         0x0800dfd7        0x1 
 .rodata        0x0800dfd8       0x5e ./user_threads/button_thread.o
 *fill*         0x0800e036        0x2 
 .rodata        0x0800e038       0x11 ./user_threads/print_msg_thread.o
 *(.rodata*)
 *fill*         0x0800e049        0x3 
 .rodata.defaultTask_attributes
                0x0800e04c       0x24 ./Core/Src/main.o
                0x0800e04c                defaultTask_attributes
 .rodata.AHBPrescTable
                0x0800e070       0x10 ./Core/Src/system_stm32f1xx.o
                0x0800e070                AHBPrescTable
 .rodata.APBPrescTable
                0x0800e080        0x8 ./Core/Src/system_stm32f1xx.o
                0x0800e080                APBPrescTable
 .rodata.aPLLMULFactorTable.1
                0x0800e088       0x10 ./Drivers/STM32F1xx_HAL_Driver/stm32f1xx_hal_rcc.o
 .rodata.aPredivFactorTable.0
                0x0800e098        0x2 ./Drivers/STM32F1xx_HAL_Driver/stm32f1xx_hal_rcc.o
 *fill*         0x0800e09a        0x2 
 .rodata._gpio_port_array
                0x0800e09c       0x1c ./user_drivers/gpio_interface/gpio_io.o
 .rodata._gpio_pin_array
                0x0800e0b8       0x1c ./user_drivers/gpio_interface/gpio_io.o
 .rodata._button_thread_attributes
                0x0800e0d4       0x24 ./user_threads/button_thread.o
 .rodata._print_msg_thread_attributes
                0x0800e0f8       0x24 ./user_threads/print_msg_thread.o
 .rodata._svfprintf_r.str1.1
                0x0800e11c       0x11 C:/ST/STM32CubeIDE_1.16.0/STM32CubeIDE/plugins/com.st.stm32cube.ide.mcu.externaltools.gnu-tools-for-stm32.12.3.rel1.win32_1.0.200.202406191623/tools/bin/../lib/gcc/arm-none-eabi/12.3.1/../../../../arm-none-eabi/lib/thumb/v7-m/nofp\libc_nano.a(libc_a-nano-svfprintf.o)
 .rodata._printf_i.str1.1
                0x0800e12d       0x22 C:/ST/STM32CubeIDE_1.16.0/STM32CubeIDE/plugins/com.st.stm32cube.ide.mcu.externaltools.gnu-tools-for-stm32.12.3.rel1.win32_1.0.200.202406191623/tools/bin/../lib/gcc/arm-none-eabi/12.3.1/../../../../arm-none-eabi/lib/thumb/v7-m/nofp\libc_nano.a(libc_a-nano-vfprintf_i.o)
                0x0800e150                        . = ALIGN (0x4)
 *fill*         0x0800e14f        0x1 

.ARM.extab      0x0800e150        0x0
                0x0800e150                        . = ALIGN (0x4)
 *(.ARM.extab* .gnu.linkonce.armextab.*)
                0x0800e150                        . = ALIGN (0x4)

.ARM            0x0800e150        0x8
                0x0800e150                        . = ALIGN (0x4)
                0x0800e150                        __exidx_start = .
 *(.ARM.exidx*)
 .ARM.exidx     0x0800e150        0x8 C:/ST/STM32CubeIDE_1.16.0/STM32CubeIDE/plugins/com.st.stm32cube.ide.mcu.externaltools.gnu-tools-for-stm32.12.3.rel1.win32_1.0.200.202406191623/tools/bin/../lib/gcc/arm-none-eabi/12.3.1/../../../../arm-none-eabi/lib/thumb/v7-m/nofp\libc_nano.a(libc_a-strlen.o)
 .ARM.exidx     0x0800e158        0x0 C:/ST/STM32CubeIDE_1.16.0/STM32CubeIDE/plugins/com.st.stm32cube.ide.mcu.externaltools.gnu-tools-for-stm32.12.3.rel1.win32_1.0.200.202406191623/tools/bin/../lib/gcc/arm-none-eabi/12.3.1/thumb/v7-m/nofp\libgcc.a(_udivmoddi4.o)
                                  0x8 (size before relaxing)
                0x0800e158                        __exidx_end = .
                0x0800e158                        . = ALIGN (0x4)

.preinit_array  0x0800e158        0x0
                0x0800e158                        . = ALIGN (0x4)
                0x0800e158                        PROVIDE (__preinit_array_start = .)
 *(.preinit_array*)
                0x0800e158                        PROVIDE (__preinit_array_end = .)
                0x0800e158                        . = ALIGN (0x4)

.init_array     0x0800e158        0x4
                0x0800e158                        . = ALIGN (0x4)
                0x0800e158                        PROVIDE (__init_array_start = .)
 *(SORT_BY_NAME(.init_array.*))
 *(.init_array*)
 .init_array    0x0800e158        0x4 C:/ST/STM32CubeIDE_1.16.0/STM32CubeIDE/plugins/com.st.stm32cube.ide.mcu.externaltools.gnu-tools-for-stm32.12.3.rel1.win32_1.0.200.202406191623/tools/bin/../lib/gcc/arm-none-eabi/12.3.1/thumb/v7-m/nofp/crtbegin.o
                0x0800e15c                        PROVIDE (__init_array_end = .)
                0x0800e15c                        . = ALIGN (0x4)

.fini_array     0x0800e15c        0x4
                0x0800e15c                        . = ALIGN (0x4)
                [!provide]                        PROVIDE (__fini_array_start = .)
 *(SORT_BY_NAME(.fini_array.*))
 *(.fini_array*)
 .fini_array    0x0800e15c        0x4 C:/ST/STM32CubeIDE_1.16.0/STM32CubeIDE/plugins/com.st.stm32cube.ide.mcu.externaltools.gnu-tools-for-stm32.12.3.rel1.win32_1.0.200.202406191623/tools/bin/../lib/gcc/arm-none-eabi/12.3.1/thumb/v7-m/nofp/crtbegin.o
                [!provide]                        PROVIDE (__fini_array_end = .)
                0x0800e160                        . = ALIGN (0x4)
                0x0800e160                        _sidata = LOADADDR (.data)

.rel.dyn        0x0800e160        0x0
 .rel.iplt      0x0800e160        0x0 C:/ST/STM32CubeIDE_1.16.0/STM32CubeIDE/plugins/com.st.stm32cube.ide.mcu.externaltools.gnu-tools-for-stm32.12.3.rel1.win32_1.0.200.202406191623/tools/bin/../lib/gcc/arm-none-eabi/12.3.1/thumb/v7-m/nofp/crtbegin.o

.data           0x20000000      0x1d0 load address 0x0800e160
                0x20000000                        . = ALIGN (0x4)
                0x20000000                        _sdata = .
 *(.data)
 *(.data*)
 .data.SystemCoreClock
                0x20000000        0x4 ./Core/Src/system_stm32f1xx.o
                0x20000000                SystemCoreClock
 .data.uwTickPrio
                0x20000004        0x4 ./Drivers/STM32F1xx_HAL_Driver/stm32f1xx_hal.o
                0x20000004                uwTickPrio
 .data.uwTickFreq
                0x20000008        0x1 ./Drivers/STM32F1xx_HAL_Driver/stm32f1xx_hal.o
                0x20000008                uwTickFreq
 *fill*         0x20000009        0x3 
 .data.uxCriticalNesting
                0x2000000c        0x4 ./Middlewares/FreeRTOS/port.o
 .data.USBD_CDC_DeviceQualifierDesc
                0x20000010        0xa ./Middlewares/USB_Device_Library/usbd_cdc.o
 *fill*         0x2000001a        0x2 
 .data.USBD_CDC
                0x2000001c       0x38 ./Middlewares/USB_Device_Library/usbd_cdc.o
                0x2000001c                USBD_CDC
 .data.USBD_CDC_CfgHSDesc
                0x20000054       0x43 ./Middlewares/USB_Device_Library/usbd_cdc.o
                0x20000054                USBD_CDC_CfgHSDesc
 *fill*         0x20000097        0x1 
 .data.USBD_CDC_CfgFSDesc
                0x20000098       0x43 ./Middlewares/USB_Device_Library/usbd_cdc.o
                0x20000098                USBD_CDC_CfgFSDesc
 *fill*         0x200000db        0x1 
 .data.USBD_CDC_OtherSpeedCfgDesc
                0x200000dc       0x43 ./Middlewares/USB_Device_Library/usbd_cdc.o
                0x200000dc                USBD_CDC_OtherSpeedCfgDesc
 *fill*         0x2000011f        0x1 
 .data.USBD_Interface_fops_FS
                0x20000120       0x10 ./USB_DEVICE/App/usbd_cdc_if.o
                0x20000120                USBD_Interface_fops_FS
 .data.FS_Desc  0x20000130       0x1c ./USB_DEVICE/App/usbd_desc.o
                0x20000130                FS_Desc
 .data.USBD_FS_DeviceDesc
                0x2000014c       0x12 ./USB_DEVICE/App/usbd_desc.o
                0x2000014c                USBD_FS_DeviceDesc
 *fill*         0x2000015e        0x2 
 .data.USBD_LangIDDesc
                0x20000160        0x4 ./USB_DEVICE/App/usbd_desc.o
                0x20000160                USBD_LangIDDesc
 .data.USBD_StringSerial
                0x20000164       0x1a ./USB_DEVICE/App/usbd_desc.o
                0x20000164                USBD_StringSerial
 *fill*         0x2000017e        0x2 
 .data._impure_ptr
                0x20000180        0x4 C:/ST/STM32CubeIDE_1.16.0/STM32CubeIDE/plugins/com.st.stm32cube.ide.mcu.externaltools.gnu-tools-for-stm32.12.3.rel1.win32_1.0.200.202406191623/tools/bin/../lib/gcc/arm-none-eabi/12.3.1/../../../../arm-none-eabi/lib/thumb/v7-m/nofp\libc_nano.a(libc_a-impure.o)
                0x20000180                _impure_ptr
 .data._impure_data
                0x20000184       0x4c C:/ST/STM32CubeIDE_1.16.0/STM32CubeIDE/plugins/com.st.stm32cube.ide.mcu.externaltools.gnu-tools-for-stm32.12.3.rel1.win32_1.0.200.202406191623/tools/bin/../lib/gcc/arm-none-eabi/12.3.1/../../../../arm-none-eabi/lib/thumb/v7-m/nofp\libc_nano.a(libc_a-impure.o)
                0x20000184                _impure_data
 *(.RamFunc)
 *(.RamFunc*)
                0x200001d0                        . = ALIGN (0x4)
                0x200001d0                        _edata = .

.igot.plt       0x200001d0        0x0 load address 0x0800e330
 .igot.plt      0x200001d0        0x0 C:/ST/STM32CubeIDE_1.16.0/STM32CubeIDE/plugins/com.st.stm32cube.ide.mcu.externaltools.gnu-tools-for-stm32.12.3.rel1.win32_1.0.200.202406191623/tools/bin/../lib/gcc/arm-none-eabi/12.3.1/thumb/v7-m/nofp/crtbegin.o
                0x200001d0                        . = ALIGN (0x4)

.bss            0x200001d0     0x42d0 load address 0x0800e330
                0x200001d0                        _sbss = .
                0x200001d0                        __bss_start__ = _sbss
 *(.bss)
 .bss           0x200001d0       0x1c C:/ST/STM32CubeIDE_1.16.0/STM32CubeIDE/plugins/com.st.stm32cube.ide.mcu.externaltools.gnu-tools-for-stm32.12.3.rel1.win32_1.0.200.202406191623/tools/bin/../lib/gcc/arm-none-eabi/12.3.1/thumb/v7-m/nofp/crtbegin.o
 *(.bss*)
 .bss.hcan      0x200001ec       0x28 ./Core/Src/main.o
                0x200001ec                hcan
 .bss.hi2c2     0x20000214       0x54 ./Core/Src/main.o
                0x20000214                hi2c2
 .bss.huart1    0x20000268       0x48 ./Core/Src/main.o
                0x20000268                huart1
 .bss.huart2    0x200002b0       0x48 ./Core/Src/main.o
                0x200002b0                huart2
 .bss.defaultTaskHandle
                0x200002f8        0x4 ./Core/Src/main.o
                0x200002f8                defaultTaskHandle
 .bss.hgpio     0x200002fc        0x8 ./Core/Src/main.o
                0x200002fc                hgpio
 .bss.htim1     0x20000304       0x48 ./Core/Src/stm32f1xx_hal_timebase_tim.o
                0x20000304                htim1
 .bss.__sbrk_heap_end
                0x2000034c        0x4 ./Core/Src/sysmem.o
 .bss.uwTick    0x20000350        0x4 ./Drivers/STM32F1xx_HAL_Driver/stm32f1xx_hal.o
                0x20000350                uwTick
 .bss.KernelState
                0x20000354        0x4 ./Middlewares/FreeRTOS/cmsis_os2.o
 .bss.Idle_TCB.3
                0x20000358       0xa8 ./Middlewares/FreeRTOS/cmsis_os2.o
 .bss.Idle_Stack.2
                0x20000400      0x200 ./Middlewares/FreeRTOS/cmsis_os2.o
 .bss.Timer_TCB.1
                0x20000600       0xa8 ./Middlewares/FreeRTOS/cmsis_os2.o
 .bss.Timer_Stack.0
                0x200006a8      0x400 ./Middlewares/FreeRTOS/cmsis_os2.o
 .bss.ucHeap    0x20000aa8     0x2000 ./Middlewares/FreeRTOS/heap_4.o
 .bss.xStart    0x20002aa8        0x8 ./Middlewares/FreeRTOS/heap_4.o
 .bss.pxEnd     0x20002ab0        0x4 ./Middlewares/FreeRTOS/heap_4.o
 .bss.xFreeBytesRemaining
                0x20002ab4        0x4 ./Middlewares/FreeRTOS/heap_4.o
 .bss.xMinimumEverFreeBytesRemaining
                0x20002ab8        0x4 ./Middlewares/FreeRTOS/heap_4.o
 .bss.xNumberOfSuccessfulAllocations
                0x20002abc        0x4 ./Middlewares/FreeRTOS/heap_4.o
 .bss.xNumberOfSuccessfulFrees
                0x20002ac0        0x4 ./Middlewares/FreeRTOS/heap_4.o
 .bss.xBlockAllocatedBit
                0x20002ac4        0x4 ./Middlewares/FreeRTOS/heap_4.o
 .bss.ucMaxSysCallPriority
                0x20002ac8        0x1 ./Middlewares/FreeRTOS/port.o
 *fill*         0x20002ac9        0x3 
 .bss.ulMaxPRIGROUPValue
                0x20002acc        0x4 ./Middlewares/FreeRTOS/port.o
 .bss.xQueueRegistry
                0x20002ad0       0x40 ./Middlewares/FreeRTOS/queue.o
                0x20002ad0                xQueueRegistry
 .bss.pxCurrentTCB
                0x20002b10        0x4 ./Middlewares/FreeRTOS/tasks.o
                0x20002b10                pxCurrentTCB
 .bss.pxReadyTasksLists
                0x20002b14      0x460 ./Middlewares/FreeRTOS/tasks.o
 .bss.xDelayedTaskList1
                0x20002f74       0x14 ./Middlewares/FreeRTOS/tasks.o
 .bss.xDelayedTaskList2
                0x20002f88       0x14 ./Middlewares/FreeRTOS/tasks.o
 .bss.pxDelayedTaskList
                0x20002f9c        0x4 ./Middlewares/FreeRTOS/tasks.o
 .bss.pxOverflowDelayedTaskList
                0x20002fa0        0x4 ./Middlewares/FreeRTOS/tasks.o
 .bss.xPendingReadyList
                0x20002fa4       0x14 ./Middlewares/FreeRTOS/tasks.o
 .bss.xTasksWaitingTermination
                0x20002fb8       0x14 ./Middlewares/FreeRTOS/tasks.o
 .bss.uxDeletedTasksWaitingCleanUp
                0x20002fcc        0x4 ./Middlewares/FreeRTOS/tasks.o
 .bss.xSuspendedTaskList
                0x20002fd0       0x14 ./Middlewares/FreeRTOS/tasks.o
 .bss.uxCurrentNumberOfTasks
                0x20002fe4        0x4 ./Middlewares/FreeRTOS/tasks.o
 .bss.xTickCount
                0x20002fe8        0x4 ./Middlewares/FreeRTOS/tasks.o
 .bss.uxTopReadyPriority
                0x20002fec        0x4 ./Middlewares/FreeRTOS/tasks.o
 .bss.xSchedulerRunning
                0x20002ff0        0x4 ./Middlewares/FreeRTOS/tasks.o
 .bss.xPendedTicks
                0x20002ff4        0x4 ./Middlewares/FreeRTOS/tasks.o
 .bss.xYieldPending
                0x20002ff8        0x4 ./Middlewares/FreeRTOS/tasks.o
 .bss.xNumOfOverflows
                0x20002ffc        0x4 ./Middlewares/FreeRTOS/tasks.o
 .bss.uxTaskNumber
                0x20003000        0x4 ./Middlewares/FreeRTOS/tasks.o
 .bss.xNextTaskUnblockTime
                0x20003004        0x4 ./Middlewares/FreeRTOS/tasks.o
 .bss.xIdleTaskHandle
                0x20003008        0x4 ./Middlewares/FreeRTOS/tasks.o
 .bss.uxSchedulerSuspended
                0x2000300c        0x4 ./Middlewares/FreeRTOS/tasks.o
 .bss.xActiveTimerList1
                0x20003010       0x14 ./Middlewares/FreeRTOS/timers.o
 .bss.xActiveTimerList2
                0x20003024       0x14 ./Middlewares/FreeRTOS/timers.o
 .bss.pxCurrentTimerList
                0x20003038        0x4 ./Middlewares/FreeRTOS/timers.o
 .bss.pxOverflowTimerList
                0x2000303c        0x4 ./Middlewares/FreeRTOS/timers.o
 .bss.xTimerQueue
                0x20003040        0x4 ./Middlewares/FreeRTOS/timers.o
 .bss.xTimerTaskHandle
                0x20003044        0x4 ./Middlewares/FreeRTOS/timers.o
 .bss.xLastTime.2
                0x20003048        0x4 ./Middlewares/FreeRTOS/timers.o
 .bss.ucStaticTimerQueueStorage.1
                0x2000304c       0xa0 ./Middlewares/FreeRTOS/timers.o
 .bss.xStaticTimerQueue.0
                0x200030ec       0x50 ./Middlewares/FreeRTOS/timers.o
 .bss.cfgidx.0  0x2000313c        0x1 ./Middlewares/USB_Device_Library/usbd_ctlreq.o
 *fill*         0x2000313d        0x3 
 .bss.hUsbDeviceFS
                0x20003140      0x2c4 ./USB_DEVICE/App/usb_device.o
                0x20003140                hUsbDeviceFS
 .bss.UserRxBufferFS
                0x20003404      0x400 ./USB_DEVICE/App/usbd_cdc_if.o
                0x20003404                UserRxBufferFS
 .bss.UserTxBufferFS
                0x20003804      0x400 ./USB_DEVICE/App/usbd_cdc_if.o
                0x20003804                UserTxBufferFS
 .bss.USBD_StrDesc
                0x20003c04      0x200 ./USB_DEVICE/App/usbd_desc.o
                0x20003c04                USBD_StrDesc
 .bss.hpcd_USB_FS
                0x20003e04      0x2d8 ./USB_DEVICE/Target/usbd_conf.o
                0x20003e04                hpcd_USB_FS
 .bss.mem.0     0x200040dc      0x220 ./USB_DEVICE/Target/usbd_conf.o
 .bss._periph_event_id
                0x200042fc        0x4 ./user_callbacks/callback.o
 .bss._hw_uart_interface_handle_array
                0x20004300       0x48 ./user_drivers/link_interface/link_interface.o
 .bss._periph_event_id
                0x20004348        0x4 ./user_events/events.o
 .bss._print_msg_queue_id
                0x2000434c        0x4 ./user_messages/messages.o
 .bss._button_thread_id
                0x20004350        0x4 ./user_threads/button_thread.o
 .bss._print_msg_thread_id
                0x20004354        0x4 ./user_threads/print_msg_thread.o
 .bss.__sf      0x20004358      0x138 C:/ST/STM32CubeIDE_1.16.0/STM32CubeIDE/plugins/com.st.stm32cube.ide.mcu.externaltools.gnu-tools-for-stm32.12.3.rel1.win32_1.0.200.202406191623/tools/bin/../lib/gcc/arm-none-eabi/12.3.1/../../../../arm-none-eabi/lib/thumb/v7-m/nofp\libc_nano.a(libc_a-findfp.o)
                0x20004358                __sf
 .bss.errno     0x20004490        0x4 C:/ST/STM32CubeIDE_1.16.0/STM32CubeIDE/plugins/com.st.stm32cube.ide.mcu.externaltools.gnu-tools-for-stm32.12.3.rel1.win32_1.0.200.202406191623/tools/bin/../lib/gcc/arm-none-eabi/12.3.1/../../../../arm-none-eabi/lib/thumb/v7-m/nofp\libc_nano.a(libc_a-reent.o)
                0x20004490                errno
 .bss.__lock___malloc_recursive_mutex
                0x20004494        0x1 C:/ST/STM32CubeIDE_1.16.0/STM32CubeIDE/plugins/com.st.stm32cube.ide.mcu.externaltools.gnu-tools-for-stm32.12.3.rel1.win32_1.0.200.202406191623/tools/bin/../lib/gcc/arm-none-eabi/12.3.1/../../../../arm-none-eabi/lib/thumb/v7-m/nofp\libc_nano.a(libc_a-lock.o)
                0x20004494                __lock___malloc_recursive_mutex
 *fill*         0x20004495        0x3 
 .bss.__malloc_sbrk_start
                0x20004498        0x4 C:/ST/STM32CubeIDE_1.16.0/STM32CubeIDE/plugins/com.st.stm32cube.ide.mcu.externaltools.gnu-tools-for-stm32.12.3.rel1.win32_1.0.200.202406191623/tools/bin/../lib/gcc/arm-none-eabi/12.3.1/../../../../arm-none-eabi/lib/thumb/v7-m/nofp\libc_nano.a(libc_a-mallocr.o)
                0x20004498                __malloc_sbrk_start
 .bss.__malloc_free_list
                0x2000449c        0x4 C:/ST/STM32CubeIDE_1.16.0/STM32CubeIDE/plugins/com.st.stm32cube.ide.mcu.externaltools.gnu-tools-for-stm32.12.3.rel1.win32_1.0.200.202406191623/tools/bin/../lib/gcc/arm-none-eabi/12.3.1/../../../../arm-none-eabi/lib/thumb/v7-m/nofp\libc_nano.a(libc_a-mallocr.o)
                0x2000449c                __malloc_free_list
 *(COMMON)
                0x200044a0                        . = ALIGN (0x4)
                0x200044a0                        _ebss = .
                0x200044a0                        __bss_end__ = _ebss

._user_heap_stack
                0x200044a0      0x600 load address 0x0800e330
                0x200044a0                        . = ALIGN (0x8)
                [!provide]                        PROVIDE (end = .)
                0x200044a0                        PROVIDE (_end = .)
                0x200046a0                        . = (. + _Min_Heap_Size)
 *fill*         0x200044a0      0x200 
                0x20004aa0                        . = (. + _Min_Stack_Size)
 *fill*         0x200046a0      0x400 
                0x20004aa0                        . = ALIGN (0x8)

/DISCARD/
 libc.a(*)
 libm.a(*)
 libgcc.a(*)

.ARM.attributes
                0x00000000       0x29
 *(.ARM.attributes)
 .ARM.attributes
                0x00000000       0x1d C:/ST/STM32CubeIDE_1.16.0/STM32CubeIDE/plugins/com.st.stm32cube.ide.mcu.externaltools.gnu-tools-for-stm32.12.3.rel1.win32_1.0.200.202406191623/tools/bin/../lib/gcc/arm-none-eabi/12.3.1/thumb/v7-m/nofp/crti.o
 .ARM.attributes
                0x0000001d       0x2d C:/ST/STM32CubeIDE_1.16.0/STM32CubeIDE/plugins/com.st.stm32cube.ide.mcu.externaltools.gnu-tools-for-stm32.12.3.rel1.win32_1.0.200.202406191623/tools/bin/../lib/gcc/arm-none-eabi/12.3.1/thumb/v7-m/nofp/crtbegin.o