../Core/Src/main.c:100:5:main	40	static
../Core/Src/main.c:219:6:SystemClock_Config	88	static
../Core/Src/main.c:267:13:MX_CAN_Init	8	static
../Core/Src/main.c:304:13:MX_I2C2_Init	8	static
../Core/Src/main.c:338:13:MX_USART1_UART_Init	8	static
../Core/Src/main.c:371:13:MX_USART2_UART_Init	8	static
../Core/Src/main.c:404:13:MX_USB_PCD_Init	8	static
../Core/Src/main.c:435:13:MX_GPIO_Init	40	static
../Core/Src/main.c:526:6:StartDefaultTask	24	static
../Core/Src/main.c:558:6:HAL_TIM_PeriodElapsedCallback	16	static
../Core/Src/main.c:575:6:Error_Handler	4	static,ignoring_inline_asm
