../Core/Src/main.c:95:5:main	40	static
../Core/Src/main.c:197:6:SystemClock_Config	88	static
../Core/Src/main.c:245:13:MX_CAN_Init	8	static
../Core/Src/main.c:282:13:MX_I2C2_Init	8	static
../Core/Src/main.c:316:13:MX_USART1_UART_Init	8	static
../Core/Src/main.c:349:13:MX_USART2_UART_Init	8	static
../Core/Src/main.c:382:13:MX_GPIO_Init	40	static
../Core/Src/main.c:473:6:StartDefaultTask	24	static
../Core/Src/main.c:507:6:HAL_TIM_PeriodElapsedCallback	16	static
../Core/Src/main.c:524:6:Error_Handler	4	static,ignoring_inline_asm
